ARM Linker, 5.02 [Build 28] [MDK-ARM Lite]

==============================================================================

Section Cross References

    main.o(i.main) refers to main_init.o(i.init_ALL) for init_ALL
    main.o(i.main) refers to programs.o(i.menu) for menu
    main.o(i.main) refers to programs.o(i.chaos) for chaos
    main.o(i.main) refers to programs.o(i.homologation) for homologation
    main.o(i.main) refers to programs.o(i.wall_detect) for wall_detect
    main.o(i.main) refers to programs.o(i.follow_line) for follow_line
    main.o(i.main) refers to motor.o(i.move_double) for move_double
    main.o(i.main) refers to pwm.o(i.blow_demo) for blow_demo
    main.o(i.main) refers to delay.o(i.Delay) for Delay
    main.o(i.main) refers to pwm.o(i.blow) for blow
    main.o(i.main) refers to programs.o(.data) for program
    system_stm32f4xx.o(i.SystemCoreClockUpdate) refers to system_stm32f4xx.o(.data) for .data
    system_stm32f4xx.o(i.SystemInit) refers to system_stm32f4xx.o(i.SetSysClock) for SetSysClock
    stm32f4xx_it.o(i.EXTI0_IRQHandler) refers to stm32f4xx_exti.o(i.EXTI_GetITStatus) for EXTI_GetITStatus
    stm32f4xx_it.o(i.EXTI0_IRQHandler) refers to stm32f4xx_gpio.o(i.GPIO_ReadInputDataBit) for GPIO_ReadInputDataBit
    stm32f4xx_it.o(i.EXTI0_IRQHandler) refers to stm32f4xx_gpio.o(i.GPIO_SetBits) for GPIO_SetBits
    stm32f4xx_it.o(i.EXTI0_IRQHandler) refers to stm32f4xx_gpio.o(i.GPIO_ResetBits) for GPIO_ResetBits
    stm32f4xx_it.o(i.EXTI0_IRQHandler) refers to stm32f4xx_exti.o(i.EXTI_ClearITPendingBit) for EXTI_ClearITPendingBit
    stm32f4xx_it.o(i.EXTI0_IRQHandler) refers to stm32f4xx_it.o(.data) for .data
    stm32f4xx_it.o(i.EXTI0_IRQHandler) refers to motor.o(.data) for block_left
    stm32f4xx_it.o(i.EXTI4_IRQHandler) refers to stm32f4xx_exti.o(i.EXTI_GetITStatus) for EXTI_GetITStatus
    stm32f4xx_it.o(i.EXTI4_IRQHandler) refers to stm32f4xx_gpio.o(i.GPIO_ReadInputDataBit) for GPIO_ReadInputDataBit
    stm32f4xx_it.o(i.EXTI4_IRQHandler) refers to stm32f4xx_gpio.o(i.GPIO_SetBits) for GPIO_SetBits
    stm32f4xx_it.o(i.EXTI4_IRQHandler) refers to stm32f4xx_gpio.o(i.GPIO_ResetBits) for GPIO_ResetBits
    stm32f4xx_it.o(i.EXTI4_IRQHandler) refers to stm32f4xx_exti.o(i.EXTI_ClearITPendingBit) for EXTI_ClearITPendingBit
    stm32f4xx_it.o(i.EXTI4_IRQHandler) refers to stm32f4xx_it.o(.data) for .data
    stm32f4xx_it.o(i.EXTI4_IRQHandler) refers to motor.o(.data) for block_right
    stm32f4xx_it.o(i.EXTI9_5_IRQHandler) refers to stm32f4xx_exti.o(i.EXTI_GetITStatus) for EXTI_GetITStatus
    stm32f4xx_it.o(i.EXTI9_5_IRQHandler) refers to stm32f4xx_gpio.o(i.GPIO_ReadInputDataBit) for GPIO_ReadInputDataBit
    stm32f4xx_it.o(i.EXTI9_5_IRQHandler) refers to orientation.o(i.send_ultrasound) for send_ultrasound
    stm32f4xx_it.o(i.EXTI9_5_IRQHandler) refers to stm32f4xx_exti.o(i.EXTI_ClearITPendingBit) for EXTI_ClearITPendingBit
    stm32f4xx_it.o(i.EXTI9_5_IRQHandler) refers to stm32f4xx_it.o(.data) for .data
    stm32f4xx_it.o(i.SysTick_Handler) refers to delay.o(i.TimingDelay_Decrement) for TimingDelay_Decrement
    stm32f4xx_it.o(i.SysTick_Handler) refers to orientation.o(i.read_ultrasound_check) for read_ultrasound_check
    stm32f4xx_it.o(i.SysTick_Handler) refers to orientation.o(i.read_ADC_check) for read_ADC_check
    stm32f4xx_it.o(i.SysTick_Handler) refers to delay.o(i.deadline_Decrement) for deadline_Decrement
    stm32f4xx_it.o(i.USART2_IRQHandler) refers to _scanf_int.o(.text) for _scanf_int
    stm32f4xx_it.o(i.USART2_IRQHandler) refers to stm32f4xx_usart.o(i.USART_GetITStatus) for USART_GetITStatus
    stm32f4xx_it.o(i.USART2_IRQHandler) refers to stm32f4_discovery.o(i.STM_EVAL_LEDOn) for STM_EVAL_LEDOn
    stm32f4xx_it.o(i.USART2_IRQHandler) refers to strcmp.o(.text) for strcmp
    stm32f4xx_it.o(i.USART2_IRQHandler) refers to usart.o(i.USART_puts) for USART_puts
    stm32f4xx_it.o(i.USART2_IRQHandler) refers to strtok.o(.text) for strtok
    stm32f4xx_it.o(i.USART2_IRQHandler) refers to __0sscanf.o(.text) for __0sscanf
    stm32f4xx_it.o(i.USART2_IRQHandler) refers to candle_position.o(i.candle_position) for candle_position
    stm32f4xx_it.o(i.USART2_IRQHandler) refers to stm32f4_discovery.o(i.STM_EVAL_LEDOff) for STM_EVAL_LEDOff
    stm32f4xx_it.o(i.USART2_IRQHandler) refers to stm32f4xx_it.o(.bss) for .bss
    stm32f4xx_it.o(i.USART2_IRQHandler) refers to stm32f4xx_it.o(.data) for .data
    stm32f4xx_it.o(i.USART2_IRQHandler) refers to candle_position.o(.data) for candle_saw
    stm32f4xx_it.o(i.USART3_IRQHandler) refers to stm32f4xx_usart.o(i.USART_GetITStatus) for USART_GetITStatus
    stm32f4xx_it.o(i.USART3_IRQHandler) refers to stm32f4xx_it.o(.bss) for .bss
    stm32f4xx_it.o(i.USART3_IRQHandler) refers to stm32f4xx_it.o(.data) for .data
    main_init.o(i.init_ADC) refers to stm32f4xx_rcc.o(i.RCC_AHB1PeriphClockCmd) for RCC_AHB1PeriphClockCmd
[...]
    Removing stm32f4xx_adc.o(i.ADC_GetITStatus), (30 bytes).
    Removing stm32f4xx_adc.o(i.ADC_GetInjectedConversionValue), (8 bytes).
    Removing stm32f4xx_adc.o(i.ADC_GetMultiModeConversionValue), (12 bytes).
    Removing stm32f4xx_adc.o(i.ADC_GetSoftwareStartConvStatus), (14 bytes).
    Removing stm32f4xx_adc.o(i.ADC_GetSoftwareStartInjectedConvCmdStatus), (14 bytes).
    Removing stm32f4xx_adc.o(i.ADC_ITConfig), (18 bytes).
    Removing stm32f4xx_adc.o(i.ADC_InjectedChannelConfig), (74 bytes).
    Removing stm32f4xx_adc.o(i.ADC_InjectedDiscModeCmd), (20 bytes).
    Removing stm32f4xx_adc.o(i.ADC_InjectedSequencerLengthConfig), (16 bytes).
    Removing stm32f4xx_adc.o(i.ADC_MultiModeDMARequestAfterLastTransferCmd), (32 bytes).
    Removing stm32f4xx_adc.o(i.ADC_SetInjectedOffset), (4 bytes).
    Removing stm32f4xx_adc.o(i.ADC_SoftwareStartInjectedConv), (10 bytes).
    Removing stm32f4xx_adc.o(i.ADC_StructInit), (20 bytes).
    Removing stm32f4xx_adc.o(i.ADC_TempSensorVrefintCmd), (32 bytes).
    Removing stm32f4xx_adc.o(i.ADC_VBATCmd), (32 bytes).
    Removing stm32f4xx_dma.o(.emb_text), (8 bytes).
    Removing stm32f4xx_dma.o(i.DMA_ClearFlag), (44 bytes).
    Removing stm32f4xx_dma.o(i.DMA_ClearITPendingBit), (44 bytes).
    Removing stm32f4xx_dma.o(i.DMA_DeInit), (292 bytes).
    Removing stm32f4xx_dma.o(i.DMA_DoubleBufferModeCmd), (20 bytes).
    Removing stm32f4xx_dma.o(i.DMA_DoubleBufferModeConfig), (22 bytes).
    Removing stm32f4xx_dma.o(i.DMA_FlowControllerConfig), (20 bytes).
    Removing stm32f4xx_dma.o(i.DMA_GetCmdStatus), (14 bytes).
    Removing stm32f4xx_dma.o(i.DMA_GetCurrDataCounter), (6 bytes).
    Removing stm32f4xx_dma.o(i.DMA_GetCurrentMemoryTarget), (14 bytes).
    Removing stm32f4xx_dma.o(i.DMA_GetFIFOStatus), (8 bytes).
    Removing stm32f4xx_dma.o(i.DMA_GetFlagStatus), (52 bytes).
    Removing stm32f4xx_dma.o(i.DMA_GetITStatus), (84 bytes).
    Removing stm32f4xx_dma.o(i.DMA_ITConfig), (44 bytes).
    Removing stm32f4xx_dma.o(i.DMA_MemoryTargetConfig), (10 bytes).
    Removing stm32f4xx_dma.o(i.DMA_PeriphIncOffsetSizeConfig), (20 bytes).
    Removing stm32f4xx_dma.o(i.DMA_SetCurrDataCounter), (4 bytes).
    Removing stm32f4xx_dma.o(i.DMA_StructInit), (34 bytes).
    Removing stm32f4xx_exti.o(.emb_text), (8 bytes).
    Removing stm32f4xx_exti.o(i.EXTI_ClearFlag), (12 bytes).
    Removing stm32f4xx_exti.o(i.EXTI_DeInit), (36 bytes).
    Removing stm32f4xx_exti.o(i.EXTI_GetFlagStatus), (20 bytes).
    Removing stm32f4xx_exti.o(i.EXTI_StructInit), (14 bytes).
    Removing stm32f4xx_gpio.o(.emb_text), (8 bytes).
    Removing stm32f4xx_gpio.o(i.GPIO_DeInit), (228 bytes).
    Removing stm32f4xx_gpio.o(i.GPIO_PinLockConfig), (16 bytes).
    Removing stm32f4xx_gpio.o(i.GPIO_ReadInputData), (6 bytes).
    Removing stm32f4xx_gpio.o(i.GPIO_ReadOutputData), (6 bytes).
    Removing stm32f4xx_gpio.o(i.GPIO_ReadOutputDataBit), (14 bytes).
    Removing stm32f4xx_gpio.o(i.GPIO_StructInit), (18 bytes).
    Removing stm32f4xx_gpio.o(i.GPIO_ToggleBits), (8 bytes).
    Removing stm32f4xx_gpio.o(i.GPIO_Write), (4 bytes).
    Removing stm32f4xx_gpio.o(i.GPIO_WriteBit), (10 bytes).
    Removing stm32f4xx_usart.o(.emb_text), (8 bytes).
    Removing stm32f4xx_usart.o(i.USART_ClearFlag), (6 bytes).
    Removing stm32f4xx_usart.o(i.USART_ClearITPendingBit), (12 bytes).
    Removing stm32f4xx_usart.o(i.USART_ClockInit), (28 bytes).
    Removing stm32f4xx_usart.o(i.USART_ClockStructInit), (12 bytes).
    Removing stm32f4xx_usart.o(i.USART_DMACmd), (16 bytes).
    Removing stm32f4xx_usart.o(i.USART_DeInit), (140 bytes).
    Removing stm32f4xx_usart.o(i.USART_GetFlagStatus), (14 bytes).
    Removing stm32f4xx_usart.o(i.USART_HalfDuplexCmd), (20 bytes).
    Removing stm32f4xx_usart.o(i.USART_IrDACmd), (20 bytes).
    Removing stm32f4xx_usart.o(i.USART_IrDAConfig), (16 bytes).
    Removing stm32f4xx_usart.o(i.USART_LINBreakDetectLengthConfig), (16 bytes).
    Removing stm32f4xx_usart.o(i.USART_LINCmd), (20 bytes).
    Removing stm32f4xx_usart.o(i.USART_OneBitMethodCmd), (20 bytes).
    Removing stm32f4xx_usart.o(i.USART_OverSampling8Cmd), (20 bytes).
    Removing stm32f4xx_usart.o(i.USART_ReceiveData), (8 bytes).
    Removing stm32f4xx_usart.o(i.USART_ReceiverWakeUpCmd), (20 bytes).
    Removing stm32f4xx_usart.o(i.USART_SendBreak), (10 bytes).
    Removing stm32f4xx_usart.o(i.USART_SetAddress), (16 bytes).
    Removing stm32f4xx_usart.o(i.USART_SetGuardTime), (16 bytes).
    Removing stm32f4xx_usart.o(i.USART_SetPrescaler), (16 bytes).
    Removing stm32f4xx_usart.o(i.USART_SmartCardCmd), (20 bytes).
    Removing stm32f4xx_usart.o(i.USART_SmartCardNACKCmd), (20 bytes).
    Removing stm32f4xx_usart.o(i.USART_StructInit), (22 bytes).
    Removing stm32f4xx_usart.o(i.USART_WakeUpConfig), (16 bytes).
    Removing stm32f4xx_rcc.o(.emb_text), (8 bytes).
    Removing stm32f4xx_rcc.o(i.RCC_AHB1PeriphClockLPModeCmd), (24 bytes).
    Removing stm32f4xx_rcc.o(i.RCC_AHB1PeriphResetCmd), (24 bytes).
    Removing stm32f4xx_rcc.o(i.RCC_AHB2PeriphClockCmd), (24 bytes).
    Removing stm32f4xx_rcc.o(i.RCC_AHB2PeriphClockLPModeCmd), (24 bytes).
    Removing stm32f4xx_rcc.o(i.RCC_AHB2PeriphResetCmd), (24 bytes).
    Removing stm32f4xx_rcc.o(i.RCC_AHB3PeriphClockCmd), (24 bytes).
    Removing stm32f4xx_rcc.o(i.RCC_AHB3PeriphClockLPModeCmd), (24 bytes).
    Removing stm32f4xx_rcc.o(i.RCC_AHB3PeriphResetCmd), (24 bytes).
    Removing stm32f4xx_rcc.o(i.RCC_APB1PeriphClockLPModeCmd), (24 bytes).
    Removing stm32f4xx_rcc.o(i.RCC_APB1PeriphResetCmd), (24 bytes).
    Removing stm32f4xx_rcc.o(i.RCC_APB2PeriphClockLPModeCmd), (24 bytes).
    Removing stm32f4xx_rcc.o(i.RCC_APB2PeriphResetCmd), (24 bytes).
    Removing stm32f4xx_rcc.o(i.RCC_AdjustHSICalibrationValue), (20 bytes).
    Removing stm32f4xx_rcc.o(i.RCC_BackupResetCmd), (12 bytes).
    Removing stm32f4xx_rcc.o(i.RCC_ClearFlag), (16 bytes).
    Removing stm32f4xx_rcc.o(i.RCC_ClearITPendingBit), (12 bytes).
    Removing stm32f4xx_rcc.o(i.RCC_ClockSecuritySystemCmd), (12 bytes).
    Removing stm32f4xx_rcc.o(i.RCC_DeInit), (60 bytes).
    Removing stm32f4xx_rcc.o(i.RCC_GetFlagStatus), (52 bytes).
    Removing stm32f4xx_rcc.o(i.RCC_GetITStatus), (20 bytes).
    Removing stm32f4xx_rcc.o(i.RCC_GetSYSCLKSource), (16 bytes).
    Removing stm32f4xx_rcc.o(i.RCC_HCLKConfig), (20 bytes).
    Removing stm32f4xx_rcc.o(i.RCC_HSEConfig), (16 bytes).
    Removing stm32f4xx_rcc.o(i.RCC_HSICmd), (12 bytes).
    Removing stm32f4xx_rcc.o(i.RCC_I2SCLKConfig), (12 bytes).
    Removing stm32f4xx_rcc.o(i.RCC_ITConfig), (24 bytes).
    Removing stm32f4xx_rcc.o(i.RCC_LSEConfig), (28 bytes).
    Removing stm32f4xx_rcc.o(i.RCC_LSICmd), (12 bytes).
    Removing stm32f4xx_rcc.o(i.RCC_MCO1Config), (20 bytes).
    Removing stm32f4xx_rcc.o(i.RCC_MCO2Config), (20 bytes).
    Removing stm32f4xx_rcc.o(i.RCC_PCLK1Config), (20 bytes).
    Removing stm32f4xx_rcc.o(i.RCC_PCLK2Config), (20 bytes).
    Removing stm32f4xx_rcc.o(i.RCC_PLLCmd), (12 bytes).
    Removing stm32f4xx_rcc.o(i.RCC_PLLConfig), (40 bytes).
    Removing stm32f4xx_rcc.o(i.RCC_PLLI2SCmd), (12 bytes).
    Removing stm32f4xx_rcc.o(i.RCC_PLLI2SConfig), (16 bytes).
    Removing stm32f4xx_rcc.o(i.RCC_RTCCLKCmd), (12 bytes).
    Removing stm32f4xx_rcc.o(i.RCC_RTCCLKConfig), (48 bytes).
    Removing stm32f4xx_rcc.o(i.RCC_SYSCLKConfig), (20 bytes).
    Removing stm32f4xx_rcc.o(i.RCC_WaitForHSEStartUp), (38 bytes).
    Removing stm32f4xx_sdio.o(.emb_text), (8 bytes).
    Removing stm32f4xx_sdio.o(i.SDIO_CEATAITCmd), (16 bytes).
    Removing stm32f4xx_sdio.o(i.SDIO_ClearFlag), (12 bytes).
    Removing stm32f4xx_sdio.o(i.SDIO_ClearITPendingBit), (12 bytes).
    Removing stm32f4xx_sdio.o(i.SDIO_ClockCmd), (12 bytes).
    Removing stm32f4xx_sdio.o(i.SDIO_CmdStructInit), (14 bytes).
    Removing stm32f4xx_sdio.o(i.SDIO_CommandCompletionCmd), (12 bytes).
    Removing stm32f4xx_sdio.o(i.SDIO_DMACmd), (12 bytes).
    Removing stm32f4xx_sdio.o(i.SDIO_DataConfig), (48 bytes).
    Removing stm32f4xx_sdio.o(i.SDIO_DataStructInit), (20 bytes).
    Removing stm32f4xx_sdio.o(i.SDIO_DeInit), (24 bytes).
    Removing stm32f4xx_sdio.o(i.SDIO_GetCommandResponse), (12 bytes).
    Removing stm32f4xx_sdio.o(i.SDIO_GetDataCounter), (12 bytes).
    Removing stm32f4xx_sdio.o(i.SDIO_GetFIFOCount), (12 bytes).
    Removing stm32f4xx_sdio.o(i.SDIO_GetFlagStatus), (20 bytes).
    Removing stm32f4xx_sdio.o(i.SDIO_GetITStatus), (20 bytes).
    Removing stm32f4xx_sdio.o(i.SDIO_GetPowerState), (16 bytes).
    Removing stm32f4xx_sdio.o(i.SDIO_GetResponse), (12 bytes).
    Removing stm32f4xx_sdio.o(i.SDIO_ITConfig), (24 bytes).
    Removing stm32f4xx_sdio.o(i.SDIO_Init), (44 bytes).
    Removing stm32f4xx_sdio.o(i.SDIO_ReadData), (12 bytes).
    Removing stm32f4xx_sdio.o(i.SDIO_SendCEATACmd), (12 bytes).
    Removing stm32f4xx_sdio.o(i.SDIO_SendCommand), (40 bytes).
    Removing stm32f4xx_sdio.o(i.SDIO_SendSDIOSuspendCmd), (12 bytes).
    Removing stm32f4xx_sdio.o(i.SDIO_SetPowerState), (12 bytes).
    Removing stm32f4xx_sdio.o(i.SDIO_SetSDIOOperation), (12 bytes).
    Removing stm32f4xx_sdio.o(i.SDIO_SetSDIOReadWaitMode), (12 bytes).
    Removing stm32f4xx_sdio.o(i.SDIO_StartSDIOReadWait), (12 bytes).
    Removing stm32f4xx_sdio.o(i.SDIO_StopSDIOReadWait), (12 bytes).
    Removing stm32f4xx_sdio.o(i.SDIO_StructInit), (16 bytes).
    Removing stm32f4xx_sdio.o(i.SDIO_WriteData), (12 bytes).
    Removing stm32f4xx_syscfg.o(.emb_text), (8 bytes).
    Removing stm32f4xx_syscfg.o(i.SYSCFG_CompensationCellCmd), (12 bytes).
    Removing stm32f4xx_syscfg.o(i.SYSCFG_DeInit), (24 bytes).
    Removing stm32f4xx_syscfg.o(i.SYSCFG_ETH_MediaInterfaceConfig), (12 bytes).
    Removing stm32f4xx_syscfg.o(i.SYSCFG_GetCompensationCellStatus), (20 bytes).
    Removing stm32f4xx_syscfg.o(i.SYSCFG_MemoryRemapConfig), (12 bytes).
    Removing stm32f4xx_tim.o(.emb_text), (8 bytes).
    Removing stm32f4xx_tim.o(i.TI1_Config), (46 bytes).
    Removing stm32f4xx_tim.o(i.TI2_Config), (54 bytes).
    Removing stm32f4xx_tim.o(i.TIM_BDTRConfig), (34 bytes).
    Removing stm32f4xx_tim.o(i.TIM_BDTRStructInit), (18 bytes).
    Removing stm32f4xx_tim.o(i.TIM_CCPreloadControl), (20 bytes).
    Removing stm32f4xx_tim.o(i.TIM_CCxCmd), (22 bytes).
    Removing stm32f4xx_tim.o(i.TIM_CCxNCmd), (22 bytes).
    Removing stm32f4xx_tim.o(i.TIM_ClearFlag), (6 bytes).
    Removing stm32f4xx_tim.o(i.TIM_ClearITPendingBit), (6 bytes).
    Removing stm32f4xx_tim.o(i.TIM_ClearOC1Ref), (12 bytes).
    Removing stm32f4xx_tim.o(i.TIM_ClearOC2Ref), (20 bytes).
    Removing stm32f4xx_tim.o(i.TIM_ClearOC3Ref), (12 bytes).
    Removing stm32f4xx_tim.o(i.TIM_ClearOC4Ref), (20 bytes).
    Removing stm32f4xx_tim.o(i.TIM_CounterModeConfig), (12 bytes).
    Removing stm32f4xx_tim.o(i.TIM_DMACmd), (16 bytes).
    Removing stm32f4xx_tim.o(i.TIM_DMAConfig), (8 bytes).
    Removing stm32f4xx_tim.o(i.TIM_DeInit), (336 bytes).
    Removing stm32f4xx_tim.o(i.TIM_ETRClockMode1Config), (18 bytes).
    Removing stm32f4xx_tim.o(i.TIM_ETRClockMode2Config), (18 bytes).
    Removing stm32f4xx_tim.o(i.TIM_ETRConfig), (24 bytes).
    Removing stm32f4xx_tim.o(i.TIM_EncoderInterfaceConfig), (50 bytes).
    Removing stm32f4xx_tim.o(i.TIM_ForcedOC1Config), (12 bytes).
    Removing stm32f4xx_tim.o(i.TIM_ForcedOC2Config), (20 bytes).
    Removing stm32f4xx_tim.o(i.TIM_ForcedOC3Config), (12 bytes).
    Removing stm32f4xx_tim.o(i.TIM_ForcedOC4Config), (20 bytes).
    Removing stm32f4xx_tim.o(i.TIM_GenerateEvent), (4 bytes).
    Removing stm32f4xx_tim.o(i.TIM_GetCapture1), (4 bytes).
    Removing stm32f4xx_tim.o(i.TIM_GetCapture2), (4 bytes).
    Removing stm32f4xx_tim.o(i.TIM_GetCapture3), (4 bytes).
    Removing stm32f4xx_tim.o(i.TIM_GetCapture4), (4 bytes).
    Removing stm32f4xx_tim.o(i.TIM_GetCounter), (4 bytes).
    Removing stm32f4xx_tim.o(i.TIM_GetFlagStatus), (14 bytes).
    Removing stm32f4xx_tim.o(i.TIM_GetITStatus), (24 bytes).
    Removing stm32f4xx_tim.o(i.TIM_GetPrescaler), (4 bytes).
    Removing stm32f4xx_tim.o(i.TIM_ICInit), (172 bytes).
    Removing stm32f4xx_tim.o(i.TIM_ICStructInit), (16 bytes).
    Removing stm32f4xx_tim.o(i.TIM_ITConfig), (16 bytes).
    Removing stm32f4xx_tim.o(i.TIM_ITRxExternalClockConfig), (18 bytes).
    Removing stm32f4xx_tim.o(i.TIM_InternalClockConfig), (10 bytes).
    Removing stm32f4xx_tim.o(i.TIM_OC1FastConfig), (12 bytes).
    Removing stm32f4xx_tim.o(i.TIM_OC1NPolarityConfig), (12 bytes).
    Removing stm32f4xx_tim.o(i.TIM_OC1PolarityConfig), (12 bytes).
    Removing stm32f4xx_tim.o(i.TIM_OC2FastConfig), (20 bytes).
    Removing stm32f4xx_tim.o(i.TIM_OC2NPolarityConfig), (20 bytes).
    Removing stm32f4xx_tim.o(i.TIM_OC2PolarityConfig), (20 bytes).
    Removing stm32f4xx_tim.o(i.TIM_OC3FastConfig), (12 bytes).
    Removing stm32f4xx_tim.o(i.TIM_OC3NPolarityConfig), (20 bytes).
    Removing stm32f4xx_tim.o(i.TIM_OC3PolarityConfig), (20 bytes).
    Removing stm32f4xx_tim.o(i.TIM_OC4FastConfig), (20 bytes).
    Removing stm32f4xx_tim.o(i.TIM_OC4Init), (96 bytes).
    Removing stm32f4xx_tim.o(i.TIM_OC4PolarityConfig), (20 bytes).
    Removing stm32f4xx_tim.o(i.TIM_OC4PreloadConfig), (20 bytes).
    Removing stm32f4xx_tim.o(i.TIM_OCStructInit), (20 bytes).
    Removing stm32f4xx_tim.o(i.TIM_PWMIConfig), (108 bytes).
    Removing stm32f4xx_tim.o(i.TIM_PrescalerConfig), (6 bytes).
    Removing stm32f4xx_tim.o(i.TIM_RemapConfig), (6 bytes).
    Removing stm32f4xx_tim.o(i.TIM_SelectCCDMA), (20 bytes).
    Removing stm32f4xx_tim.o(i.TIM_SelectCOM), (20 bytes).
    Removing stm32f4xx_tim.o(i.TIM_SelectHallSensor), (20 bytes).
    Removing stm32f4xx_tim.o(i.TIM_SelectInputTrigger), (12 bytes).
    Removing stm32f4xx_tim.o(i.TIM_SelectMasterSlaveMode), (16 bytes).
    Removing stm32f4xx_tim.o(i.TIM_SelectOCxM), (74 bytes).
    Removing stm32f4xx_tim.o(i.TIM_SelectOnePulseMode), (16 bytes).
    Removing stm32f4xx_tim.o(i.TIM_SelectOutputTrigger), (16 bytes).
    Removing stm32f4xx_tim.o(i.TIM_SelectSlaveMode), (16 bytes).
    Removing stm32f4xx_tim.o(i.TIM_SetAutoreload), (4 bytes).
    Removing stm32f4xx_tim.o(i.TIM_SetClockDivision), (16 bytes).
    Removing stm32f4xx_tim.o(i.TIM_SetCompare1), (4 bytes).
    Removing stm32f4xx_tim.o(i.TIM_SetCompare2), (4 bytes).
    Removing stm32f4xx_tim.o(i.TIM_SetCompare3), (4 bytes).
    Removing stm32f4xx_tim.o(i.TIM_SetCompare4), (4 bytes).
    Removing stm32f4xx_tim.o(i.TIM_SetCounter), (4 bytes).
    Removing stm32f4xx_tim.o(i.TIM_SetIC1Prescaler), (16 bytes).
    Removing stm32f4xx_tim.o(i.TIM_SetIC2Prescaler), (24 bytes).
    Removing stm32f4xx_tim.o(i.TIM_SetIC3Prescaler), (16 bytes).
    Removing stm32f4xx_tim.o(i.TIM_SetIC4Prescaler), (24 bytes).
    Removing stm32f4xx_tim.o(i.TIM_TIxExternalClockConfig), (44 bytes).
    Removing stm32f4xx_tim.o(i.TIM_TimeBaseStructInit), (18 bytes).
    Removing stm32f4xx_tim.o(i.TIM_UpdateDisableConfig), (20 bytes).
    Removing stm32f4xx_tim.o(i.TIM_UpdateRequestConfig), (20 bytes).
    Removing startup_stm32f4xx.o(HEAP), (512 bytes).

295 unused section(s) (total 7873 bytes) removed from the image.

==============================================================================

Image Symbol Table

    Local Symbols

    Symbol Name                              Value     Ov Type        Size  Object(Section)

    ../clib/../cmprslib/zerorunl2.c          0x00000000   Number         0  __dczerorl2.o ABSOLUTE
    ../clib/microlib/ctype/ctype.c           0x00000000   Number         0  isspace_c.o ABSOLUTE
    ../clib/microlib/ctype/ctype.c           0x00000000   Number         0  ctype_c.o ABSOLUTE
    ../clib/microlib/init/entry.s            0x00000000   Number         0  entry2.o ABSOLUTE
    ../clib/microlib/init/entry.s            0x00000000   Number         0  entry.o ABSOLUTE
    ../clib/microlib/init/entry.s            0x00000000   Number         0  entry7b.o ABSOLUTE
    ../clib/microlib/init/entry.s            0x00000000   Number         0  entry5.o ABSOLUTE
    ../clib/microlib/init/entry.s            0x00000000   Number         0  entry7a.o ABSOLUTE
    ../clib/microlib/init/entry.s            0x00000000   Number         0  entry8.o ABSOLUTE
    ../clib/microlib/string/strcmp.c         0x00000000   Number         0  strcmp.o ABSOLUTE
    ../clib/microlib/string/strtok.c         0x00000000   Number         0  strtok_r.o ABSOLUTE
    ../clib/microlib/string/strtok.c         0x00000000   Number         0  strtok.o ABSOLUTE
    ../clib/microlib/stubs.s                 0x00000000   Number         0  iusefp.o ABSOLUTE
    ../clib/scanf.c                          0x00000000   Number         0  _scanf_int.o ABSOLUTE
    ../clib/scanf.c                          0x00000000   Number         0  _scanf.o ABSOLUTE
    ../clib/scanf.c                          0x00000000   Number         0  _sgetc.o ABSOLUTE
    ../clib/scanf.c                          0x00000000   Number         0  scanf_char.o ABSOLUTE
    ../clib/scanf.c                          0x00000000   Number         0  _chval.o ABSOLUTE
    ../clib/scanf.c                          0x00000000   Number         0  __0sscanf.o ABSOLUTE
    ../fplib/microlib/fpepilogue.c           0x00000000   Number         0  fepilogue.o ABSOLUTE
    ../fplib/microlib/fpfix.c                0x00000000   Number         0  ffixi.o ABSOLUTE
    ../fplib/microlib/fpflt.c                0x00000000   Number         0  fflti.o ABSOLUTE
    ../fplib/microlib/fpmul.c                0x00000000   Number         0  fmul.o ABSOLUTE
    ..\Libraries\STM32F4xx_StdPeriph_Driver\src\misc.c 0x00000000   Number         0  misc.o ABSOLUTE
    ..\Libraries\STM32F4xx_StdPeriph_Driver\src\stm32f4xx_adc.c 0x00000000   Number         0  stm32f4xx_adc.o ABSOLUTE
    ..\Libraries\STM32F4xx_StdPeriph_Driver\src\stm32f4xx_dma.c 0x00000000   Number         0  stm32f4xx_dma.o ABSOLUTE
    ..\Libraries\STM32F4xx_StdPeriph_Driver\src\stm32f4xx_exti.c 0x00000000   Number         0  stm32f4xx_exti.o ABSOLUTE
    ..\Libraries\STM32F4xx_StdPeriph_Driver\src\stm32f4xx_gpio.c 0x00000000   Number         0  stm32f4xx_gpio.o ABSOLUTE
    ..\Libraries\STM32F4xx_StdPeriph_Driver\src\stm32f4xx_pwr.c 0x00000000   Number         0  stm32f4xx_pwr.o ABSOLUTE
    ..\Libraries\STM32F4xx_StdPeriph_Driver\src\stm32f4xx_rcc.c 0x00000000   Number         0  stm32f4xx_rcc.o ABSOLUTE
    ..\Libraries\STM32F4xx_StdPeriph_Driver\src\stm32f4xx_sdio.c 0x00000000   Number         0  stm32f4xx_sdio.o ABSOLUTE
    ..\Libraries\STM32F4xx_StdPeriph_Driver\src\stm32f4xx_syscfg.c 0x00000000   Number         0  stm32f4xx_syscfg.o ABSOLUTE
    ..\Libraries\STM32F4xx_StdPeriph_Driver\src\stm32f4xx_tim.c 0x00000000   Number         0  stm32f4xx_tim.o ABSOLUTE
    ..\Libraries\STM32F4xx_StdPeriph_Driver\src\stm32f4xx_usart.c 0x00000000   Number         0  stm32f4xx_usart.o ABSOLUTE
    ..\Utilities\STM32F4-Discovery\stm32f4_discovery.c 0x00000000   Number         0  stm32f4_discovery.o ABSOLUTE
    ..\\Libraries\\STM32F4xx_StdPeriph_Driver\\src\\misc.c 0x00000000   Number         0  misc.o ABSOLUTE
    ..\\Libraries\\STM32F4xx_StdPeriph_Driver\\src\\stm32f4xx_adc.c 0x00000000   Number         0  stm32f4xx_adc.o ABSOLUTE
    ..\\Libraries\\STM32F4xx_StdPeriph_Driver\\src\\stm32f4xx_dma.c 0x00000000   Number         0  stm32f4xx_dma.o ABSOLUTE
    ..\\Libraries\\STM32F4xx_StdPeriph_Driver\\src\\stm32f4xx_exti.c 0x00000000   Number         0  stm32f4xx_exti.o ABSOLUTE
    ..\\Libraries\\STM32F4xx_StdPeriph_Driver\\src\\stm32f4xx_gpio.c 0x00000000   Number         0  stm32f4xx_gpio.o ABSOLUTE
    ..\\Libraries\\STM32F4xx_StdPeriph_Driver\\src\\stm32f4xx_pwr.c 0x00000000   Number         0  stm32f4xx_pwr.o ABSOLUTE
    ..\\Libraries\\STM32F4xx_StdPeriph_Driver\\src\\stm32f4xx_rcc.c 0x00000000   Number         0  stm32f4xx_rcc.o ABSOLUTE
    ..\\Libraries\\STM32F4xx_StdPeriph_Driver\\src\\stm32f4xx_sdio.c 0x00000000   Number         0  stm32f4xx_sdio.o ABSOLUTE
    ..\\Libraries\\STM32F4xx_StdPeriph_Driver\\src\\stm32f4xx_syscfg.c 0x00000000   Number         0  stm32f4xx_syscfg.o ABSOLUTE
    ..\\Libraries\\STM32F4xx_StdPeriph_Driver\\src\\stm32f4xx_tim.c 0x00000000   Number         0  stm32f4xx_tim.o ABSOLUTE
    ..\\Libraries\\STM32F4xx_StdPeriph_Driver\\src\\stm32f4xx_usart.c 0x00000000   Number         0  stm32f4xx_usart.o ABSOLUTE
    ..\\Utilities\\STM32F4-Discovery\\stm32f4_discovery.c 0x00000000   Number         0  stm32f4_discovery.o ABSOLUTE
    ..\\candle_position.c                    0x00000000   Number         0  candle_position.o ABSOLUTE
    ..\\delay.c                              0x00000000   Number         0  delay.o ABSOLUTE
    ..\\main.c                               0x00000000   Number         0  main.o ABSOLUTE
    ..\\main_init.c                          0x00000000   Number         0  main_init.o ABSOLUTE
    ..\\motor.c                              0x00000000   Number         0  motor.o ABSOLUTE
    ..\\orientation.c                        0x00000000   Number         0  orientation.o ABSOLUTE
    ..\\programs.c                           0x00000000   Number         0  programs.o ABSOLUTE
    ..\\pwm.c                                0x00000000   Number         0  pwm.o ABSOLUTE
    ..\\stm32f4xx_it.c                       0x00000000   Number         0  stm32f4xx_it.o ABSOLUTE
    ..\\system_stm32f4xx.c                   0x00000000   Number         0  system_stm32f4xx.o ABSOLUTE
    ..\\usart.c                              0x00000000   Number         0  usart.o ABSOLUTE
    ..\candle_position.c                     0x00000000   Number         0  candle_position.o ABSOLUTE
    ..\delay.c                               0x00000000   Number         0  delay.o ABSOLUTE
    ..\main.c                                0x00000000   Number         0  main.o ABSOLUTE
    ..\main_init.c                           0x00000000   Number         0  main_init.o ABSOLUTE
    ..\motor.c                               0x00000000   Number         0  motor.o ABSOLUTE
    ..\orientation.c                         0x00000000   Number         0  orientation.o ABSOLUTE
    ..\programs.c                            0x00000000   Number         0  programs.o ABSOLUTE
    ..\pwm.c                                 0x00000000   Number         0  pwm.o ABSOLUTE
    ..\stm32f4xx_it.c                        0x00000000   Number         0  stm32f4xx_it.o ABSOLUTE
    ..\system_stm32f4xx.c                    0x00000000   Number         0  system_stm32f4xx.o ABSOLUTE
    ..\usart.c                               0x00000000   Number         0  usart.o ABSOLUTE
    dc.s                                     0x00000000   Number         0  dc.o ABSOLUTE
    handlers.s                               0x00000000   Number         0  handlers.o ABSOLUTE
    init.s                                   0x00000000   Number         0  init.o ABSOLUTE
    startup_stm32f4xx.s                      0x00000000   Number         0  startup_stm32f4xx.o ABSOLUTE
    RESET                                    0x08000000   Section      392  startup_stm32f4xx.o(RESET)
    .ARM.Collect$$$$00000000                 0x08000188   Section        0  entry.o(.ARM.Collect$$$$00000000)
    .ARM.Collect$$$$00000001                 0x08000188   Section        4  entry2.o(.ARM.Collect$$$$00000001)
    .ARM.Collect$$$$00000004                 0x0800018c   Section        4  entry5.o(.ARM.Collect$$$$00000004)
    .ARM.Collect$$$$00000008                 0x08000190   Section        0  entry7b.o(.ARM.Collect$$$$00000008)
    .ARM.Collect$$$$00000009                 0x08000190   Section        8  entry8.o(.ARM.Collect$$$$00000009)
    .ARM.Collect$$$$00002712                 0x08000198   Section        4  entry2.o(.ARM.Collect$$$$00002712)
    __lit__00000000                          0x08000198   Data           4  entry2.o(.ARM.Collect$$$$00002712)
    .text                                    0x0800019c   Section       36  startup_stm32f4xx.o(.text)
    .text                                    0x080001c0   Section        0  strcmp.o(.text)
    .text                                    0x080001dc   Section        0  strtok.o(.text)
    .text                                    0x08000220   Section        0  __0sscanf.o(.text)
    .text                                    0x08000258   Section        0  _scanf_int.o(.text)
    .text                                    0x080003a8   Section        0  fmul.o(.text)
    .text                                    0x08000414   Section        0  fflti.o(.text)
    .text                                    0x08000426   Section        0  ffixi.o(.text)
    .text                                    0x08000458   Section        0  _chval.o(.text)
    .text                                    0x08000474   Section        0  scanf_char.o(.text)
    _scanf_char_input                        0x08000475   Thumb Code    12  scanf_char.o(.text)
    .text                                    0x0800049c   Section        0  _sgetc.o(.text)
    .text                                    0x080004dc   Section        0  fepilogue.o(.text)
    .text                                    0x080004dc   Section        0  iusefp.o(.text)
    .text                                    0x08000548   Section       36  init.o(.text)
    .text                                    0x0800056c   Section        0  isspace_c.o(.text)
    .text                                    0x08000578   Section        0  _scanf.o(.text)
    .text                                    0x080008a4   Section        0  ctype_c.o(.text)
    .text                                    0x080008cc   Section        0  __dczerorl2.o(.text)
    i.ADC_Cmd                                0x08000928   Section        0  stm32f4xx_adc.o(i.ADC_Cmd)
    i.ADC_CommonInit                         0x0800093c   Section        0  stm32f4xx_adc.o(i.ADC_CommonInit)
    i.ADC_DMACmd                             0x08000964   Section        0  stm32f4xx_adc.o(i.ADC_DMACmd)
    i.ADC_DMARequestAfterLastTransferCmd     0x08000978   Section        0  stm32f4xx_adc.o(i.ADC_DMARequestAfterLastTransferCmd)
    i.ADC_Init                               0x0800098c   Section        0  stm32f4xx_adc.o(i.ADC_Init)
    i.ADC_RegularChannelConfig               0x080009d8   Section        0  stm32f4xx_adc.o(i.ADC_RegularChannelConfig)
    i.ADC_SoftwareStartConv                  0x08000a4c   Section        0  stm32f4xx_adc.o(i.ADC_SoftwareStartConv)
    i.BusFault_Handler                       0x08000a56   Section        0  stm32f4xx_it.o(i.BusFault_Handler)
    i.DMA_Cmd                                0x08000a58   Section        0  stm32f4xx_dma.o(i.DMA_Cmd)
    i.DMA_Init                               0x08000a6c   Section        0  stm32f4xx_dma.o(i.DMA_Init)
    i.DebugMon_Handler                       0x08000ac0   Section        0  stm32f4xx_it.o(i.DebugMon_Handler)
    i.Delay                                  0x08000ac4   Section        0  delay.o(i.Delay)
    i.Delay_tick                             0x08000ad4   Section        0  delay.o(i.Delay_tick)
    i.EXTI0_IRQHandler                       0x08000ae0   Section        0  stm32f4xx_it.o(i.EXTI0_IRQHandler)
    i.EXTI4_IRQHandler                       0x08000b7c   Section        0  stm32f4xx_it.o(i.EXTI4_IRQHandler)
    i.EXTI9_5_IRQHandler                     0x08000c18   Section        0  stm32f4xx_it.o(i.EXTI9_5_IRQHandler)
    i.EXTI_ClearITPendingBit                 0x08000dbc   Section        0  stm32f4xx_exti.o(i.EXTI_ClearITPendingBit)
    i.EXTI_GenerateSWInterrupt               0x08000dc8   Section        0  stm32f4xx_exti.o(i.EXTI_GenerateSWInterrupt)
    i.EXTI_GetITStatus                       0x08000dd8   Section        0  stm32f4xx_exti.o(i.EXTI_GetITStatus)
    i.EXTI_Init                              0x08000df8   Section        0  stm32f4xx_exti.o(i.EXTI_Init)
    i.GPIO_Init                              0x08000e68   Section        0  stm32f4xx_gpio.o(i.GPIO_Init)
    i.GPIO_PinAFConfig                       0x08000f0a   Section        0  stm32f4xx_gpio.o(i.GPIO_PinAFConfig)
    i.GPIO_ReadInputDataBit                  0x08000f2a   Section        0  stm32f4xx_gpio.o(i.GPIO_ReadInputDataBit)
    i.GPIO_ResetBits                         0x08000f38   Section        0  stm32f4xx_gpio.o(i.GPIO_ResetBits)
    i.GPIO_SetBits                           0x08000f3c   Section        0  stm32f4xx_gpio.o(i.GPIO_SetBits)
    i.HardFault_Handler                      0x08000f40   Section        0  stm32f4xx_it.o(i.HardFault_Handler)
    i.MemManage_Handler                      0x08000f42   Section        0  stm32f4xx_it.o(i.MemManage_Handler)
    i.NMI_Handler                            0x08000f44   Section        0  stm32f4xx_it.o(i.NMI_Handler)
    i.NVIC_Init                              0x08000f48   Section        0  misc.o(i.NVIC_Init)
    i.PWM_SetDC                              0x08000fac   Section        0  pwm.o(i.PWM_SetDC)
    i.PendSV_Handler                         0x08000fdc   Section        0  stm32f4xx_it.o(i.PendSV_Handler)
    i.RCC_AHB1PeriphClockCmd                 0x08000fe0   Section        0  stm32f4xx_rcc.o(i.RCC_AHB1PeriphClockCmd)
    i.RCC_APB1PeriphClockCmd                 0x08000ff8   Section        0  stm32f4xx_rcc.o(i.RCC_APB1PeriphClockCmd)
    i.RCC_APB2PeriphClockCmd                 0x08001010   Section        0  stm32f4xx_rcc.o(i.RCC_APB2PeriphClockCmd)
    i.RCC_GetClocksFreq                      0x08001028   Section        0  stm32f4xx_rcc.o(i.RCC_GetClocksFreq)
    i.STM_EVAL_LEDInit                       0x080010bc   Section        0  stm32f4_discovery.o(i.STM_EVAL_LEDInit)
    i.STM_EVAL_LEDOff                        0x08001104   Section        0  stm32f4_discovery.o(i.STM_EVAL_LEDOff)
    i.STM_EVAL_LEDOn                         0x0800111c   Section        0  stm32f4_discovery.o(i.STM_EVAL_LEDOn)
    i.STM_EVAL_PBGetState                    0x08001134   Section        0  stm32f4_discovery.o(i.STM_EVAL_PBGetState)
    i.STM_EVAL_PBInit                        0x0800114c   Section        0  stm32f4_discovery.o(i.STM_EVAL_PBInit)
    i.SVC_Handler                            0x080011e4   Section        0  stm32f4xx_it.o(i.SVC_Handler)
    i.SYSCFG_EXTILineConfig                  0x080011e8   Section        0  stm32f4xx_syscfg.o(i.SYSCFG_EXTILineConfig)
    i.SetSysClock                            0x08001210   Section        0  system_stm32f4xx.o(i.SetSysClock)
    SetSysClock                              0x08001211   Thumb Code   140  system_stm32f4xx.o(i.SetSysClock)
    i.SysTick_Handler                        0x080012ac   Section        0  stm32f4xx_it.o(i.SysTick_Handler)
    i.SystemInit                             0x080012c4   Section        0  system_stm32f4xx.o(i.SystemInit)
    i.TIM_ARRPreloadConfig                   0x08001314   Section        0  stm32f4xx_tim.o(i.TIM_ARRPreloadConfig)
    i.TIM_Cmd                                0x08001328   Section        0  stm32f4xx_tim.o(i.TIM_Cmd)
    i.TIM_CtrlPWMOutputs                     0x0800133c   Section        0  stm32f4xx_tim.o(i.TIM_CtrlPWMOutputs)
    i.TIM_OC1Init                            0x08001354   Section        0  stm32f4xx_tim.o(i.TIM_OC1Init)
    i.TIM_OC1PreloadConfig                   0x080013b4   Section        0  stm32f4xx_tim.o(i.TIM_OC1PreloadConfig)
    i.TIM_OC2Init                            0x080013c0   Section        0  stm32f4xx_tim.o(i.TIM_OC2Init)
    i.TIM_OC2PreloadConfig                   0x08001440   Section        0  stm32f4xx_tim.o(i.TIM_OC2PreloadConfig)
    i.TIM_OC3Init                            0x08001454   Section        0  stm32f4xx_tim.o(i.TIM_OC3Init)
    i.TIM_OC3PreloadConfig                   0x080014d0   Section        0  stm32f4xx_tim.o(i.TIM_OC3PreloadConfig)
    i.TIM_TimeBaseInit                       0x080014dc   Section        0  stm32f4xx_tim.o(i.TIM_TimeBaseInit)
    i.TimingDelay_Decrement                  0x08001558   Section        0  delay.o(i.TimingDelay_Decrement)
    i.USART2_IRQHandler                      0x0800156c   Section        0  stm32f4xx_it.o(i.USART2_IRQHandler)
    i.USART3_IRQHandler                      0x0800169c   Section        0  stm32f4xx_it.o(i.USART3_IRQHandler)
    i.USART_Cmd                              0x080016e0   Section        0  stm32f4xx_usart.o(i.USART_Cmd)
    i.USART_GetITStatus                      0x080016f4   Section        0  stm32f4xx_usart.o(i.USART_GetITStatus)
    i.USART_ITConfig                         0x08001732   Section        0  stm32f4xx_usart.o(i.USART_ITConfig)
    i.USART_Init                             0x08001764   Section        0  stm32f4xx_usart.o(i.USART_Init)
    i.USART_SendData                         0x0800181c   Section        0  stm32f4xx_usart.o(i.USART_SendData)
    i.USART_puts                             0x08001824   Section        0  usart.o(i.USART_puts)
    i.UsageFault_Handler                     0x08001846   Section        0  stm32f4xx_it.o(i.UsageFault_Handler)
    i.__scatterload_copy                     0x08001848   Section       14  handlers.o(i.__scatterload_copy)
    i.__scatterload_null                     0x08001856   Section        2  handlers.o(i.__scatterload_null)
    i.__scatterload_zeroinit                 0x08001858   Section       14  handlers.o(i.__scatterload_zeroinit)
    i.blow                                   0x08001866   Section        0  pwm.o(i.blow)
    i.blow_demo                              0x080018c6   Section        0  pwm.o(i.blow_demo)
    i.candle_position                        0x080018e4   Section        0  candle_position.o(i.candle_position)
    i.candle_sawed                           0x08001950   Section        0  programs.o(i.candle_sawed)
    i.chaos                                  0x08001a6c   Section        0  programs.o(i.chaos)
    i.check_ultrasound                       0x08001c50   Section        0  orientation.o(i.check_ultrasound)
    i.deadline                               0x08001d14   Section        0  delay.o(i.deadline)
    i.deadline_Decrement                     0x08001d24   Section        0  delay.o(i.deadline_Decrement)
    i.follow_line                            0x08001d3c   Section        0  programs.o(i.follow_line)
    i.homologation                           0x08001e84   Section        0  programs.o(i.homologation)
    i.init_ADC                               0x08001fc0   Section        0  main_init.o(i.init_ADC)
    i.init_ALL                               0x080020c0   Section        0  main_init.o(i.init_ALL)
    i.init_PWM                               0x080020ee   Section        0  main_init.o(i.init_PWM)
    i.init_PWM_GPIO                          0x08002118   Section        0  main_init.o(i.init_PWM_GPIO)
    i.init_PWM_Timer                         0x08002178   Section        0  main_init.o(i.init_PWM_Timer)
    i.init_SysTick                           0x08002210   Section        0  main_init.o(i.init_SysTick)
    i.init_USART2                            0x08002248   Section        0  main_init.o(i.init_USART2)
    i.init_USART3                            0x080022e8   Section        0  main_init.o(i.init_USART3)
    i.init_discovery_board                   0x08002388   Section        0  main_init.o(i.init_discovery_board)
    i.init_exti                              0x080023c6   Section        0  main_init.o(i.init_exti)
    i.init_exti_GPIO                         0x080023fc   Section        0  main_init.o(i.init_exti_GPIO)
    i.init_exti_line6                        0x08002434   Section        0  main_init.o(i.init_exti_line6)
    i.init_exti_line7                        0x08002470   Section        0  main_init.o(i.init_exti_line7)
    i.init_exti_line8                        0x080024ac   Section        0  main_init.o(i.init_exti_line8)
    i.init_exti_line9                        0x080024e8   Section        0  main_init.o(i.init_exti_line9)
    i.init_motor                             0x08002524   Section        0  main_init.o(i.init_motor)
    i.init_motor_GPIO                        0x08002534   Section        0  main_init.o(i.init_motor_GPIO)
    i.init_motor_encoders_EXTI               0x0800258c   Section        0  main_init.o(i.init_motor_encoders_EXTI)
    i.init_ultrasonic                        0x080025e8   Section        0  main_init.o(i.init_ultrasonic)
    i.init_ultrasonic_pins                   0x080025fc   Section        0  main_init.o(i.init_ultrasonic_pins)
    i.init_ultrasonic_timer                  0x08002654   Section        0  main_init.o(i.init_ultrasonic_timer)
    i.main                                   0x080026a8   Section        0  main.o(i.main)
    i.menu                                   0x08002708   Section        0  programs.o(i.menu)
    i.move                                   0x080028f8   Section        0  motor.o(i.move)
    i.move_double                            0x080029bc   Section        0  motor.o(i.move_double)
    i.move_robot_degree                      0x080029dc   Section        0  motor.o(i.move_robot_degree)
    i.move_unit_double                       0x08002a28   Section        0  motor.o(i.move_unit_double)
    i.move_unit_single                       0x08002ae8   Section        0  motor.o(i.move_unit_single)
    i.read_ADC_check                         0x08002bf8   Section        0  orientation.o(i.read_ADC_check)
    i.read_ultrasound_check                  0x08002c60   Section        0  orientation.o(i.read_ultrasound_check)
    i.send_ultrasound                        0x08002cfc   Section        0  orientation.o(i.send_ultrasound)
    i.stop                                   0x08002d4c   Section        0  motor.o(i.stop)
    i.stop_robot                             0x08002dc8   Section        0  motor.o(i.stop_robot)
    i.wall_detect                            0x08002de0   Section        0  programs.o(i.wall_detect)
    .constdata                               0x08002e84   Section       36  stm32f4_discovery.o(.constdata)
    .constdata                               0x08002ea8   Section       64  ctype_c.o(.constdata)
    .data                                    0x20000000   Section       20  system_stm32f4xx.o(.data)
    .data                                    0x20000014   Section       92  stm32f4xx_it.o(.data)
    cnt2                                     0x20000014   Data           2  stm32f4xx_it.o(.data)
    cnt3                                     0x20000016   Data           2  stm32f4xx_it.o(.data)
    .data                                    0x20000070   Section       80  main_init.o(.data)
    .data                                    0x200000c0   Section        8  main_init.o(.data)
    .data                                    0x200000c8   Section       12  delay.o(.data)
    TimingDelay                              0x200000d0   Data           4  delay.o(.data)
    .data                                    0x200000d4   Section        4  candle_position.o(.data)
    .data                                    0x200000d8   Section        4  candle_position.o(.data)
    .data                                    0x200000dc   Section       24  orientation.o(.data)
    .data                                    0x200000f4   Section       44  motor.o(.data)
    .data                                    0x20000120   Section       32  programs.o(.data)
    .data                                    0x20000140   Section       20  stm32f4_discovery.o(.data)
    .data                                    0x20000154   Section       16  stm32f4xx_rcc.o(.data)
    APBAHBPrescTable                         0x20000154   Data          16  stm32f4xx_rcc.o(.data)
    .data                                    0x20000164   Section        4  strtok.o(.data)
    state                                    0x20000164   Data           4  strtok.o(.data)
    .bss                                     0x20000168   Section      102  stm32f4xx_it.o(.bss)
    .bss                                     0x200001d0   Section      160  main_init.o(.bss)
    .bss                                     0x20000270   Section       80  orientation.o(.bss)
    STACK                                    0x200002c0   Section     1024  startup_stm32f4xx.o(STACK)

    Global Symbols

    Symbol Name                              Value     Ov Type        Size  Object(Section)

    BuildAttributes$$THM_ISAv4$E$P$D$K$B$S$7EM$PE$A:L22UL41UL21$X:L11$S22US41US21$IEEE1$IW$USESV6$~STKCKD$USESV7$~SHL$OTIME$ROPI$EBA8$MICROLIB$REQ8$PRES8$EABIv2 0x00000000   Number         0  anon$$obj.o ABSOLUTE
    __ARM_use_no_argv                        0x00000000   Number         0  main.o ABSOLUTE
    _clock_init                               - Undefined Weak Reference
    _scanf_longlong                           - Undefined Weak Reference
    _scanf_real                               - Undefined Weak Reference
    _scanf_string                             - Undefined Weak Reference
    __Vectors_Size                           0x00000188   Number         0  startup_stm32f4xx.o ABSOLUTE
    __Vectors                                0x08000000   Data           4  startup_stm32f4xx.o(RESET)
    __Vectors_End                            0x08000188   Data           0  startup_stm32f4xx.o(RESET)
    __main                                   0x08000189   Thumb Code     0  entry.o(.ARM.Collect$$$$00000000)
    _main_stk                                0x08000189   Thumb Code     0  entry2.o(.ARM.Collect$$$$00000001)
    _main_scatterload                        0x0800018d   Thumb Code     0  entry5.o(.ARM.Collect$$$$00000004)
    __main_after_scatterload                 0x08000191   Thumb Code     0  entry5.o(.ARM.Collect$$$$00000004)
    _main_clock                              0x08000191   Thumb Code     0  entry7b.o(.ARM.Collect$$$$00000008)
    _main_init                               0x08000191   Thumb Code     0  entry8.o(.ARM.Collect$$$$00000009)
    Reset_Handler                            0x0800019d   Thumb Code     8  startup_stm32f4xx.o(.text)
    ADC_IRQHandler                           0x080001b7   Thumb Code     0  startup_stm32f4xx.o(.text)
    CAN1_RX0_IRQHandler                      0x080001b7   Thumb Code     0  startup_stm32f4xx.o(.text)
    CAN1_RX1_IRQHandler                      0x080001b7   Thumb Code     0  startup_stm32f4xx.o(.text)
    CAN1_SCE_IRQHandler                      0x080001b7   Thumb Code     0  startup_stm32f4xx.o(.text)
    CAN1_TX_IRQHandler                       0x080001b7   Thumb Code     0  startup_stm32f4xx.o(.text)
    CAN2_RX0_IRQHandler                      0x080001b7   Thumb Code     0  startup_stm32f4xx.o(.text)
    CAN2_RX1_IRQHandler                      0x080001b7   Thumb Code     0  startup_stm32f4xx.o(.text)
    CAN2_SCE_IRQHandler                      0x080001b7   Thumb Code     0  startup_stm32f4xx.o(.text)
    CAN2_TX_IRQHandler                       0x080001b7   Thumb Code     0  startup_stm32f4xx.o(.text)
    CRYP_IRQHandler                          0x080001b7   Thumb Code     0  startup_stm32f4xx.o(.text)
    DCMI_IRQHandler                          0x080001b7   Thumb Code     0  startup_stm32f4xx.o(.text)
    DMA1_Stream0_IRQHandler                  0x080001b7   Thumb Code     0  startup_stm32f4xx.o(.text)
    DMA1_Stream1_IRQHandler                  0x080001b7   Thumb Code     0  startup_stm32f4xx.o(.text)
    DMA1_Stream2_IRQHandler                  0x080001b7   Thumb Code     0  startup_stm32f4xx.o(.text)
    DMA1_Stream3_IRQHandler                  0x080001b7   Thumb Code     0  startup_stm32f4xx.o(.text)
    DMA1_Stream4_IRQHandler                  0x080001b7   Thumb Code     0  startup_stm32f4xx.o(.text)
    DMA1_Stream5_IRQHandler                  0x080001b7   Thumb Code     0  startup_stm32f4xx.o(.text)
    DMA1_Stream6_IRQHandler                  0x080001b7   Thumb Code     0  startup_stm32f4xx.o(.text)
    DMA1_Stream7_IRQHandler                  0x080001b7   Thumb Code     0  startup_stm32f4xx.o(.text)
    DMA2_Stream0_IRQHandler                  0x080001b7   Thumb Code     0  startup_stm32f4xx.o(.text)
    DMA2_Stream1_IRQHandler                  0x080001b7   Thumb Code     0  startup_stm32f4xx.o(.text)
    DMA2_Stream2_IRQHandler                  0x080001b7   Thumb Code     0  startup_stm32f4xx.o(.text)
    DMA2_Stream3_IRQHandler                  0x080001b7   Thumb Code     0  startup_stm32f4xx.o(.text)
    DMA2_Stream4_IRQHandler                  0x080001b7   Thumb Code     0  startup_stm32f4xx.o(.text)
    DMA2_Stream5_IRQHandler                  0x080001b7   Thumb Code     0  startup_stm32f4xx.o(.text)
    DMA2_Stream6_IRQHandler                  0x080001b7   Thumb Code     0  startup_stm32f4xx.o(.text)
    DMA2_Stream7_IRQHandler                  0x080001b7   Thumb Code     0  startup_stm32f4xx.o(.text)
    ETH_IRQHandler                           0x080001b7   Thumb Code     0  startup_stm32f4xx.o(.text)
    ETH_WKUP_IRQHandler                      0x080001b7   Thumb Code     0  startup_stm32f4xx.o(.text)
    EXTI15_10_IRQHandler                     0x080001b7   Thumb Code     0  startup_stm32f4xx.o(.text)
    EXTI1_IRQHandler                         0x080001b7   Thumb Code     0  startup_stm32f4xx.o(.text)
    EXTI2_IRQHandler                         0x080001b7   Thumb Code     0  startup_stm32f4xx.o(.text)
    EXTI3_IRQHandler                         0x080001b7   Thumb Code     0  startup_stm32f4xx.o(.text)
    FLASH_IRQHandler                         0x080001b7   Thumb Code     0  startup_stm32f4xx.o(.text)
    FPU_IRQHandler                           0x080001b7   Thumb Code     0  startup_stm32f4xx.o(.text)
    FSMC_IRQHandler                          0x080001b7   Thumb Code     0  startup_stm32f4xx.o(.text)
    HASH_RNG_IRQHandler                      0x080001b7   Thumb Code     0  startup_stm32f4xx.o(.text)
    I2C1_ER_IRQHandler                       0x080001b7   Thumb Code     0  startup_stm32f4xx.o(.text)
    I2C1_EV_IRQHandler                       0x080001b7   Thumb Code     0  startup_stm32f4xx.o(.text)
    I2C2_ER_IRQHandler                       0x080001b7   Thumb Code     0  startup_stm32f4xx.o(.text)
    I2C2_EV_IRQHandler                       0x080001b7   Thumb Code     0  startup_stm32f4xx.o(.text)
    I2C3_ER_IRQHandler                       0x080001b7   Thumb Code     0  startup_stm32f4xx.o(.text)
    I2C3_EV_IRQHandler                       0x080001b7   Thumb Code     0  startup_stm32f4xx.o(.text)
    OTG_FS_IRQHandler                        0x080001b7   Thumb Code     0  startup_stm32f4xx.o(.text)
    OTG_FS_WKUP_IRQHandler                   0x080001b7   Thumb Code     0  startup_stm32f4xx.o(.text)
    OTG_HS_EP1_IN_IRQHandler                 0x080001b7   Thumb Code     0  startup_stm32f4xx.o(.text)
    OTG_HS_EP1_OUT_IRQHandler                0x080001b7   Thumb Code     0  startup_stm32f4xx.o(.text)
    OTG_HS_IRQHandler                        0x080001b7   Thumb Code     0  startup_stm32f4xx.o(.text)
    OTG_HS_WKUP_IRQHandler                   0x080001b7   Thumb Code     0  startup_stm32f4xx.o(.text)
    PVD_IRQHandler                           0x080001b7   Thumb Code     0  startup_stm32f4xx.o(.text)
    RCC_IRQHandler                           0x080001b7   Thumb Code     0  startup_stm32f4xx.o(.text)
    RTC_Alarm_IRQHandler                     0x080001b7   Thumb Code     0  startup_stm32f4xx.o(.text)
    RTC_WKUP_IRQHandler                      0x080001b7   Thumb Code     0  startup_stm32f4xx.o(.text)
    SDIO_IRQHandler                          0x080001b7   Thumb Code     0  startup_stm32f4xx.o(.text)
    SPI1_IRQHandler                          0x080001b7   Thumb Code     0  startup_stm32f4xx.o(.text)
    SPI2_IRQHandler                          0x080001b7   Thumb Code     0  startup_stm32f4xx.o(.text)
    SPI3_IRQHandler                          0x080001b7   Thumb Code     0  startup_stm32f4xx.o(.text)
    TAMP_STAMP_IRQHandler                    0x080001b7   Thumb Code     0  startup_stm32f4xx.o(.text)
    TIM1_BRK_TIM9_IRQHandler                 0x080001b7   Thumb Code     0  startup_stm32f4xx.o(.text)
    TIM1_CC_IRQHandler                       0x080001b7   Thumb Code     0  startup_stm32f4xx.o(.text)
    TIM1_TRG_COM_TIM11_IRQHandler            0x080001b7   Thumb Code     0  startup_stm32f4xx.o(.text)
    TIM1_UP_TIM10_IRQHandler                 0x080001b7   Thumb Code     0  startup_stm32f4xx.o(.text)
    TIM2_IRQHandler                          0x080001b7   Thumb Code     0  startup_stm32f4xx.o(.text)
    TIM3_IRQHandler                          0x080001b7   Thumb Code     0  startup_stm32f4xx.o(.text)
    TIM4_IRQHandler                          0x080001b7   Thumb Code     0  startup_stm32f4xx.o(.text)
    TIM5_IRQHandler                          0x080001b7   Thumb Code     0  startup_stm32f4xx.o(.text)
    TIM6_DAC_IRQHandler                      0x080001b7   Thumb Code     0  startup_stm32f4xx.o(.text)
    TIM7_IRQHandler                          0x080001b7   Thumb Code     0  startup_stm32f4xx.o(.text)
    TIM8_BRK_TIM12_IRQHandler                0x080001b7   Thumb Code     0  startup_stm32f4xx.o(.text)
    TIM8_CC_IRQHandler                       0x080001b7   Thumb Code     0  startup_stm32f4xx.o(.text)
    TIM8_TRG_COM_TIM14_IRQHandler            0x080001b7   Thumb Code     0  startup_stm32f4xx.o(.text)
    TIM8_UP_TIM13_IRQHandler                 0x080001b7   Thumb Code     0  startup_stm32f4xx.o(.text)
    UART4_IRQHandler                         0x080001b7   Thumb Code     0  startup_stm32f4xx.o(.text)
    UART5_IRQHandler                         0x080001b7   Thumb Code     0  startup_stm32f4xx.o(.text)
    USART1_IRQHandler                        0x080001b7   Thumb Code     0  startup_stm32f4xx.o(.text)
    USART6_IRQHandler                        0x080001b7   Thumb Code     0  startup_stm32f4xx.o(.text)
    WWDG_IRQHandler                          0x080001b7   Thumb Code     0  startup_stm32f4xx.o(.text)
    strcmp                                   0x080001c1   Thumb Code    28  strcmp.o(.text)
    strtok                                   0x080001dd   Thumb Code    62  strtok.o(.text)
    __0sscanf                                0x08000221   Thumb Code    48  __0sscanf.o(.text)
    _scanf_int                               0x08000259   Thumb Code   336  _scanf_int.o(.text)
    __aeabi_fmul                             0x080003a9   Thumb Code   108  fmul.o(.text)
    __aeabi_i2f                              0x08000415   Thumb Code    18  fflti.o(.text)
    __aeabi_f2iz                             0x08000427   Thumb Code    50  ffixi.o(.text)
    _chval                                   0x08000459   Thumb Code    28  _chval.o(.text)
    __vfscanf_char                           0x08000481   Thumb Code    20  scanf_char.o(.text)
    _sgetc                                   0x0800049d   Thumb Code    30  _sgetc.o(.text)
    _sbackspace                              0x080004bb   Thumb Code    34  _sgetc.o(.text)
    __I$use$fp                               0x080004dd   Thumb Code     0  iusefp.o(.text)
    _float_round                             0x080004dd   Thumb Code    18  fepilogue.o(.text)
    _float_epilogue                          0x080004ef   Thumb Code    90  fepilogue.o(.text)
    __scatterload                            0x08000549   Thumb Code    28  init.o(.text)
    __scatterload_rt2                        0x08000549   Thumb Code     0  init.o(.text)
    isspace                                  0x0800056d   Thumb Code    10  isspace_c.o(.text)
    __vfscanf                                0x08000579   Thumb Code   806  _scanf.o(.text)
    __ctype_lookup                           0x080008a5   Thumb Code    34  ctype_c.o(.text)
    __decompress                             0x080008cd   Thumb Code     0  __dczerorl2.o(.text)
    __decompress1                            0x080008cd   Thumb Code    92  __dczerorl2.o(.text)
    ADC_Cmd                                  0x08000929   Thumb Code    20  stm32f4xx_adc.o(i.ADC_Cmd)
    ADC_CommonInit                           0x0800093d   Thumb Code    30  stm32f4xx_adc.o(i.ADC_CommonInit)
    ADC_DMACmd                               0x08000965   Thumb Code    20  stm32f4xx_adc.o(i.ADC_DMACmd)
    ADC_DMARequestAfterLastTransferCmd       0x08000979   Thumb Code    20  stm32f4xx_adc.o(i.ADC_DMARequestAfterLastTransferCmd)
    ADC_Init                                 0x0800098d   Thumb Code    66  stm32f4xx_adc.o(i.ADC_Init)
    ADC_RegularChannelConfig                 0x080009d9   Thumb Code   116  stm32f4xx_adc.o(i.ADC_RegularChannelConfig)
    ADC_SoftwareStartConv                    0x08000a4d   Thumb Code    10  stm32f4xx_adc.o(i.ADC_SoftwareStartConv)
    BusFault_Handler                         0x08000a57   Thumb Code     2  stm32f4xx_it.o(i.BusFault_Handler)
    DMA_Cmd                                  0x08000a59   Thumb Code    20  stm32f4xx_dma.o(i.DMA_Cmd)
    DMA_Init                                 0x08000a6d   Thumb Code    80  stm32f4xx_dma.o(i.DMA_Init)
    DebugMon_Handler                         0x08000ac1   Thumb Code     2  stm32f4xx_it.o(i.DebugMon_Handler)
    Delay                                    0x08000ac5   Thumb Code    12  delay.o(i.Delay)
    Delay_tick                               0x08000ad5   Thumb Code    10  delay.o(i.Delay_tick)
    EXTI0_IRQHandler                         0x08000ae1   Thumb Code   134  stm32f4xx_it.o(i.EXTI0_IRQHandler)
    EXTI4_IRQHandler                         0x08000b7d   Thumb Code   134  stm32f4xx_it.o(i.EXTI4_IRQHandler)
    EXTI9_5_IRQHandler                       0x08000c19   Thumb Code   408  stm32f4xx_it.o(i.EXTI9_5_IRQHandler)
    EXTI_ClearITPendingBit                   0x08000dbd   Thumb Code     6  stm32f4xx_exti.o(i.EXTI_ClearITPendingBit)
    EXTI_GenerateSWInterrupt                 0x08000dc9   Thumb Code    10  stm32f4xx_exti.o(i.EXTI_GenerateSWInterrupt)
    EXTI_GetITStatus                         0x08000dd9   Thumb Code    28  stm32f4xx_exti.o(i.EXTI_GetITStatus)
    EXTI_Init                                0x08000df9   Thumb Code   108  stm32f4xx_exti.o(i.EXTI_Init)
    GPIO_Init                                0x08000e69   Thumb Code   162  stm32f4xx_gpio.o(i.GPIO_Init)
    GPIO_PinAFConfig                         0x08000f0b   Thumb Code    32  stm32f4xx_gpio.o(i.GPIO_PinAFConfig)
    GPIO_ReadInputDataBit                    0x08000f2b   Thumb Code    14  stm32f4xx_gpio.o(i.GPIO_ReadInputDataBit)
    GPIO_ResetBits                           0x08000f39   Thumb Code     4  stm32f4xx_gpio.o(i.GPIO_ResetBits)
    GPIO_SetBits                             0x08000f3d   Thumb Code     4  stm32f4xx_gpio.o(i.GPIO_SetBits)
    HardFault_Handler                        0x08000f41   Thumb Code     2  stm32f4xx_it.o(i.HardFault_Handler)
    MemManage_Handler                        0x08000f43   Thumb Code     2  stm32f4xx_it.o(i.MemManage_Handler)
    NMI_Handler                              0x08000f45   Thumb Code     2  stm32f4xx_it.o(i.NMI_Handler)
    NVIC_Init                                0x08000f49   Thumb Code    92  misc.o(i.NVIC_Init)
    PWM_SetDC                                0x08000fad   Thumb Code    42  pwm.o(i.PWM_SetDC)
    PendSV_Handler                           0x08000fdd   Thumb Code     2  stm32f4xx_it.o(i.PendSV_Handler)
    RCC_AHB1PeriphClockCmd                   0x08000fe1   Thumb Code    18  stm32f4xx_rcc.o(i.RCC_AHB1PeriphClockCmd)
    RCC_APB1PeriphClockCmd                   0x08000ff9   Thumb Code    18  stm32f4xx_rcc.o(i.RCC_APB1PeriphClockCmd)
    RCC_APB2PeriphClockCmd                   0x08001011   Thumb Code    18  stm32f4xx_rcc.o(i.RCC_APB2PeriphClockCmd)
    RCC_GetClocksFreq                        0x08001029   Thumb Code   134  stm32f4xx_rcc.o(i.RCC_GetClocksFreq)
    STM_EVAL_LEDInit                         0x080010bd   Thumb Code    62  stm32f4_discovery.o(i.STM_EVAL_LEDInit)
    STM_EVAL_LEDOff                          0x08001105   Thumb Code    16  stm32f4_discovery.o(i.STM_EVAL_LEDOff)
    STM_EVAL_LEDOn                           0x0800111d   Thumb Code    16  stm32f4_discovery.o(i.STM_EVAL_LEDOn)
    STM_EVAL_PBGetState                      0x08001135   Thumb Code    16  stm32f4_discovery.o(i.STM_EVAL_PBGetState)
    STM_EVAL_PBInit                          0x0800114d   Thumb Code   144  stm32f4_discovery.o(i.STM_EVAL_PBInit)
    SVC_Handler                              0x080011e5   Thumb Code     2  stm32f4xx_it.o(i.SVC_Handler)
    SYSCFG_EXTILineConfig                    0x080011e9   Thumb Code    34  stm32f4xx_syscfg.o(i.SYSCFG_EXTILineConfig)
    SysTick_Handler                          0x080012ad   Thumb Code    22  stm32f4xx_it.o(i.SysTick_Handler)
    SystemInit                               0x080012c5   Thumb Code    62  system_stm32f4xx.o(i.SystemInit)
    TIM_ARRPreloadConfig                     0x08001315   Thumb Code    20  stm32f4xx_tim.o(i.TIM_ARRPreloadConfig)
    TIM_Cmd                                  0x08001329   Thumb Code    20  stm32f4xx_tim.o(i.TIM_Cmd)
    TIM_CtrlPWMOutputs                       0x0800133d   Thumb Code    22  stm32f4xx_tim.o(i.TIM_CtrlPWMOutputs)
    TIM_OC1Init                              0x08001355   Thumb Code    88  stm32f4xx_tim.o(i.TIM_OC1Init)
    TIM_OC1PreloadConfig                     0x080013b5   Thumb Code    12  stm32f4xx_tim.o(i.TIM_OC1PreloadConfig)
    TIM_OC2Init                              0x080013c1   Thumb Code   120  stm32f4xx_tim.o(i.TIM_OC2Init)
    TIM_OC2PreloadConfig                     0x08001441   Thumb Code    20  stm32f4xx_tim.o(i.TIM_OC2PreloadConfig)
    TIM_OC3Init                              0x08001455   Thumb Code   116  stm32f4xx_tim.o(i.TIM_OC3Init)
    TIM_OC3PreloadConfig                     0x080014d1   Thumb Code    12  stm32f4xx_tim.o(i.TIM_OC3PreloadConfig)
    TIM_TimeBaseInit                         0x080014dd   Thumb Code    96  stm32f4xx_tim.o(i.TIM_TimeBaseInit)
    TimingDelay_Decrement                    0x08001559   Thumb Code    16  delay.o(i.TimingDelay_Decrement)
    USART2_IRQHandler                        0x0800156d   Thumb Code   246  stm32f4xx_it.o(i.USART2_IRQHandler)
    USART3_IRQHandler                        0x0800169d   Thumb Code    54  stm32f4xx_it.o(i.USART3_IRQHandler)
    USART_Cmd                                0x080016e1   Thumb Code    20  stm32f4xx_usart.o(i.USART_Cmd)
    USART_GetITStatus                        0x080016f5   Thumb Code    62  stm32f4xx_usart.o(i.USART_GetITStatus)
    USART_ITConfig                           0x08001733   Thumb Code    48  stm32f4xx_usart.o(i.USART_ITConfig)
    USART_Init                               0x08001765   Thumb Code   174  stm32f4xx_usart.o(i.USART_Init)
    USART_SendData                           0x0800181d   Thumb Code     8  stm32f4xx_usart.o(i.USART_SendData)
    USART_puts                               0x08001825   Thumb Code    34  usart.o(i.USART_puts)
    UsageFault_Handler                       0x08001847   Thumb Code     2  stm32f4xx_it.o(i.UsageFault_Handler)
    __scatterload_copy                       0x08001849   Thumb Code    14  handlers.o(i.__scatterload_copy)
    __scatterload_null                       0x08001857   Thumb Code     2  handlers.o(i.__scatterload_null)
    __scatterload_zeroinit                   0x08001859   Thumb Code    14  handlers.o(i.__scatterload_zeroinit)
    blow                                     0x08001867   Thumb Code    96  pwm.o(i.blow)
    blow_demo                                0x080018c7   Thumb Code    30  pwm.o(i.blow_demo)
    candle_position                          0x080018e5   Thumb Code    74  candle_position.o(i.candle_position)
    candle_sawed                             0x08001951   Thumb Code   276  programs.o(i.candle_sawed)
    chaos                                    0x08001a6d   Thumb Code   456  programs.o(i.chaos)
    check_ultrasound                         0x08001c51   Thumb Code   190  orientation.o(i.check_ultrasound)
    deadline                                 0x08001d15   Thumb Code    10  delay.o(i.deadline)
    deadline_Decrement                       0x08001d25   Thumb Code    18  delay.o(i.deadline_Decrement)
    follow_line                              0x08001d3d   Thumb Code   298  programs.o(i.follow_line)
    homologation                             0x08001e85   Thumb Code   294  programs.o(i.homologation)
    init_ADC                                 0x08001fc1   Thumb Code   228  main_init.o(i.init_ADC)
    init_ALL                                 0x080020c1   Thumb Code    46  main_init.o(i.init_ALL)
    init_PWM                                 0x080020ef   Thumb Code    42  main_init.o(i.init_PWM)
    init_PWM_GPIO                            0x08002119   Thumb Code    86  main_init.o(i.init_PWM_GPIO)
    init_PWM_Timer                           0x08002179   Thumb Code   136  main_init.o(i.init_PWM_Timer)
    init_SysTick                             0x08002211   Thumb Code    48  main_init.o(i.init_SysTick)
    init_USART2                              0x08002249   Thumb Code   142  main_init.o(i.init_USART2)
    init_USART3                              0x080022e9   Thumb Code   142  main_init.o(i.init_USART3)
    init_discovery_board                     0x08002389   Thumb Code    62  main_init.o(i.init_discovery_board)
    init_exti                                0x080023c7   Thumb Code    54  main_init.o(i.init_exti)
    init_exti_GPIO                           0x080023fd   Thumb Code    48  main_init.o(i.init_exti_GPIO)
    init_exti_line6                          0x08002435   Thumb Code    54  main_init.o(i.init_exti_line6)
    init_exti_line7                          0x08002471   Thumb Code    54  main_init.o(i.init_exti_line7)
    init_exti_line8                          0x080024ad   Thumb Code    56  main_init.o(i.init_exti_line8)
    init_exti_line9                          0x080024e9   Thumb Code    56  main_init.o(i.init_exti_line9)
    init_motor                               0x08002525   Thumb Code    14  main_init.o(i.init_motor)
    init_motor_GPIO                          0x08002535   Thumb Code    76  main_init.o(i.init_motor_GPIO)
    init_motor_encoders_EXTI                 0x0800258d   Thumb Code    86  main_init.o(i.init_motor_encoders_EXTI)
    init_ultrasonic                          0x080025e9   Thumb Code    18  main_init.o(i.init_ultrasonic)
    init_ultrasonic_pins                     0x080025fd   Thumb Code    70  main_init.o(i.init_ultrasonic_pins)
    init_ultrasonic_timer                    0x08002655   Thumb Code    68  main_init.o(i.init_ultrasonic_timer)
    main                                     0x080026a9   Thumb Code    92  main.o(i.main)
    menu                                     0x08002709   Thumb Code   478  programs.o(i.menu)
    move                                     0x080028f9   Thumb Code   188  motor.o(i.move)
    move_double                              0x080029bd   Thumb Code    30  motor.o(i.move_double)
    move_robot_degree                        0x080029dd   Thumb Code    70  motor.o(i.move_robot_degree)
    move_unit_double                         0x08002a29   Thumb Code   178  motor.o(i.move_unit_double)
    move_unit_single                         0x08002ae9   Thumb Code   258  motor.o(i.move_unit_single)
    read_ADC_check                           0x08002bf9   Thumb Code    90  orientation.o(i.read_ADC_check)
    read_ultrasound_check                    0x08002c61   Thumb Code   140  orientation.o(i.read_ultrasound_check)
    send_ultrasound                          0x08002cfd   Thumb Code    74  orientation.o(i.send_ultrasound)
    stop                                     0x08002d4d   Thumb Code   108  motor.o(i.stop)
    stop_robot                               0x08002dc9   Thumb Code    24  motor.o(i.stop_robot)
    wall_detect                              0x08002de1   Thumb Code   158  programs.o(i.wall_detect)
    BUTTON_PORT_SOURCE                       0x08002e84   Data           1  stm32f4_discovery.o(.constdata)
    BUTTON_PIN_SOURCE                        0x08002e85   Data           1  stm32f4_discovery.o(.constdata)
    BUTTON_IRQn                              0x08002e86   Data           1  stm32f4_discovery.o(.constdata)
    BUTTON_PIN                               0x08002e88   Data           2  stm32f4_discovery.o(.constdata)
    BUTTON_EXTI_LINE                         0x08002e8a   Data           2  stm32f4_discovery.o(.constdata)
    BUTTON_CLK                               0x08002e8c   Data           4  stm32f4_discovery.o(.constdata)
    GPIO_PIN                                 0x08002e90   Data           8  stm32f4_discovery.o(.constdata)
    GPIO_CLK                                 0x08002e98   Data          16  stm32f4_discovery.o(.constdata)
    __ctype_categories                       0x08002ea8   Data          64  ctype_c.o(.constdata)
    Region$$Table$$Base                      0x08002ee8   Number         0  anon$$obj.o(Region$$Table)
    Region$$Table$$Limit                     0x08002f08   Number         0  anon$$obj.o(Region$$Table)
    SystemCoreClock                          0x20000000   Data           4  system_stm32f4xx.o(.data)
    AHBPrescTable                            0x20000004   Data          16  system_stm32f4xx.o(.data)
    cnt                                      0x20000018   Data           4  stm32f4xx_it.o(.data)
    first_candle                             0x2000001c   Data           4  stm32f4xx_it.o(.data)
    left_encoder                             0x20000020   Data           4  stm32f4xx_it.o(.data)
    right_encoder                            0x20000024   Data           4  stm32f4xx_it.o(.data)
    counter_old_9                            0x20000028   Data           4  stm32f4xx_it.o(.data)
    counter_9                                0x2000002c   Data           4  stm32f4xx_it.o(.data)
    distance_9                               0x20000030   Data           4  stm32f4xx_it.o(.data)
    counter_old_8                            0x20000034   Data           4  stm32f4xx_it.o(.data)
    counter_8                                0x20000038   Data           4  stm32f4xx_it.o(.data)
    distance_8                               0x2000003c   Data           4  stm32f4xx_it.o(.data)
    counter_old_7                            0x20000040   Data           4  stm32f4xx_it.o(.data)
    counter_7                                0x20000044   Data           4  stm32f4xx_it.o(.data)
    distance_7                               0x20000048   Data           4  stm32f4xx_it.o(.data)
    counter_old_6                            0x2000004c   Data           4  stm32f4xx_it.o(.data)
    counter_6                                0x20000050   Data           4  stm32f4xx_it.o(.data)
    distance_6                               0x20000054   Data           4  stm32f4xx_it.o(.data)
    s1                                       0x20000058   Data           4  stm32f4xx_it.o(.data)
    rs                                       0x2000005c   Data           4  stm32f4xx_it.o(.data)
    ps                                       0x20000060   Data           4  stm32f4xx_it.o(.data)
    i                                        0x20000064   Data           4  stm32f4xx_it.o(.data)
    candle                                   0x20000068   Data           8  stm32f4xx_it.o(.data)
    NVIC_InitStructure_USART2                0x20000070   Data           4  main_init.o(.data)
    NVIC_InitStructure_USART3                0x20000074   Data           4  main_init.o(.data)
    NVIC_InitStructure_EXTI                  0x20000078   Data           4  main_init.o(.data)
    ADC3ConvertedValue                       0x2000007c   Data           4  main_init.o(.data)
    GPIO_InitStruct_USART2                   0x20000080   Data           8  main_init.o(.data)
    GPIO_InitStruct_USART3                   0x20000088   Data           8  main_init.o(.data)
    GPIO_InitStructure_Ultrasonic            0x20000090   Data           8  main_init.o(.data)
    GPIO_InitStructure_EXTI                  0x20000098   Data           8  main_init.o(.data)
    GPIO_InitStructure_PWM                   0x200000a0   Data           8  main_init.o(.data)
    GPIO_InitStructure_Motor                 0x200000a8   Data           8  main_init.o(.data)
    GPIO_InitStructure_ADC                   0x200000b0   Data           8  main_init.o(.data)
    EXTI_InitStructure                       0x200000b8   Data           8  main_init.o(.data)
    ADC3ConvertedVoltage                     0x200000c0   Data           8  main_init.o(.data)
    TimintDead                               0x200000c8   Data           4  delay.o(.data)
    dead                                     0x200000cc   Data           4  delay.o(.data)
    candle_saw                               0x200000d4   Data           4  candle_position.o(.data)
    candle_pos                               0x200000d8   Data           4  candle_position.o(.data)
    ultra_pause                              0x200000dc   Data           4  orientation.o(.data)
    ADC_pause                                0x200000e0   Data           4  orientation.o(.data)
    ultra_last_read                          0x200000e4   Data           4  orientation.o(.data)
    ii                                       0x200000e8   Data           4  orientation.o(.data)
    left_white                               0x200000ec   Data           4  orientation.o(.data)
    right_white                              0x200000f0   Data           4  orientation.o(.data)
    left_constant                            0x200000f4   Data           4  motor.o(.data)
    right_constant                           0x200000f8   Data           4  motor.o(.data)
    pwm                                      0x200000fc   Data           4  motor.o(.data)
    logic1                                   0x20000100   Data           4  motor.o(.data)
    logic2                                   0x20000104   Data           4  motor.o(.data)
    start_left_enc                           0x20000108   Data           4  motor.o(.data)
    start_right_enc                          0x2000010c   Data           4  motor.o(.data)
    block_left                               0x20000110   Data           4  motor.o(.data)
    block_left_pos                           0x20000114   Data           4  motor.o(.data)
    block_right                              0x20000118   Data           4  motor.o(.data)
    block_right_pos                          0x2000011c   Data           4  motor.o(.data)
    enc_last_left                            0x20000120   Data           4  programs.o(.data)
    enc_last_right                           0x20000124   Data           4  programs.o(.data)
    chaoss                                   0x20000128   Data           4  programs.o(.data)
    program                                  0x2000012c   Data           4  programs.o(.data)
    stop_length                              0x20000130   Data           4  programs.o(.data)
    h                                        0x20000134   Data           4  programs.o(.data)
    t                                        0x20000138   Data           4  programs.o(.data)
    d                                        0x2000013c   Data           4  programs.o(.data)
    BUTTON_PORT                              0x20000140   Data           4  stm32f4_discovery.o(.data)
    GPIO_PORT                                0x20000144   Data          16  stm32f4_discovery.o(.data)
    received_string2                         0x20000168   Data          51  stm32f4xx_it.o(.bss)
    received_string3                         0x2000019b   Data          51  stm32f4xx_it.o(.bss)
    USART_InitStruct_USART3                  0x200001d0   Data          16  main_init.o(.bss)
    TIM_TimeBaseStructure_Ultrasonic         0x200001e0   Data          12  main_init.o(.bss)
    TIM_TimeBaseStructure_PWM                0x200001ec   Data          12  main_init.o(.bss)
    TIM_OCInitStructure_PWM                  0x200001f8   Data          20  main_init.o(.bss)
    ADC_InitStructure                        0x2000020c   Data          24  main_init.o(.bss)
    ADC_CommonInitStructure                  0x20000224   Data          16  main_init.o(.bss)
    DMA_InitStructure                        0x20000234   Data          60  main_init.o(.bss)
    distance                                 0x20000270   Data          48  orientation.o(.bss)
    distance_out                             0x200002a0   Data          16  orientation.o(.bss)
    next_wr                                  0x200002b0   Data          16  orientation.o(.bss)
    __initial_sp                             0x200006c0   Data           0  startup_stm32f4xx.o(STACK)



==============================================================================

Memory Map of the image

  Image Entry point : 0x08000189

  Load Region LR_IROM1 (Base: 0x08000000, Size: 0x00003070, Max: 0x00100000, ABSOLUTE, COMPRESSED[0x00002f44])

    Execution Region ER_IROM1 (Base: 0x08000000, Size: 0x00002f08, Max: 0x00100000, ABSOLUTE)

    Base Addr    Size         Type   Attr      Idx    E Section Name        Object

    0x08000000   0x00000188   Data   RO         2805    RESET               startup_stm32f4xx.o
    0x08000188   0x00000000   Code   RO         2810  * .ARM.Collect$$$$00000000  mc_w.l(entry.o)
    0x08000188   0x00000004   Code   RO         2831    .ARM.Collect$$$$00000001  mc_w.l(entry2.o)
    0x0800018c   0x00000004   Code   RO         2834    .ARM.Collect$$$$00000004  mc_w.l(entry5.o)
    0x08000190   0x00000000   Code   RO         2836    .ARM.Collect$$$$00000008  mc_w.l(entry7b.o)
    0x08000190   0x00000008   Code   RO         2837    .ARM.Collect$$$$00000009  mc_w.l(entry8.o)
    0x08000198   0x00000004   Code   RO         2832    .ARM.Collect$$$$00002712  mc_w.l(entry2.o)
    0x0800019c   0x00000024   Code   RO         2806    .text               startup_stm32f4xx.o
    0x080001c0   0x0000001c   Code   RO         2813    .text               mc_w.l(strcmp.o)
    0x080001dc   0x00000044   Code   RO         2815    .text               mc_w.l(strtok.o)
    0x08000220   0x00000038   Code   RO         2821    .text               mc_w.l(__0sscanf.o)
    0x08000258   0x00000150   Code   RO         2823    .text               mc_w.l(_scanf_int.o)
    0x080003a8   0x0000006c   Code   RO         2825    .text               mf_w.l(fmul.o)
    0x08000414   0x00000012   Code   RO         2827    .text               mf_w.l(fflti.o)
    0x08000426   0x00000032   Code   RO         2829    .text               mf_w.l(ffixi.o)
    0x08000458   0x0000001c   Code   RO         2838    .text               mc_w.l(_chval.o)
    0x08000474   0x00000028   Code   RO         2840    .text               mc_w.l(scanf_char.o)
    0x0800049c   0x00000040   Code   RO         2842    .text               mc_w.l(_sgetc.o)
    0x080004dc   0x00000000   Code   RO         2844    .text               mc_w.l(iusefp.o)
    0x080004dc   0x0000006c   Code   RO         2845    .text               mf_w.l(fepilogue.o)
    0x08000548   0x00000024   Code   RO         2847    .text               mc_w.l(init.o)
    0x0800056c   0x0000000a   Code   RO         2849    .text               mc_w.l(isspace_c.o)
    0x08000576   0x00000002   PAD
    0x08000578   0x0000032c   Code   RO         2851    .text               mc_w.l(_scanf.o)
    0x080008a4   0x00000028   Code   RO         2853    .text               mc_w.l(ctype_c.o)
    0x080008cc   0x0000005c   Code   RO         2864    .text               mc_w.l(__dczerorl2.o)
    0x08000928   0x00000014   Code   RO         1033    i.ADC_Cmd           stm32f4xx_adc.o
    0x0800093c   0x00000028   Code   RO         1034    i.ADC_CommonInit    stm32f4xx_adc.o
    0x08000964   0x00000014   Code   RO         1037    i.ADC_DMACmd        stm32f4xx_adc.o
    0x08000978   0x00000014   Code   RO         1038    i.ADC_DMARequestAfterLastTransferCmd  stm32f4xx_adc.o
    0x0800098c   0x0000004c   Code   RO         1053    i.ADC_Init          stm32f4xx_adc.o
    0x080009d8   0x00000074   Code   RO         1058    i.ADC_RegularChannelConfig  stm32f4xx_adc.o
    0x08000a4c   0x0000000a   Code   RO         1060    i.ADC_SoftwareStartConv  stm32f4xx_adc.o
    0x08000a56   0x00000002   Code   RO          200    i.BusFault_Handler  stm32f4xx_it.o
    0x08000a58   0x00000014   Code   RO         1270    i.DMA_Cmd           stm32f4xx_dma.o
    0x08000a6c   0x00000054   Code   RO         1282    i.DMA_Init          stm32f4xx_dma.o
    0x08000ac0   0x00000002   Code   RO          201    i.DebugMon_Handler  stm32f4xx_it.o
    0x08000ac2   0x00000002   PAD
    0x08000ac4   0x00000010   Code   RO          484    i.Delay             delay.o
    0x08000ad4   0x0000000a   Code   RO          485    i.Delay_tick        delay.o
    0x08000ade   0x00000002   PAD
    0x08000ae0   0x0000009c   Code   RO          202    i.EXTI0_IRQHandler  stm32f4xx_it.o
    0x08000b7c   0x0000009c   Code   RO          203    i.EXTI4_IRQHandler  stm32f4xx_it.o
    0x08000c18   0x000001a4   Code   RO          204    i.EXTI9_5_IRQHandler  stm32f4xx_it.o
    0x08000dbc   0x0000000c   Code   RO         1396    i.EXTI_ClearITPendingBit  stm32f4xx_exti.o
    0x08000dc8   0x00000010   Code   RO         1398    i.EXTI_GenerateSWInterrupt  stm32f4xx_exti.o
    0x08000dd8   0x00000020   Code   RO         1400    i.EXTI_GetITStatus  stm32f4xx_exti.o
    0x08000df8   0x00000070   Code   RO         1401    i.EXTI_Init         stm32f4xx_exti.o
    0x08000e68   0x000000a2   Code   RO         1457    i.GPIO_Init         stm32f4xx_gpio.o
    0x08000f0a   0x00000020   Code   RO         1458    i.GPIO_PinAFConfig  stm32f4xx_gpio.o
    0x08000f2a   0x0000000e   Code   RO         1461    i.GPIO_ReadInputDataBit  stm32f4xx_gpio.o
    0x08000f38   0x00000004   Code   RO         1464    i.GPIO_ResetBits    stm32f4xx_gpio.o
    0x08000f3c   0x00000004   Code   RO         1465    i.GPIO_SetBits      stm32f4xx_gpio.o
    0x08000f40   0x00000002   Code   RO          205    i.HardFault_Handler  stm32f4xx_it.o
    0x08000f42   0x00000002   Code   RO          206    i.MemManage_Handler  stm32f4xx_it.o
    0x08000f44   0x00000002   Code   RO          207    i.NMI_Handler       stm32f4xx_it.o
    0x08000f46   0x00000002   PAD
    0x08000f48   0x00000064   Code   RO          824    i.NVIC_Init         misc.o
    0x08000fac   0x00000030   Code   RO          600    i.PWM_SetDC         pwm.o
    0x08000fdc   0x00000002   Code   RO          208    i.PendSV_Handler    stm32f4xx_it.o
    0x08000fde   0x00000002   PAD
    0x08000fe0   0x00000018   Code   RO         1740    i.RCC_AHB1PeriphClockCmd  stm32f4xx_rcc.o
    0x08000ff8   0x00000018   Code   RO         1749    i.RCC_APB1PeriphClockCmd  stm32f4xx_rcc.o
    0x08001010   0x00000018   Code   RO         1752    i.RCC_APB2PeriphClockCmd  stm32f4xx_rcc.o
    0x08001028   0x00000094   Code   RO         1761    i.RCC_GetClocksFreq  stm32f4xx_rcc.o
    0x080010bc   0x00000048   Code   RO          770    i.STM_EVAL_LEDInit  stm32f4_discovery.o
    0x08001104   0x00000018   Code   RO          771    i.STM_EVAL_LEDOff   stm32f4_discovery.o
    0x0800111c   0x00000018   Code   RO          772    i.STM_EVAL_LEDOn    stm32f4_discovery.o
    0x08001134   0x00000018   Code   RO          774    i.STM_EVAL_PBGetState  stm32f4_discovery.o
    0x0800114c   0x00000098   Code   RO          775    i.STM_EVAL_PBInit   stm32f4_discovery.o
    0x080011e4   0x00000002   Code   RO          209    i.SVC_Handler       stm32f4xx_it.o
    0x080011e6   0x00000002   PAD
    0x080011e8   0x00000028   Code   RO         2215    i.SYSCFG_EXTILineConfig  stm32f4xx_syscfg.o
    0x08001210   0x0000009c   Code   RO          145    i.SetSysClock       system_stm32f4xx.o
    0x080012ac   0x00000016   Code   RO          210    i.SysTick_Handler   stm32f4xx_it.o
    0x080012c2   0x00000002   PAD
    0x080012c4   0x00000050   Code   RO          147    i.SystemInit        system_stm32f4xx.o
    0x08001314   0x00000014   Code   RO         2260    i.TIM_ARRPreloadConfig  stm32f4xx_tim.o
    0x08001328   0x00000014   Code   RO         2272    i.TIM_Cmd           stm32f4xx_tim.o
    0x0800133c   0x00000016   Code   RO         2274    i.TIM_CtrlPWMOutputs  stm32f4xx_tim.o
    0x08001352   0x00000002   PAD
    0x08001354   0x00000060   Code   RO         2301    i.TIM_OC1Init       stm32f4xx_tim.o
    0x080013b4   0x0000000c   Code   RO         2304    i.TIM_OC1PreloadConfig  stm32f4xx_tim.o
    0x080013c0   0x00000080   Code   RO         2306    i.TIM_OC2Init       stm32f4xx_tim.o
    0x08001440   0x00000014   Code   RO         2309    i.TIM_OC2PreloadConfig  stm32f4xx_tim.o
    0x08001454   0x0000007c   Code   RO         2311    i.TIM_OC3Init       stm32f4xx_tim.o
    0x080014d0   0x0000000c   Code   RO         2314    i.TIM_OC3PreloadConfig  stm32f4xx_tim.o
    0x080014dc   0x0000007c   Code   RO         2344    i.TIM_TimeBaseInit  stm32f4xx_tim.o
    0x08001558   0x00000014   Code   RO          486    i.TimingDelay_Decrement  delay.o
    0x0800156c   0x00000130   Code   RO          211    i.USART2_IRQHandler  stm32f4xx_it.o
    0x0800169c   0x00000044   Code   RO          212    i.USART3_IRQHandler  stm32f4xx_it.o
    0x080016e0   0x00000014   Code   RO         1557    i.USART_Cmd         stm32f4xx_usart.o
    0x080016f4   0x0000003e   Code   RO         1561    i.USART_GetITStatus  stm32f4xx_usart.o
    0x08001732   0x00000030   Code   RO         1563    i.USART_ITConfig    stm32f4xx_usart.o
    0x08001762   0x00000002   PAD
    0x08001764   0x000000b8   Code   RO         1564    i.USART_Init        stm32f4xx_usart.o
    0x0800181c   0x00000008   Code   RO         1574    i.USART_SendData    stm32f4xx_usart.o
    0x08001824   0x00000022   Code   RO          468    i.USART_puts        usart.o
    0x08001846   0x00000002   Code   RO          213    i.UsageFault_Handler  stm32f4xx_it.o
    0x08001848   0x0000000e   Code   RO         2858    i.__scatterload_copy  mc_w.l(handlers.o)
    0x08001856   0x00000002   Code   RO         2859    i.__scatterload_null  mc_w.l(handlers.o)
    0x08001858   0x0000000e   Code   RO         2860    i.__scatterload_zeroinit  mc_w.l(handlers.o)
    0x08001866   0x00000060   Code   RO          601    i.blow              pwm.o
    0x080018c6   0x0000001e   Code   RO          602    i.blow_demo         pwm.o
    0x080018e4   0x0000006c   Code   RO          530    i.candle_position   candle_position.o
    0x08001950   0x0000011c   Code   RO          694    i.candle_sawed      programs.o
    0x08001a6c   0x000001e4   Code   RO          695    i.chaos             programs.o
    0x08001c50   0x000000c4   Code   RO          558    i.check_ultrasound  orientation.o
    0x08001d14   0x00000010   Code   RO          487    i.deadline          delay.o
    0x08001d24   0x00000018   Code   RO          488    i.deadline_Decrement  delay.o
    0x08001d3c   0x00000148   Code   RO          697    i.follow_line       programs.o
    0x08001e84   0x0000013c   Code   RO          699    i.homologation      programs.o
    0x08001fc0   0x00000100   Code   RO          320    i.init_ADC          main_init.o
    0x080020c0   0x0000002e   Code   RO          321    i.init_ALL          main_init.o
    0x080020ee   0x0000002a   Code   RO          322    i.init_PWM          main_init.o
    0x08002118   0x00000060   Code   RO          323    i.init_PWM_GPIO     main_init.o
    0x08002178   0x00000098   Code   RO          324    i.init_PWM_Timer    main_init.o
    0x08002210   0x00000038   Code   RO          325    i.init_SysTick      main_init.o
    0x08002248   0x000000a0   Code   RO          326    i.init_USART2       main_init.o
    0x080022e8   0x000000a0   Code   RO          327    i.init_USART3       main_init.o
    0x08002388   0x0000003e   Code   RO          328    i.init_discovery_board  main_init.o
    0x080023c6   0x00000036   Code   RO          329    i.init_exti         main_init.o
    0x080023fc   0x00000038   Code   RO          330    i.init_exti_GPIO    main_init.o
    0x08002434   0x0000003c   Code   RO          331    i.init_exti_line6   main_init.o
    0x08002470   0x0000003c   Code   RO          332    i.init_exti_line7   main_init.o
    0x080024ac   0x0000003c   Code   RO          333    i.init_exti_line8   main_init.o
    0x080024e8   0x0000003c   Code   RO          334    i.init_exti_line9   main_init.o
    0x08002524   0x0000000e   Code   RO          335    i.init_motor        main_init.o
    0x08002532   0x00000002   PAD
    0x08002534   0x00000058   Code   RO          336    i.init_motor_GPIO   main_init.o
    0x0800258c   0x0000005c   Code   RO          337    i.init_motor_encoders_EXTI  main_init.o
    0x080025e8   0x00000012   Code   RO          338    i.init_ultrasonic   main_init.o
    0x080025fa   0x00000002   PAD
    0x080025fc   0x00000058   Code   RO          339    i.init_ultrasonic_pins  main_init.o
    0x08002654   0x00000054   Code   RO          340    i.init_ultrasonic_timer  main_init.o
    0x080026a8   0x00000060   Code   RO            2    i.main              main.o
    0x08002708   0x000001f0   Code   RO          701    i.menu              programs.o
    0x080028f8   0x000000c4   Code   RO          628    i.move              motor.o
    0x080029bc   0x0000001e   Code   RO          629    i.move_double       motor.o
    0x080029da   0x00000002   PAD
    0x080029dc   0x0000004c   Code   RO          630    i.move_robot_degree  motor.o
    0x08002a28   0x000000c0   Code   RO          631    i.move_unit_double  motor.o
    0x08002ae8   0x00000110   Code   RO          632    i.move_unit_single  motor.o
    0x08002bf8   0x00000068   Code   RO          559    i.read_ADC_check    orientation.o
    0x08002c60   0x0000009c   Code   RO          560    i.read_ultrasound_check  orientation.o
    0x08002cfc   0x00000050   Code   RO          561    i.send_ultrasound   orientation.o
    0x08002d4c   0x0000007c   Code   RO          633    i.stop              motor.o
    0x08002dc8   0x00000018   Code   RO          634    i.stop_robot        motor.o
    0x08002de0   0x000000a4   Code   RO          703    i.wall_detect       programs.o
    0x08002e84   0x00000024   Data   RO          776    .constdata          stm32f4_discovery.o
    0x08002ea8   0x00000040   Data   RO         2854    .constdata          mc_w.l(ctype_c.o)
    0x08002ee8   0x00000020   Data   RO         2856    Region$$Table       anon$$obj.o


    Execution Region RW_IRAM1 (Base: 0x20000000, Size: 0x000006c0, Max: 0x00020000, ABSOLUTE, COMPRESSED[0x0000003c])

    Base Addr    Size         Type   Attr      Idx    E Section Name        Object

    0x20000000   0x00000014   Data   RW          148    .data               system_stm32f4xx.o
    0x20000014   0x0000005c   Data   RW          215    .data               stm32f4xx_it.o
    0x20000070   0x00000050   Data   RW          344    .data               main_init.o
    0x200000c0   0x00000008   Data   RW          345    .data               main_init.o
    0x200000c8   0x0000000c   Data   RW          489    .data               delay.o
    0x200000d4   0x00000004   Data   RW          532    .data               candle_position.o
    0x200000d8   0x00000004   Data   RW          533    .data               candle_position.o
    0x200000dc   0x00000018   Data   RW          564    .data               orientation.o
    0x200000f4   0x0000002c   Data   RW          635    .data               motor.o
    0x20000120   0x00000020   Data   RW          704    .data               programs.o
    0x20000140   0x00000014   Data   RW          777    .data               stm32f4_discovery.o
    0x20000154   0x00000010   Data   RW         1784    .data               stm32f4xx_rcc.o
    0x20000164   0x00000004   Data   RW         2816    .data               mc_w.l(strtok.o)
    0x20000168   0x00000066   Zero   RW          214    .bss                stm32f4xx_it.o
    0x200001ce   0x00000002   PAD
    0x200001d0   0x000000a0   Zero   RW          342    .bss                main_init.o
    0x20000270   0x00000050   Zero   RW          562    .bss                orientation.o
    0x200002c0   0x00000400   Zero   RW         2803    STACK               startup_stm32f4xx.o


==============================================================================

Image component sizes


      Code (inc. data)   RO Data    RW Data    ZI Data      Debug   Object Name

       108         34          0          8          0       1144   candle_position.o
        86         20          0         12          0       2143   delay.o
        96         12          0          0          0     274527   main.o
      1764        178          0         88        160      29189   main_init.o
       100          8          0          0          0      15524   misc.o
       914         58          0         44          0       4025   motor.o
       536         42          0         24         80       3048   orientation.o
      2072        120          0         32          0       4399   programs.o
       174          6          0          0          0       1191   pwm.o
        36          8        392          0       1024        688   startup_stm32f4xx.o
       296         42         36         20          0       4823   stm32f4_discovery.o
       302         20          0          0          0      18879   stm32f4xx_adc.o
       104          4          0          0          0      14853   stm32f4xx_dma.o
       172         20          0          0          0       4879   stm32f4xx_exti.o
       216          0          0          0          0       9427   stm32f4xx_gpio.o
      1142        128          0         92        102       7540   stm32f4xx_it.o
       220         32          0         16          0      16939   stm32f4xx_rcc.o
        40          6          0          0          0        576   stm32f4xx_syscfg.o
       578         52          0          0          0      26843   stm32f4xx_tim.o
       322         10          0          0          0       9703   stm32f4xx_usart.o
       236         34          0         20          0     212933   system_stm32f4xx.o
        34          0          0          0          0        817   usart.o

    ----------------------------------------------------------------------
      9570        834        460        356       1368     664090   Object Totals
         0          0         32          0          0          0   (incl. Generated)
        22          0          0          0          2          0   (incl. Padding)

    ----------------------------------------------------------------------

      Code (inc. data)   RO Data    RW Data    ZI Data      Debug   Library Member Name

        56          8          0          0          0         84   __0sscanf.o
        92          0          0          0          0          0   __dczerorl2.o
        28          0          0          0          0         68   _chval.o
       812          6          0          0          0        112   _scanf.o
       336          0          0          0          0         92   _scanf_int.o
        64          0          0          0          0         84   _sgetc.o
        40          6         64          0          0         68   ctype_c.o
         0          0          0          0          0          0   entry.o
         8          4          0          0          0          0   entry2.o
         4          0          0          0          0          0   entry5.o
         0          0          0          0          0          0   entry7b.o
         8          4          0          0          0          0   entry8.o
        30          0          0          0          0          0   handlers.o
        36          8          0          0          0         68   init.o
        10          0          0          0          0         68   isspace_c.o
         0          0          0          0          0          0   iusefp.o
        40          8          0          0          0         84   scanf_char.o
        28          0          0          0          0         76   strcmp.o
        68          6          0          4          0         80   strtok.o
       108          0          0          0          0        168   fepilogue.o
        50          0          0          0          0         68   ffixi.o
        18          0          0          0          0         68   fflti.o
       108          0          0          0          0         76   fmul.o

    ----------------------------------------------------------------------
      1946         50         64          4          0       1264   Library Totals
         2          0          0          0          0          0   (incl. Padding)

    ----------------------------------------------------------------------

      Code (inc. data)   RO Data    RW Data    ZI Data      Debug   Library Name

      1660         50         64          4          0        884   mc_w.l
       284          0          0          0          0        380   mf_w.l

    ----------------------------------------------------------------------
      1946         50         64          4          0       1264   Library Totals

    ----------------------------------------------------------------------

==============================================================================


      Code (inc. data)   RO Data    RW Data    ZI Data      Debug   

     11516        884        524        360       1368     659114   Grand Totals
     11516        884        524         60       1368     659114   ELF Image Totals (compressed)
     11516        884        524         60          0          0   ROM Totals

==============================================================================

    Total RO  Size (Code + RO Data)                12040 (  11.76kB)
    Total RW  Size (RW Data + ZI Data)              1728 (   1.69kB)
    Total ROM Size (Code + RO Data + RW Data)      12100 (  11.82kB)

==============================================================================

