ARM Linker, 5.02 [Build 28] [MDK-ARM Lite]

==============================================================================

Section Cross References

    main.o(i.main) refers to main_init.o(i.init_ALL) for init_ALL
    main.o(i.main) refers to motor.o(i.move) for move
    main.o(i.main) refers to pwm.o(i.blow) for blow
    main.o(i.main) refers to stm32f4_discovery.o(i.STM_EVAL_LEDToggle) for STM_EVAL_LEDToggle
    main.o(i.main) refers to motor.o(i.stop) for stop
    main.o(i.main) refers to delay.o(i.Delay) for Delay
    main.o(i.main) refers to delay.o(i.Delay_tick) for Delay_tick
    main.o(i.main) refers to main.o(.data) for .data
    system_stm32f4xx.o(i.SystemCoreClockUpdate) refers to system_stm32f4xx.o(.data) for .data
    system_stm32f4xx.o(i.SystemInit) refers to system_stm32f4xx.o(i.SetSysClock) for SetSysClock
    stm32f4xx_it.o(i.EXTI0_IRQHandler) refers to stm32f4xx_exti.o(i.EXTI_GetITStatus) for EXTI_GetITStatus
    stm32f4xx_it.o(i.EXTI0_IRQHandler) refers to stm32f4xx_gpio.o(i.GPIO_ReadInputDataBit) for GPIO_ReadInputDataBit
    stm32f4xx_it.o(i.EXTI0_IRQHandler) refers to stm32f4xx_exti.o(i.EXTI_ClearITPendingBit) for EXTI_ClearITPendingBit
    stm32f4xx_it.o(i.EXTI0_IRQHandler) refers to stm32f4xx_it.o(.data) for .data
    stm32f4xx_it.o(i.EXTI4_IRQHandler) refers to stm32f4xx_exti.o(i.EXTI_GetITStatus) for EXTI_GetITStatus
    stm32f4xx_it.o(i.EXTI4_IRQHandler) refers to stm32f4xx_gpio.o(i.GPIO_ReadInputDataBit) for GPIO_ReadInputDataBit
    stm32f4xx_it.o(i.EXTI4_IRQHandler) refers to stm32f4xx_exti.o(i.EXTI_ClearITPendingBit) for EXTI_ClearITPendingBit
    stm32f4xx_it.o(i.EXTI4_IRQHandler) refers to stm32f4xx_it.o(.data) for .data
    stm32f4xx_it.o(i.EXTI9_5_IRQHandler) refers to stm32f4xx_exti.o(i.EXTI_GetITStatus) for EXTI_GetITStatus
    stm32f4xx_it.o(i.EXTI9_5_IRQHandler) refers to stm32f4xx_gpio.o(i.GPIO_ReadInputDataBit) for GPIO_ReadInputDataBit
    stm32f4xx_it.o(i.EXTI9_5_IRQHandler) refers to orientation.o(i.send_ultrasound) for send_ultrasound
    stm32f4xx_it.o(i.EXTI9_5_IRQHandler) refers to stm32f4xx_exti.o(i.EXTI_ClearITPendingBit) for EXTI_ClearITPendingBit
    stm32f4xx_it.o(i.EXTI9_5_IRQHandler) refers to stm32f4xx_it.o(.data) for .data
    stm32f4xx_it.o(i.SysTick_Handler) refers to delay.o(i.TimingDelay_Decrement) for TimingDelay_Decrement
    stm32f4xx_it.o(i.SysTick_Handler) refers to orientation.o(i.read_ultrasound_check) for read_ultrasound_check
    stm32f4xx_it.o(i.USART2_IRQHandler) refers to _scanf_int.o(.text) for _scanf_int
    stm32f4xx_it.o(i.USART2_IRQHandler) refers to stm32f4xx_usart.o(i.USART_GetITStatus) for USART_GetITStatus
    stm32f4xx_it.o(i.USART2_IRQHandler) refers to stm32f4_discovery.o(i.STM_EVAL_LEDOn) for STM_EVAL_LEDOn
    stm32f4xx_it.o(i.USART2_IRQHandler) refers to strcmp.o(.text) for strcmp
    stm32f4xx_it.o(i.USART2_IRQHandler) refers to usart.o(i.USART_puts) for USART_puts
    stm32f4xx_it.o(i.USART2_IRQHandler) refers to strtok.o(.text) for strtok
    stm32f4xx_it.o(i.USART2_IRQHandler) refers to __0sscanf.o(.text) for __0sscanf
    stm32f4xx_it.o(i.USART2_IRQHandler) refers to stm32f4xx_it.o(.bss) for .bss
    stm32f4xx_it.o(i.USART2_IRQHandler) refers to stm32f4xx_it.o(.data) for .data
    stm32f4xx_it.o(i.USART3_IRQHandler) refers to stm32f4xx_usart.o(i.USART_GetITStatus) for USART_GetITStatus
    stm32f4xx_it.o(i.USART3_IRQHandler) refers to stm32f4xx_it.o(.bss) for .bss
    stm32f4xx_it.o(i.USART3_IRQHandler) refers to stm32f4xx_it.o(.data) for .data
    main_init.o(i.init_ALL) refers to main_init.o(i.init_discovery_board) for init_discovery_board
    main_init.o(i.init_ALL) refers to main_init.o(i.init_SysTick) for init_SysTick
    main_init.o(i.init_ALL) refers to main_init.o(i.init_USART2) for init_USART2
    main_init.o(i.init_ALL) refers to main_init.o(i.init_USART3) for init_USART3
    main_init.o(i.init_ALL) refers to main_init.o(i.init_ultrasonic) for init_ultrasonic
    main_init.o(i.init_ALL) refers to main_init.o(i.init_PWM) for init_PWM
    main_init.o(i.init_ALL) refers to main_init.o(i.init_motor) for init_motor
    main_init.o(i.init_PWM) refers to main_init.o(i.init_PWM_GPIO) for init_PWM_GPIO
    main_init.o(i.init_PWM) refers to main_init.o(i.init_PWM_Timer) for init_PWM_Timer
    main_init.o(i.init_PWM) refers to pwm.o(i.PWM_SetDC) for PWM_SetDC
    main_init.o(i.init_PWM_GPIO) refers to stm32f4xx_rcc.o(i.RCC_APB2PeriphClockCmd) for RCC_APB2PeriphClockCmd
    main_init.o(i.init_PWM_GPIO) refers to stm32f4xx_rcc.o(i.RCC_AHB1PeriphClockCmd) for RCC_AHB1PeriphClockCmd
    main_init.o(i.init_PWM_GPIO) refers to stm32f4xx_gpio.o(i.GPIO_Init) for GPIO_Init
    main_init.o(i.init_PWM_GPIO) refers to stm32f4xx_gpio.o(i.GPIO_PinAFConfig) for GPIO_PinAFConfig
    main_init.o(i.init_PWM_GPIO) refers to main_init.o(.data) for .data
    main_init.o(i.init_PWM_Timer) refers to stm32f4xx_tim.o(i.TIM_TimeBaseInit) for TIM_TimeBaseInit
[...]
    main_init.o(i.init_ultrasonic_timer) refers to stm32f4xx_tim.o(i.TIM_ARRPreloadConfig) for TIM_ARRPreloadConfig
    main_init.o(i.init_ultrasonic_timer) refers to stm32f4xx_tim.o(i.TIM_Cmd) for TIM_Cmd
    main_init.o(i.init_ultrasonic_timer) refers to system_stm32f4xx.o(.data) for SystemCoreClock
    main_init.o(i.init_ultrasonic_timer) refers to main_init.o(.bss) for .bss
    usart.o(i.USART_puts) refers to stm32f4xx_usart.o(i.USART_SendData) for USART_SendData
    delay.o(i.Delay) refers to delay.o(.data) for .data
    delay.o(i.TimingDelay_Decrement) refers to delay.o(.data) for .data
    candle_position.o(i.candle_position) refers to stm32f4_discovery.o(i.STM_EVAL_LEDOn) for STM_EVAL_LEDOn
    candle_position.o(i.candle_position) refers to stm32f4_discovery.o(i.STM_EVAL_LEDOff) for STM_EVAL_LEDOff
    candle_position.o(i.candle_position) refers to usart.o(i.USART_puts) for USART_puts
    orientation.o(i.check_ultrasound) refers to orientation.o(.bss) for .bss
    orientation.o(i.read_ultrasound_check) refers to stm32f4xx_gpio.o(i.GPIO_SetBits) for GPIO_SetBits
    orientation.o(i.read_ultrasound_check) refers to delay.o(i.Delay_tick) for Delay_tick
    orientation.o(i.read_ultrasound_check) refers to stm32f4xx_gpio.o(i.GPIO_ResetBits) for GPIO_ResetBits
    orientation.o(i.read_ultrasound_check) refers to orientation.o(.data) for .data
    orientation.o(i.send_ultrasound) refers to orientation.o(i.check_ultrasound) for check_ultrasound
    orientation.o(i.send_ultrasound) refers to orientation.o(.bss) for .bss
    pwm.o(i.blow) refers to pwm.o(i.PWM_SetDC) for PWM_SetDC
    pwm.o(i.blow) refers to delay.o(i.Delay) for Delay
    motor.o(i.move) refers to stm32f4xx_gpio.o(i.GPIO_SetBits) for GPIO_SetBits
    motor.o(i.move) refers to pwm.o(i.PWM_SetDC) for PWM_SetDC
    motor.o(i.move) refers to stm32f4xx_gpio.o(i.GPIO_ResetBits) for GPIO_ResetBits
    motor.o(i.move) refers to motor.o(.data) for .data
    motor.o(i.stop) refers to stm32f4xx_gpio.o(i.GPIO_ResetBits) for GPIO_ResetBits
    motor.o(i.stop) refers to pwm.o(i.PWM_SetDC) for PWM_SetDC
    motor.o(i.stop) refers to stm32f4xx_gpio.o(i.GPIO_SetBits) for GPIO_SetBits
    motor.o(i.stop) refers to motor.o(.data) for .data
    stm32f4_discovery.o(i.STM_EVAL_LEDInit) refers to stm32f4xx_rcc.o(i.RCC_AHB1PeriphClockCmd) for RCC_AHB1PeriphClockCmd
    stm32f4_discovery.o(i.STM_EVAL_LEDInit) refers to stm32f4xx_gpio.o(i.GPIO_Init) for GPIO_Init
    stm32f4_discovery.o(i.STM_EVAL_LEDInit) refers to stm32f4_discovery.o(.constdata) for .constdata
    stm32f4_discovery.o(i.STM_EVAL_LEDInit) refers to stm32f4_discovery.o(.data) for .data
    stm32f4_discovery.o(i.STM_EVAL_LEDOff) refers to stm32f4_discovery.o(.constdata) for .constdata
    stm32f4_discovery.o(i.STM_EVAL_LEDOff) refers to stm32f4_discovery.o(.data) for .data
    stm32f4_discovery.o(i.STM_EVAL_LEDOn) refers to stm32f4_discovery.o(.constdata) for .constdata
    stm32f4_discovery.o(i.STM_EVAL_LEDOn) refers to stm32f4_discovery.o(.data) for .data
    stm32f4_discovery.o(i.STM_EVAL_LEDToggle) refers to stm32f4_discovery.o(.data) for .data
    stm32f4_discovery.o(i.STM_EVAL_LEDToggle) refers to stm32f4_discovery.o(.constdata) for .constdata
    stm32f4_discovery.o(i.STM_EVAL_PBGetState) refers to stm32f4xx_gpio.o(i.GPIO_ReadInputDataBit) for GPIO_ReadInputDataBit
    stm32f4_discovery.o(i.STM_EVAL_PBGetState) refers to stm32f4_discovery.o(.constdata) for .constdata
    stm32f4_discovery.o(i.STM_EVAL_PBGetState) refers to stm32f4_discovery.o(.data) for .data
    stm32f4_discovery.o(i.STM_EVAL_PBInit) refers to stm32f4xx_rcc.o(i.RCC_AHB1PeriphClockCmd) for RCC_AHB1PeriphClockCmd
    stm32f4_discovery.o(i.STM_EVAL_PBInit) refers to stm32f4xx_rcc.o(i.RCC_APB2PeriphClockCmd) for RCC_APB2PeriphClockCmd
    stm32f4_discovery.o(i.STM_EVAL_PBInit) refers to stm32f4xx_gpio.o(i.GPIO_Init) for GPIO_Init
    stm32f4_discovery.o(i.STM_EVAL_PBInit) refers to stm32f4xx_syscfg.o(i.SYSCFG_EXTILineConfig) for SYSCFG_EXTILineConfig
    stm32f4_discovery.o(i.STM_EVAL_PBInit) refers to stm32f4xx_exti.o(i.EXTI_Init) for EXTI_Init
    stm32f4_discovery.o(i.STM_EVAL_PBInit) refers to misc.o(i.NVIC_Init) for NVIC_Init
    stm32f4_discovery.o(i.STM_EVAL_PBInit) refers to stm32f4_discovery.o(.constdata) for .constdata
    stm32f4_discovery.o(i.STM_EVAL_PBInit) refers to stm32f4_discovery.o(.data) for .data
    stm32f4xx_pwr.o(i.PWR_DeInit) refers to stm32f4xx_rcc.o(i.RCC_APB1PeriphResetCmd) for RCC_APB1PeriphResetCmd
    stm32f4xx_adc.o(i.ADC_DeInit) refers to stm32f4xx_rcc.o(i.RCC_APB2PeriphResetCmd) for RCC_APB2PeriphResetCmd
    stm32f4xx_gpio.o(i.GPIO_DeInit) refers to stm32f4xx_rcc.o(i.RCC_AHB1PeriphResetCmd) for RCC_AHB1PeriphResetCmd
    stm32f4xx_usart.o(i.USART_DeInit) refers to stm32f4xx_rcc.o(i.RCC_APB2PeriphResetCmd) for RCC_APB2PeriphResetCmd
    stm32f4xx_usart.o(i.USART_DeInit) refers to stm32f4xx_rcc.o(i.RCC_APB1PeriphResetCmd) for RCC_APB1PeriphResetCmd
    stm32f4xx_usart.o(i.USART_Init) refers to stm32f4xx_rcc.o(i.RCC_GetClocksFreq) for RCC_GetClocksFreq
    stm32f4xx_rcc.o(i.RCC_GetClocksFreq) refers to stm32f4xx_rcc.o(.data) for .data
    stm32f4xx_rcc.o(i.RCC_WaitForHSEStartUp) refers to stm32f4xx_rcc.o(i.RCC_GetFlagStatus) for RCC_GetFlagStatus
    stm32f4xx_sdio.o(i.SDIO_DeInit) refers to stm32f4xx_rcc.o(i.RCC_APB2PeriphResetCmd) for RCC_APB2PeriphResetCmd
    stm32f4xx_syscfg.o(i.SYSCFG_DeInit) refers to stm32f4xx_rcc.o(i.RCC_APB2PeriphResetCmd) for RCC_APB2PeriphResetCmd
    stm32f4xx_tim.o(i.TIM_DeInit) refers to stm32f4xx_rcc.o(i.RCC_APB2PeriphResetCmd) for RCC_APB2PeriphResetCmd
    stm32f4xx_tim.o(i.TIM_DeInit) refers to stm32f4xx_rcc.o(i.RCC_APB1PeriphResetCmd) for RCC_APB1PeriphResetCmd
    stm32f4xx_tim.o(i.TIM_ETRClockMode1Config) refers to stm32f4xx_tim.o(i.TIM_ETRConfig) for TIM_ETRConfig
    stm32f4xx_tim.o(i.TIM_ETRClockMode2Config) refers to stm32f4xx_tim.o(i.TIM_ETRConfig) for TIM_ETRConfig
    stm32f4xx_tim.o(i.TIM_ICInit) refers to stm32f4xx_tim.o(i.TIM_SetIC4Prescaler) for TIM_SetIC4Prescaler
    stm32f4xx_tim.o(i.TIM_ICInit) refers to stm32f4xx_tim.o(i.TI1_Config) for TI1_Config
    stm32f4xx_tim.o(i.TIM_ICInit) refers to stm32f4xx_tim.o(i.TIM_SetIC1Prescaler) for TIM_SetIC1Prescaler
    stm32f4xx_tim.o(i.TIM_ICInit) refers to stm32f4xx_tim.o(i.TI2_Config) for TI2_Config
    stm32f4xx_tim.o(i.TIM_ICInit) refers to stm32f4xx_tim.o(i.TIM_SetIC2Prescaler) for TIM_SetIC2Prescaler
    stm32f4xx_tim.o(i.TIM_ICInit) refers to stm32f4xx_tim.o(i.TIM_SetIC3Prescaler) for TIM_SetIC3Prescaler
    stm32f4xx_tim.o(i.TIM_ITRxExternalClockConfig) refers to stm32f4xx_tim.o(i.TIM_SelectInputTrigger) for TIM_SelectInputTrigger
    stm32f4xx_tim.o(i.TIM_PWMIConfig) refers to stm32f4xx_tim.o(i.TI2_Config) for TI2_Config
    stm32f4xx_tim.o(i.TIM_PWMIConfig) refers to stm32f4xx_tim.o(i.TIM_SetIC2Prescaler) for TIM_SetIC2Prescaler
    stm32f4xx_tim.o(i.TIM_PWMIConfig) refers to stm32f4xx_tim.o(i.TI1_Config) for TI1_Config
    stm32f4xx_tim.o(i.TIM_PWMIConfig) refers to stm32f4xx_tim.o(i.TIM_SetIC1Prescaler) for TIM_SetIC1Prescaler
    stm32f4xx_tim.o(i.TIM_TIxExternalClockConfig) refers to stm32f4xx_tim.o(i.TI1_Config) for TI1_Config
    stm32f4xx_tim.o(i.TIM_TIxExternalClockConfig) refers to stm32f4xx_tim.o(i.TIM_SelectInputTrigger) for TIM_SelectInputTrigger
    stm32f4xx_tim.o(i.TIM_TIxExternalClockConfig) refers to stm32f4xx_tim.o(i.TI2_Config) for TI2_Config
    startup_stm32f4xx.o(RESET) refers to startup_stm32f4xx.o(STACK) for __initial_sp
    startup_stm32f4xx.o(RESET) refers to startup_stm32f4xx.o(.text) for Reset_Handler
    startup_stm32f4xx.o(RESET) refers to stm32f4xx_it.o(i.NMI_Handler) for NMI_Handler
    startup_stm32f4xx.o(RESET) refers to stm32f4xx_it.o(i.HardFault_Handler) for HardFault_Handler
    startup_stm32f4xx.o(RESET) refers to stm32f4xx_it.o(i.MemManage_Handler) for MemManage_Handler
    startup_stm32f4xx.o(RESET) refers to stm32f4xx_it.o(i.BusFault_Handler) for BusFault_Handler
    startup_stm32f4xx.o(RESET) refers to stm32f4xx_it.o(i.UsageFault_Handler) for UsageFault_Handler
    startup_stm32f4xx.o(RESET) refers to stm32f4xx_it.o(i.SVC_Handler) for SVC_Handler
    startup_stm32f4xx.o(RESET) refers to stm32f4xx_it.o(i.DebugMon_Handler) for DebugMon_Handler
    startup_stm32f4xx.o(RESET) refers to stm32f4xx_it.o(i.PendSV_Handler) for PendSV_Handler
    startup_stm32f4xx.o(RESET) refers to stm32f4xx_it.o(i.SysTick_Handler) for SysTick_Handler
    startup_stm32f4xx.o(RESET) refers to stm32f4xx_it.o(i.EXTI0_IRQHandler) for EXTI0_IRQHandler
    startup_stm32f4xx.o(RESET) refers to stm32f4xx_it.o(i.EXTI4_IRQHandler) for EXTI4_IRQHandler
    startup_stm32f4xx.o(RESET) refers to stm32f4xx_it.o(i.EXTI9_5_IRQHandler) for EXTI9_5_IRQHandler
    startup_stm32f4xx.o(RESET) refers to stm32f4xx_it.o(i.USART2_IRQHandler) for USART2_IRQHandler
    startup_stm32f4xx.o(RESET) refers to stm32f4xx_it.o(i.USART3_IRQHandler) for USART3_IRQHandler
    startup_stm32f4xx.o(.text) refers to system_stm32f4xx.o(i.SystemInit) for SystemInit
    startup_stm32f4xx.o(.text) refers to entry.o(.ARM.Collect$$$$00000000) for __main
    entry.o(.ARM.Collect$$$$00000000) refers (Special) to entry7b.o(.ARM.Collect$$$$00000008) for _main_clock
    entry.o(.ARM.Collect$$$$00000000) refers (Special) to entry8.o(.ARM.Collect$$$$00000009) for _main_init
    entry.o(.ARM.Collect$$$$00000000) refers (Special) to entry5.o(.ARM.Collect$$$$00000004) for _main_scatterload
    entry.o(.ARM.Collect$$$$00000000) refers (Special) to entry2.o(.ARM.Collect$$$$00000001) for _main_stk
    strtok.o(.text) refers to strtok.o(.data) for .data
    strtok_r.o(.text) refers to strtok_r.o(.data) for .data
    __0sscanf.o(.text) refers to scanf_char.o(.text) for __vfscanf_char
    __0sscanf.o(.text) refers to _sgetc.o(.text) for _sgetc
    _scanf_int.o(.text) refers to _chval.o(.text) for _chval
    entry2.o(.ARM.Collect$$$$00000001) refers to entry2.o(.ARM.Collect$$$$00002712) for __lit__00000000
    entry2.o(.ARM.Collect$$$$00002712) refers to startup_stm32f4xx.o(STACK) for __initial_sp
    entry2.o(__vectab_stack_and_reset_area) refers to startup_stm32f4xx.o(STACK) for __initial_sp
    entry2.o(__vectab_stack_and_reset_area) refers to entry.o(.ARM.Collect$$$$00000000) for __main
    entry5.o(.ARM.Collect$$$$00000004) refers to init.o(.text) for __scatterload
    entry8.o(.ARM.Collect$$$$00000009) refers to main.o(i.main) for main
    scanf_char.o(.text) refers to _scanf.o(.text) for __vfscanf
    scanf_char.o(.text) refers to isspace_c.o(.text) for isspace
    init.o(.text) refers to entry5.o(.ARM.Collect$$$$00000004) for __main_after_scatterload
    isspace_c.o(.text) refers to ctype_c.o(.text) for __ctype_lookup
    _scanf.o(.text) refers (Weak) to _scanf_int.o(.text) for _scanf_int
    ctype_c.o(.text) refers to ctype_c.o(.constdata) for .constdata


==============================================================================

Removing Unused input sections from the image.

    Removing main.o(.emb_text), (8 bytes).
    Removing main.o(.data), (4 bytes).
    Removing system_stm32f4xx.o(.emb_text), (8 bytes).
    Removing system_stm32f4xx.o(i.SystemCoreClockUpdate), (120 bytes).
    Removing stm32f4xx_it.o(.emb_text), (8 bytes).
    Removing stm32f4xx_it.o(.data), (1 bytes).
    Removing main_init.o(.emb_text), (8 bytes).
    Removing main_init.o(.bss), (16 bytes).
    Removing main_init.o(.data), (8 bytes).
    Removing usart.o(.emb_text), (8 bytes).
    Removing delay.o(.emb_text), (8 bytes).
    Removing candle_position.o(.emb_text), (8 bytes).
    Removing candle_position.o(i.candle_position), (124 bytes).
    Removing candle_position.o(.bss), (50 bytes).
    Removing orientation.o(.emb_text), (8 bytes).
    Removing orientation.o(.bss), (50 bytes).
    Removing pwm.o(.emb_text), (8 bytes).
    Removing motor.o(.emb_text), (8 bytes).
    Removing stm32f4_discovery.o(.emb_text), (8 bytes).
    Removing stm32f4_discovery.o(i.STM_EVAL_LEDOff), (24 bytes).
    Removing stm32f4_discovery.o(i.STM_EVAL_PBGetState), (24 bytes).
    Removing stm32f4_discovery.o(.data), (4 bytes).
    Removing misc.o(.emb_text), (8 bytes).
    Removing misc.o(i.NVIC_PriorityGroupConfig), (20 bytes).
    Removing misc.o(i.NVIC_SetVectorTable), (20 bytes).
    Removing misc.o(i.NVIC_SystemLPConfig), (24 bytes).
    Removing misc.o(i.SysTick_CLKSourceConfig), (24 bytes).
    Removing stm32f4xx_pwr.o(.emb_text), (8 bytes).
    Removing stm32f4xx_pwr.o(i.PWR_BackupAccessCmd), (12 bytes).
    Removing stm32f4xx_pwr.o(i.PWR_BackupRegulatorCmd), (12 bytes).
    Removing stm32f4xx_pwr.o(i.PWR_ClearFlag), (16 bytes).
    Removing stm32f4xx_pwr.o(i.PWR_DeInit), (24 bytes).
    Removing stm32f4xx_pwr.o(i.PWR_EnterSTANDBYMode), (40 bytes).
    Removing stm32f4xx_pwr.o(i.PWR_EnterSTOPMode), (52 bytes).
    Removing stm32f4xx_pwr.o(i.PWR_FlashPowerDownCmd), (12 bytes).
    Removing stm32f4xx_pwr.o(i.PWR_GetFlagStatus), (20 bytes).
    Removing stm32f4xx_pwr.o(i.PWR_MainRegulatorModeConfig), (28 bytes).
    Removing stm32f4xx_pwr.o(i.PWR_PVDCmd), (12 bytes).
    Removing stm32f4xx_pwr.o(i.PWR_PVDLevelConfig), (20 bytes).
    Removing stm32f4xx_pwr.o(i.PWR_WakeUpPinCmd), (12 bytes).
    Removing stm32f4xx_adc.o(.emb_text), (8 bytes).
    Removing stm32f4xx_adc.o(i.ADC_AnalogWatchdogCmd), (16 bytes).
    Removing stm32f4xx_adc.o(i.ADC_AnalogWatchdogSingleChannelConfig), (12 bytes).
    Removing stm32f4xx_adc.o(i.ADC_AnalogWatchdogThresholdsConfig), (6 bytes).
    Removing stm32f4xx_adc.o(i.ADC_AutoInjectedConvCmd), (20 bytes).
    Removing stm32f4xx_adc.o(i.ADC_ClearFlag), (6 bytes).
    Removing stm32f4xx_adc.o(i.ADC_ClearITPendingBit), (8 bytes).
    Removing stm32f4xx_adc.o(i.ADC_Cmd), (20 bytes).
    Removing stm32f4xx_adc.o(i.ADC_CommonInit), (40 bytes).
    Removing stm32f4xx_adc.o(i.ADC_CommonStructInit), (12 bytes).
    Removing stm32f4xx_adc.o(i.ADC_ContinuousModeCmd), (20 bytes).
    Removing stm32f4xx_adc.o(i.ADC_DMACmd), (20 bytes).
    Removing stm32f4xx_adc.o(i.ADC_DMARequestAfterLastTransferCmd), (20 bytes).
    Removing stm32f4xx_adc.o(i.ADC_DeInit), (24 bytes).
    Removing stm32f4xx_adc.o(i.ADC_DiscModeChannelCountConfig), (16 bytes).
    Removing stm32f4xx_adc.o(i.ADC_DiscModeCmd), (20 bytes).
    Removing stm32f4xx_adc.o(i.ADC_EOCOnEachRegularChannelCmd), (20 bytes).
    Removing stm32f4xx_adc.o(i.ADC_ExternalTrigInjectedConvConfig), (12 bytes).
    Removing stm32f4xx_adc.o(i.ADC_ExternalTrigInjectedConvEdgeConfig), (12 bytes).
    Removing stm32f4xx_adc.o(i.ADC_GetConversionValue), (6 bytes).
    Removing stm32f4xx_adc.o(i.ADC_GetFlagStatus), (14 bytes).
    Removing stm32f4xx_adc.o(i.ADC_GetITStatus), (30 bytes).
    Removing stm32f4xx_adc.o(i.ADC_GetInjectedConversionValue), (8 bytes).
    Removing stm32f4xx_adc.o(i.ADC_GetMultiModeConversionValue), (12 bytes).
    Removing stm32f4xx_adc.o(i.ADC_GetSoftwareStartConvStatus), (14 bytes).
    Removing stm32f4xx_adc.o(i.ADC_GetSoftwareStartInjectedConvCmdStatus), (14 bytes).
    Removing stm32f4xx_adc.o(i.ADC_ITConfig), (18 bytes).
    Removing stm32f4xx_adc.o(i.ADC_Init), (76 bytes).
    Removing stm32f4xx_adc.o(i.ADC_InjectedChannelConfig), (74 bytes).
    Removing stm32f4xx_adc.o(i.ADC_InjectedDiscModeCmd), (20 bytes).
    Removing stm32f4xx_adc.o(i.ADC_InjectedSequencerLengthConfig), (16 bytes).
    Removing stm32f4xx_adc.o(i.ADC_MultiModeDMARequestAfterLastTransferCmd), (32 bytes).
    Removing stm32f4xx_adc.o(i.ADC_RegularChannelConfig), (116 bytes).
    Removing stm32f4xx_adc.o(i.ADC_SetInjectedOffset), (4 bytes).
    Removing stm32f4xx_adc.o(i.ADC_SoftwareStartConv), (10 bytes).
    Removing stm32f4xx_adc.o(i.ADC_SoftwareStartInjectedConv), (10 bytes).
    Removing stm32f4xx_adc.o(i.ADC_StructInit), (20 bytes).
    Removing stm32f4xx_adc.o(i.ADC_TempSensorVrefintCmd), (32 bytes).
    Removing stm32f4xx_adc.o(i.ADC_VBATCmd), (32 bytes).
    Removing stm32f4xx_dma.o(.emb_text), (8 bytes).
    Removing stm32f4xx_dma.o(i.DMA_ClearFlag), (44 bytes).
    Removing stm32f4xx_dma.o(i.DMA_ClearITPendingBit), (44 bytes).
    Removing stm32f4xx_dma.o(i.DMA_Cmd), (20 bytes).
    Removing stm32f4xx_dma.o(i.DMA_DeInit), (292 bytes).
    Removing stm32f4xx_dma.o(i.DMA_DoubleBufferModeCmd), (20 bytes).
    Removing stm32f4xx_dma.o(i.DMA_DoubleBufferModeConfig), (22 bytes).
    Removing stm32f4xx_dma.o(i.DMA_FlowControllerConfig), (20 bytes).
    Removing stm32f4xx_dma.o(i.DMA_GetCmdStatus), (14 bytes).
    Removing stm32f4xx_dma.o(i.DMA_GetCurrDataCounter), (6 bytes).
    Removing stm32f4xx_dma.o(i.DMA_GetCurrentMemoryTarget), (14 bytes).
    Removing stm32f4xx_dma.o(i.DMA_GetFIFOStatus), (8 bytes).
    Removing stm32f4xx_dma.o(i.DMA_GetFlagStatus), (52 bytes).
    Removing stm32f4xx_dma.o(i.DMA_GetITStatus), (84 bytes).
    Removing stm32f4xx_dma.o(i.DMA_ITConfig), (44 bytes).
    Removing stm32f4xx_dma.o(i.DMA_Init), (84 bytes).
    Removing stm32f4xx_dma.o(i.DMA_MemoryTargetConfig), (10 bytes).
    Removing stm32f4xx_dma.o(i.DMA_PeriphIncOffsetSizeConfig), (20 bytes).
    Removing stm32f4xx_dma.o(i.DMA_SetCurrDataCounter), (4 bytes).
    Removing stm32f4xx_dma.o(i.DMA_StructInit), (34 bytes).
    Removing stm32f4xx_exti.o(.emb_text), (8 bytes).
    Removing stm32f4xx_exti.o(i.EXTI_ClearFlag), (12 bytes).
    Removing stm32f4xx_exti.o(i.EXTI_DeInit), (36 bytes).
    Removing stm32f4xx_exti.o(i.EXTI_GetFlagStatus), (20 bytes).
    Removing stm32f4xx_exti.o(i.EXTI_StructInit), (14 bytes).
    Removing stm32f4xx_gpio.o(.emb_text), (8 bytes).
    Removing stm32f4xx_gpio.o(i.GPIO_DeInit), (228 bytes).
    Removing stm32f4xx_gpio.o(i.GPIO_PinLockConfig), (16 bytes).
    Removing stm32f4xx_gpio.o(i.GPIO_ReadInputData), (6 bytes).
    Removing stm32f4xx_gpio.o(i.GPIO_ReadOutputData), (6 bytes).
    Removing stm32f4xx_gpio.o(i.GPIO_ReadOutputDataBit), (14 bytes).
    Removing stm32f4xx_gpio.o(i.GPIO_StructInit), (18 bytes).
    Removing stm32f4xx_gpio.o(i.GPIO_ToggleBits), (8 bytes).
    Removing stm32f4xx_gpio.o(i.GPIO_Write), (4 bytes).
    Removing stm32f4xx_gpio.o(i.GPIO_WriteBit), (10 bytes).
    Removing stm32f4xx_usart.o(.emb_text), (8 bytes).
    Removing stm32f4xx_usart.o(i.USART_ClearFlag), (6 bytes).
    Removing stm32f4xx_usart.o(i.USART_ClearITPendingBit), (12 bytes).
    Removing stm32f4xx_usart.o(i.USART_ClockInit), (28 bytes).
    Removing stm32f4xx_usart.o(i.USART_ClockStructInit), (12 bytes).
    Removing stm32f4xx_usart.o(i.USART_DMACmd), (16 bytes).
    Removing stm32f4xx_usart.o(i.USART_DeInit), (140 bytes).
    Removing stm32f4xx_usart.o(i.USART_GetFlagStatus), (14 bytes).
    Removing stm32f4xx_usart.o(i.USART_HalfDuplexCmd), (20 bytes).
    Removing stm32f4xx_usart.o(i.USART_IrDACmd), (20 bytes).
    Removing stm32f4xx_usart.o(i.USART_IrDAConfig), (16 bytes).
    Removing stm32f4xx_usart.o(i.USART_LINBreakDetectLengthConfig), (16 bytes).
    Removing stm32f4xx_usart.o(i.USART_LINCmd), (20 bytes).
    Removing stm32f4xx_usart.o(i.USART_OneBitMethodCmd), (20 bytes).
    Removing stm32f4xx_usart.o(i.USART_OverSampling8Cmd), (20 bytes).
    Removing stm32f4xx_usart.o(i.USART_ReceiveData), (8 bytes).
    Removing stm32f4xx_usart.o(i.USART_ReceiverWakeUpCmd), (20 bytes).
    Removing stm32f4xx_usart.o(i.USART_SendBreak), (10 bytes).
    Removing stm32f4xx_usart.o(i.USART_SetAddress), (16 bytes).
    Removing stm32f4xx_usart.o(i.USART_SetGuardTime), (16 bytes).
    Removing stm32f4xx_usart.o(i.USART_SetPrescaler), (16 bytes).
    Removing stm32f4xx_usart.o(i.USART_SmartCardCmd), (20 bytes).
    Removing stm32f4xx_usart.o(i.USART_SmartCardNACKCmd), (20 bytes).
    Removing stm32f4xx_usart.o(i.USART_StructInit), (22 bytes).
    Removing stm32f4xx_usart.o(i.USART_WakeUpConfig), (16 bytes).
    Removing stm32f4xx_rcc.o(.emb_text), (8 bytes).
    Removing stm32f4xx_rcc.o(i.RCC_AHB1PeriphClockLPModeCmd), (24 bytes).
    Removing stm32f4xx_rcc.o(i.RCC_AHB1PeriphResetCmd), (24 bytes).
    Removing stm32f4xx_rcc.o(i.RCC_AHB2PeriphClockCmd), (24 bytes).
    Removing stm32f4xx_rcc.o(i.RCC_AHB2PeriphClockLPModeCmd), (24 bytes).
    Removing stm32f4xx_rcc.o(i.RCC_AHB2PeriphResetCmd), (24 bytes).
    Removing stm32f4xx_rcc.o(i.RCC_AHB3PeriphClockCmd), (24 bytes).
    Removing stm32f4xx_rcc.o(i.RCC_AHB3PeriphClockLPModeCmd), (24 bytes).
    Removing stm32f4xx_rcc.o(i.RCC_AHB3PeriphResetCmd), (24 bytes).
    Removing stm32f4xx_rcc.o(i.RCC_APB1PeriphClockLPModeCmd), (24 bytes).
    Removing stm32f4xx_rcc.o(i.RCC_APB1PeriphResetCmd), (24 bytes).
    Removing stm32f4xx_rcc.o(i.RCC_APB2PeriphClockLPModeCmd), (24 bytes).
    Removing stm32f4xx_rcc.o(i.RCC_APB2PeriphResetCmd), (24 bytes).
    Removing stm32f4xx_rcc.o(i.RCC_AdjustHSICalibrationValue), (20 bytes).
    Removing stm32f4xx_rcc.o(i.RCC_BackupResetCmd), (12 bytes).
    Removing stm32f4xx_rcc.o(i.RCC_ClearFlag), (16 bytes).
    Removing stm32f4xx_rcc.o(i.RCC_ClearITPendingBit), (12 bytes).
    Removing stm32f4xx_rcc.o(i.RCC_ClockSecuritySystemCmd), (12 bytes).
    Removing stm32f4xx_rcc.o(i.RCC_DeInit), (60 bytes).
    Removing stm32f4xx_rcc.o(i.RCC_GetFlagStatus), (52 bytes).
    Removing stm32f4xx_rcc.o(i.RCC_GetITStatus), (20 bytes).
    Removing stm32f4xx_rcc.o(i.RCC_GetSYSCLKSource), (16 bytes).
    Removing stm32f4xx_rcc.o(i.RCC_HCLKConfig), (20 bytes).
    Removing stm32f4xx_rcc.o(i.RCC_HSEConfig), (16 bytes).
    Removing stm32f4xx_rcc.o(i.RCC_HSICmd), (12 bytes).
    Removing stm32f4xx_rcc.o(i.RCC_I2SCLKConfig), (12 bytes).
    Removing stm32f4xx_rcc.o(i.RCC_ITConfig), (24 bytes).
    Removing stm32f4xx_rcc.o(i.RCC_LSEConfig), (28 bytes).
    Removing stm32f4xx_rcc.o(i.RCC_LSICmd), (12 bytes).
    Removing stm32f4xx_rcc.o(i.RCC_MCO1Config), (20 bytes).
    Removing stm32f4xx_rcc.o(i.RCC_MCO2Config), (20 bytes).
    Removing stm32f4xx_rcc.o(i.RCC_PCLK1Config), (20 bytes).
    Removing stm32f4xx_rcc.o(i.RCC_PCLK2Config), (20 bytes).
    Removing stm32f4xx_rcc.o(i.RCC_PLLCmd), (12 bytes).
    Removing stm32f4xx_rcc.o(i.RCC_PLLConfig), (40 bytes).
    Removing stm32f4xx_rcc.o(i.RCC_PLLI2SCmd), (12 bytes).
    Removing stm32f4xx_rcc.o(i.RCC_PLLI2SConfig), (16 bytes).
    Removing stm32f4xx_rcc.o(i.RCC_RTCCLKCmd), (12 bytes).
    Removing stm32f4xx_rcc.o(i.RCC_RTCCLKConfig), (48 bytes).
    Removing stm32f4xx_rcc.o(i.RCC_SYSCLKConfig), (20 bytes).
    Removing stm32f4xx_rcc.o(i.RCC_WaitForHSEStartUp), (38 bytes).
    Removing stm32f4xx_sdio.o(.emb_text), (8 bytes).
    Removing stm32f4xx_sdio.o(i.SDIO_CEATAITCmd), (16 bytes).
    Removing stm32f4xx_sdio.o(i.SDIO_ClearFlag), (12 bytes).
    Removing stm32f4xx_sdio.o(i.SDIO_ClearITPendingBit), (12 bytes).
    Removing stm32f4xx_sdio.o(i.SDIO_ClockCmd), (12 bytes).
    Removing stm32f4xx_sdio.o(i.SDIO_CmdStructInit), (14 bytes).
    Removing stm32f4xx_sdio.o(i.SDIO_CommandCompletionCmd), (12 bytes).
    Removing stm32f4xx_sdio.o(i.SDIO_DMACmd), (12 bytes).
    Removing stm32f4xx_sdio.o(i.SDIO_DataConfig), (48 bytes).
    Removing stm32f4xx_sdio.o(i.SDIO_DataStructInit), (20 bytes).
    Removing stm32f4xx_sdio.o(i.SDIO_DeInit), (24 bytes).
    Removing stm32f4xx_sdio.o(i.SDIO_GetCommandResponse), (12 bytes).
    Removing stm32f4xx_sdio.o(i.SDIO_GetDataCounter), (12 bytes).
    Removing stm32f4xx_sdio.o(i.SDIO_GetFIFOCount), (12 bytes).
    Removing stm32f4xx_sdio.o(i.SDIO_GetFlagStatus), (20 bytes).
    Removing stm32f4xx_sdio.o(i.SDIO_GetITStatus), (20 bytes).
    Removing stm32f4xx_sdio.o(i.SDIO_GetPowerState), (16 bytes).
    Removing stm32f4xx_sdio.o(i.SDIO_GetResponse), (12 bytes).
    Removing stm32f4xx_sdio.o(i.SDIO_ITConfig), (24 bytes).
    Removing stm32f4xx_sdio.o(i.SDIO_Init), (44 bytes).
    Removing stm32f4xx_sdio.o(i.SDIO_ReadData), (12 bytes).
    Removing stm32f4xx_sdio.o(i.SDIO_SendCEATACmd), (12 bytes).
    Removing stm32f4xx_sdio.o(i.SDIO_SendCommand), (40 bytes).
    Removing stm32f4xx_sdio.o(i.SDIO_SendSDIOSuspendCmd), (12 bytes).
    Removing stm32f4xx_sdio.o(i.SDIO_SetPowerState), (12 bytes).
    Removing stm32f4xx_sdio.o(i.SDIO_SetSDIOOperation), (12 bytes).
    Removing stm32f4xx_sdio.o(i.SDIO_SetSDIOReadWaitMode), (12 bytes).
    Removing stm32f4xx_sdio.o(i.SDIO_StartSDIOReadWait), (12 bytes).
    Removing stm32f4xx_sdio.o(i.SDIO_StopSDIOReadWait), (12 bytes).
    Removing stm32f4xx_sdio.o(i.SDIO_StructInit), (16 bytes).
    Removing stm32f4xx_sdio.o(i.SDIO_WriteData), (12 bytes).
    Removing stm32f4xx_syscfg.o(.emb_text), (8 bytes).
    Removing stm32f4xx_syscfg.o(i.SYSCFG_CompensationCellCmd), (12 bytes).
    Removing stm32f4xx_syscfg.o(i.SYSCFG_DeInit), (24 bytes).
    Removing stm32f4xx_syscfg.o(i.SYSCFG_ETH_MediaInterfaceConfig), (12 bytes).
    Removing stm32f4xx_syscfg.o(i.SYSCFG_GetCompensationCellStatus), (20 bytes).
    Removing stm32f4xx_syscfg.o(i.SYSCFG_MemoryRemapConfig), (12 bytes).
    Removing stm32f4xx_tim.o(.emb_text), (8 bytes).
    Removing stm32f4xx_tim.o(i.TI1_Config), (46 bytes).
    Removing stm32f4xx_tim.o(i.TI2_Config), (54 bytes).
    Removing stm32f4xx_tim.o(i.TIM_BDTRConfig), (34 bytes).
    Removing stm32f4xx_tim.o(i.TIM_BDTRStructInit), (18 bytes).
    Removing stm32f4xx_tim.o(i.TIM_CCPreloadControl), (20 bytes).
    Removing stm32f4xx_tim.o(i.TIM_CCxCmd), (22 bytes).
    Removing stm32f4xx_tim.o(i.TIM_CCxNCmd), (22 bytes).
    Removing stm32f4xx_tim.o(i.TIM_ClearFlag), (6 bytes).
    Removing stm32f4xx_tim.o(i.TIM_ClearITPendingBit), (6 bytes).
    Removing stm32f4xx_tim.o(i.TIM_ClearOC1Ref), (12 bytes).
    Removing stm32f4xx_tim.o(i.TIM_ClearOC2Ref), (20 bytes).
    Removing stm32f4xx_tim.o(i.TIM_ClearOC3Ref), (12 bytes).
    Removing stm32f4xx_tim.o(i.TIM_ClearOC4Ref), (20 bytes).
    Removing stm32f4xx_tim.o(i.TIM_CounterModeConfig), (12 bytes).
    Removing stm32f4xx_tim.o(i.TIM_DMACmd), (16 bytes).
    Removing stm32f4xx_tim.o(i.TIM_DMAConfig), (8 bytes).
    Removing stm32f4xx_tim.o(i.TIM_DeInit), (336 bytes).
    Removing stm32f4xx_tim.o(i.TIM_ETRClockMode1Config), (18 bytes).
    Removing stm32f4xx_tim.o(i.TIM_ETRClockMode2Config), (18 bytes).
    Removing stm32f4xx_tim.o(i.TIM_ETRConfig), (24 bytes).
    Removing stm32f4xx_tim.o(i.TIM_EncoderInterfaceConfig), (50 bytes).
    Removing stm32f4xx_tim.o(i.TIM_ForcedOC1Config), (12 bytes).
    Removing stm32f4xx_tim.o(i.TIM_ForcedOC2Config), (20 bytes).
    Removing stm32f4xx_tim.o(i.TIM_ForcedOC3Config), (12 bytes).
    Removing stm32f4xx_tim.o(i.TIM_ForcedOC4Config), (20 bytes).
    Removing stm32f4xx_tim.o(i.TIM_GenerateEvent), (4 bytes).
    Removing stm32f4xx_tim.o(i.TIM_GetCapture1), (4 bytes).
    Removing stm32f4xx_tim.o(i.TIM_GetCapture2), (4 bytes).
    Removing stm32f4xx_tim.o(i.TIM_GetCapture3), (4 bytes).
    Removing stm32f4xx_tim.o(i.TIM_GetCapture4), (4 bytes).
    Removing stm32f4xx_tim.o(i.TIM_GetCounter), (4 bytes).
    Removing stm32f4xx_tim.o(i.TIM_GetFlagStatus), (14 bytes).
    Removing stm32f4xx_tim.o(i.TIM_GetITStatus), (24 bytes).
    Removing stm32f4xx_tim.o(i.TIM_GetPrescaler), (4 bytes).
    Removing stm32f4xx_tim.o(i.TIM_ICInit), (172 bytes).
    Removing stm32f4xx_tim.o(i.TIM_ICStructInit), (16 bytes).
    Removing stm32f4xx_tim.o(i.TIM_ITConfig), (16 bytes).
    Removing stm32f4xx_tim.o(i.TIM_ITRxExternalClockConfig), (18 bytes).
    Removing stm32f4xx_tim.o(i.TIM_InternalClockConfig), (10 bytes).
    Removing stm32f4xx_tim.o(i.TIM_OC1FastConfig), (12 bytes).
    Removing stm32f4xx_tim.o(i.TIM_OC1NPolarityConfig), (12 bytes).
    Removing stm32f4xx_tim.o(i.TIM_OC1PolarityConfig), (12 bytes).
    Removing stm32f4xx_tim.o(i.TIM_OC2FastConfig), (20 bytes).
    Removing stm32f4xx_tim.o(i.TIM_OC2NPolarityConfig), (20 bytes).
    Removing stm32f4xx_tim.o(i.TIM_OC2PolarityConfig), (20 bytes).
    Removing stm32f4xx_tim.o(i.TIM_OC3FastConfig), (12 bytes).
    Removing stm32f4xx_tim.o(i.TIM_OC3NPolarityConfig), (20 bytes).
    Removing stm32f4xx_tim.o(i.TIM_OC3PolarityConfig), (20 bytes).
    Removing stm32f4xx_tim.o(i.TIM_OC4FastConfig), (20 bytes).
    Removing stm32f4xx_tim.o(i.TIM_OC4Init), (96 bytes).
    Removing stm32f4xx_tim.o(i.TIM_OC4PolarityConfig), (20 bytes).
    Removing stm32f4xx_tim.o(i.TIM_OC4PreloadConfig), (20 bytes).
    Removing stm32f4xx_tim.o(i.TIM_OCStructInit), (20 bytes).
    Removing stm32f4xx_tim.o(i.TIM_PWMIConfig), (108 bytes).
    Removing stm32f4xx_tim.o(i.TIM_PrescalerConfig), (6 bytes).
    Removing stm32f4xx_tim.o(i.TIM_RemapConfig), (6 bytes).
    Removing stm32f4xx_tim.o(i.TIM_SelectCCDMA), (20 bytes).
    Removing stm32f4xx_tim.o(i.TIM_SelectCOM), (20 bytes).
    Removing stm32f4xx_tim.o(i.TIM_SelectHallSensor), (20 bytes).
    Removing stm32f4xx_tim.o(i.TIM_SelectInputTrigger), (12 bytes).
    Removing stm32f4xx_tim.o(i.TIM_SelectMasterSlaveMode), (16 bytes).
    Removing stm32f4xx_tim.o(i.TIM_SelectOCxM), (74 bytes).
    Removing stm32f4xx_tim.o(i.TIM_SelectOnePulseMode), (16 bytes).
    Removing stm32f4xx_tim.o(i.TIM_SelectOutputTrigger), (16 bytes).
    Removing stm32f4xx_tim.o(i.TIM_SelectSlaveMode), (16 bytes).
    Removing stm32f4xx_tim.o(i.TIM_SetAutoreload), (4 bytes).
    Removing stm32f4xx_tim.o(i.TIM_SetClockDivision), (16 bytes).
    Removing stm32f4xx_tim.o(i.TIM_SetCompare1), (4 bytes).
    Removing stm32f4xx_tim.o(i.TIM_SetCompare2), (4 bytes).
    Removing stm32f4xx_tim.o(i.TIM_SetCompare3), (4 bytes).
    Removing stm32f4xx_tim.o(i.TIM_SetCompare4), (4 bytes).
    Removing stm32f4xx_tim.o(i.TIM_SetCounter), (4 bytes).
    Removing stm32f4xx_tim.o(i.TIM_SetIC1Prescaler), (16 bytes).
    Removing stm32f4xx_tim.o(i.TIM_SetIC2Prescaler), (24 bytes).
    Removing stm32f4xx_tim.o(i.TIM_SetIC3Prescaler), (16 bytes).
    Removing stm32f4xx_tim.o(i.TIM_SetIC4Prescaler), (24 bytes).
    Removing stm32f4xx_tim.o(i.TIM_TIxExternalClockConfig), (44 bytes).
    Removing stm32f4xx_tim.o(i.TIM_TimeBaseStructInit), (18 bytes).
    Removing stm32f4xx_tim.o(i.TIM_UpdateDisableConfig), (20 bytes).
    Removing stm32f4xx_tim.o(i.TIM_UpdateRequestConfig), (20 bytes).
    Removing startup_stm32f4xx.o(HEAP), (512 bytes).

299 unused section(s) (total 7595 bytes) removed from the image.

==============================================================================

Image Symbol Table

    Local Symbols

    Symbol Name                              Value     Ov Type        Size  Object(Section)

    ../clib/microlib/ctype/ctype.c           0x00000000   Number         0  ctype_c.o ABSOLUTE
    ../clib/microlib/ctype/ctype.c           0x00000000   Number         0  isspace_c.o ABSOLUTE
    ../clib/microlib/init/entry.s            0x00000000   Number         0  entry.o ABSOLUTE
    ../clib/microlib/init/entry.s            0x00000000   Number         0  entry7a.o ABSOLUTE
    ../clib/microlib/init/entry.s            0x00000000   Number         0  entry8.o ABSOLUTE
    ../clib/microlib/init/entry.s            0x00000000   Number         0  entry7b.o ABSOLUTE
    ../clib/microlib/init/entry.s            0x00000000   Number         0  entry5.o ABSOLUTE
    ../clib/microlib/init/entry.s            0x00000000   Number         0  entry2.o ABSOLUTE
    ../clib/microlib/string/strcmp.c         0x00000000   Number         0  strcmp.o ABSOLUTE
    ../clib/microlib/string/strtok.c         0x00000000   Number         0  strtok.o ABSOLUTE
    ../clib/microlib/string/strtok.c         0x00000000   Number         0  strtok_r.o ABSOLUTE
    ../clib/scanf.c                          0x00000000   Number         0  _sgetc.o ABSOLUTE
    ../clib/scanf.c                          0x00000000   Number         0  _scanf_int.o ABSOLUTE
    ../clib/scanf.c                          0x00000000   Number         0  __0sscanf.o ABSOLUTE
    ../clib/scanf.c                          0x00000000   Number         0  _scanf.o ABSOLUTE
    ../clib/scanf.c                          0x00000000   Number         0  scanf_char.o ABSOLUTE
    ../clib/scanf.c                          0x00000000   Number         0  _chval.o ABSOLUTE
    ..\Libraries\STM32F4xx_StdPeriph_Driver\src\misc.c 0x00000000   Number         0  misc.o ABSOLUTE
    ..\Libraries\STM32F4xx_StdPeriph_Driver\src\stm32f4xx_adc.c 0x00000000   Number         0  stm32f4xx_adc.o ABSOLUTE
    ..\Libraries\STM32F4xx_StdPeriph_Driver\src\stm32f4xx_dma.c 0x00000000   Number         0  stm32f4xx_dma.o ABSOLUTE
    ..\Libraries\STM32F4xx_StdPeriph_Driver\src\stm32f4xx_exti.c 0x00000000   Number         0  stm32f4xx_exti.o ABSOLUTE
    ..\Libraries\STM32F4xx_StdPeriph_Driver\src\stm32f4xx_gpio.c 0x00000000   Number         0  stm32f4xx_gpio.o ABSOLUTE
    ..\Libraries\STM32F4xx_StdPeriph_Driver\src\stm32f4xx_pwr.c 0x00000000   Number         0  stm32f4xx_pwr.o ABSOLUTE
    ..\Libraries\STM32F4xx_StdPeriph_Driver\src\stm32f4xx_rcc.c 0x00000000   Number         0  stm32f4xx_rcc.o ABSOLUTE
    ..\Libraries\STM32F4xx_StdPeriph_Driver\src\stm32f4xx_sdio.c 0x00000000   Number         0  stm32f4xx_sdio.o ABSOLUTE
    ..\Libraries\STM32F4xx_StdPeriph_Driver\src\stm32f4xx_syscfg.c 0x00000000   Number         0  stm32f4xx_syscfg.o ABSOLUTE
    ..\Libraries\STM32F4xx_StdPeriph_Driver\src\stm32f4xx_tim.c 0x00000000   Number         0  stm32f4xx_tim.o ABSOLUTE
    ..\Libraries\STM32F4xx_StdPeriph_Driver\src\stm32f4xx_usart.c 0x00000000   Number         0  stm32f4xx_usart.o ABSOLUTE
    ..\Utilities\STM32F4-Discovery\stm32f4_discovery.c 0x00000000   Number         0  stm32f4_discovery.o ABSOLUTE
    ..\\Libraries\\STM32F4xx_StdPeriph_Driver\\src\\misc.c 0x00000000   Number         0  misc.o ABSOLUTE
    ..\\Libraries\\STM32F4xx_StdPeriph_Driver\\src\\stm32f4xx_adc.c 0x00000000   Number         0  stm32f4xx_adc.o ABSOLUTE
    ..\\Libraries\\STM32F4xx_StdPeriph_Driver\\src\\stm32f4xx_dma.c 0x00000000   Number         0  stm32f4xx_dma.o ABSOLUTE
    ..\\Libraries\\STM32F4xx_StdPeriph_Driver\\src\\stm32f4xx_exti.c 0x00000000   Number         0  stm32f4xx_exti.o ABSOLUTE
    ..\\Libraries\\STM32F4xx_StdPeriph_Driver\\src\\stm32f4xx_gpio.c 0x00000000   Number         0  stm32f4xx_gpio.o ABSOLUTE
    ..\\Libraries\\STM32F4xx_StdPeriph_Driver\\src\\stm32f4xx_pwr.c 0x00000000   Number         0  stm32f4xx_pwr.o ABSOLUTE
    ..\\Libraries\\STM32F4xx_StdPeriph_Driver\\src\\stm32f4xx_rcc.c 0x00000000   Number         0  stm32f4xx_rcc.o ABSOLUTE
    ..\\Libraries\\STM32F4xx_StdPeriph_Driver\\src\\stm32f4xx_sdio.c 0x00000000   Number         0  stm32f4xx_sdio.o ABSOLUTE
    ..\\Libraries\\STM32F4xx_StdPeriph_Driver\\src\\stm32f4xx_syscfg.c 0x00000000   Number         0  stm32f4xx_syscfg.o ABSOLUTE
    ..\\Libraries\\STM32F4xx_StdPeriph_Driver\\src\\stm32f4xx_tim.c 0x00000000   Number         0  stm32f4xx_tim.o ABSOLUTE
    ..\\Libraries\\STM32F4xx_StdPeriph_Driver\\src\\stm32f4xx_usart.c 0x00000000   Number         0  stm32f4xx_usart.o ABSOLUTE
    ..\\Utilities\\STM32F4-Discovery\\stm32f4_discovery.c 0x00000000   Number         0  stm32f4_discovery.o ABSOLUTE
    ..\\candle_position.c                    0x00000000   Number         0  candle_position.o ABSOLUTE
    ..\\delay.c                              0x00000000   Number         0  delay.o ABSOLUTE
    ..\\main.c                               0x00000000   Number         0  main.o ABSOLUTE
    ..\\main_init.c                          0x00000000   Number         0  main_init.o ABSOLUTE
    ..\\motor.c                              0x00000000   Number         0  motor.o ABSOLUTE
    ..\\orientation.c                        0x00000000   Number         0  orientation.o ABSOLUTE
    ..\\pwm.c                                0x00000000   Number         0  pwm.o ABSOLUTE
    ..\\stm32f4xx_it.c                       0x00000000   Number         0  stm32f4xx_it.o ABSOLUTE
    ..\\system_stm32f4xx.c                   0x00000000   Number         0  system_stm32f4xx.o ABSOLUTE
    ..\\usart.c                              0x00000000   Number         0  usart.o ABSOLUTE
    ..\candle_position.c                     0x00000000   Number         0  candle_position.o ABSOLUTE
    ..\delay.c                               0x00000000   Number         0  delay.o ABSOLUTE
    ..\main.c                                0x00000000   Number         0  main.o ABSOLUTE
    ..\main_init.c                           0x00000000   Number         0  main_init.o ABSOLUTE
    ..\motor.c                               0x00000000   Number         0  motor.o ABSOLUTE
    ..\orientation.c                         0x00000000   Number         0  orientation.o ABSOLUTE
    ..\pwm.c                                 0x00000000   Number         0  pwm.o ABSOLUTE
    ..\stm32f4xx_it.c                        0x00000000   Number         0  stm32f4xx_it.o ABSOLUTE
    ..\system_stm32f4xx.c                    0x00000000   Number         0  system_stm32f4xx.o ABSOLUTE
    ..\usart.c                               0x00000000   Number         0  usart.o ABSOLUTE
    dc.s                                     0x00000000   Number         0  dc.o ABSOLUTE
    handlers.s                               0x00000000   Number         0  handlers.o ABSOLUTE
    init.s                                   0x00000000   Number         0  init.o ABSOLUTE
    startup_stm32f4xx.s                      0x00000000   Number         0  startup_stm32f4xx.o ABSOLUTE
    RESET                                    0x08000000   Section      392  startup_stm32f4xx.o(RESET)
    .ARM.Collect$$$$00000000                 0x08000188   Section        0  entry.o(.ARM.Collect$$$$00000000)
    .ARM.Collect$$$$00000001                 0x08000188   Section        4  entry2.o(.ARM.Collect$$$$00000001)
    .ARM.Collect$$$$00000004                 0x0800018c   Section        4  entry5.o(.ARM.Collect$$$$00000004)
    .ARM.Collect$$$$00000008                 0x08000190   Section        0  entry7b.o(.ARM.Collect$$$$00000008)
    .ARM.Collect$$$$00000009                 0x08000190   Section        8  entry8.o(.ARM.Collect$$$$00000009)
    .ARM.Collect$$$$00002712                 0x08000198   Section        4  entry2.o(.ARM.Collect$$$$00002712)
    __lit__00000000                          0x08000198   Data           4  entry2.o(.ARM.Collect$$$$00002712)
    .text                                    0x0800019c   Section       36  startup_stm32f4xx.o(.text)
    $v0                                      0x0800019c   Number         0  startup_stm32f4xx.o(.text)
    .text                                    0x080001c0   Section        0  strcmp.o(.text)
    .text                                    0x080001dc   Section        0  strtok.o(.text)
    .text                                    0x08000220   Section        0  __0sscanf.o(.text)
    .text                                    0x08000258   Section        0  _scanf_int.o(.text)
    .text                                    0x080003a8   Section        0  _chval.o(.text)
    .text                                    0x080003c4   Section        0  scanf_char.o(.text)
    _scanf_char_input                        0x080003c5   Thumb Code    12  scanf_char.o(.text)
    .text                                    0x080003ec   Section        0  _sgetc.o(.text)
    .text                                    0x0800042c   Section       36  init.o(.text)
    .text                                    0x08000450   Section        0  isspace_c.o(.text)
    .text                                    0x0800045c   Section        0  _scanf.o(.text)
    .text                                    0x08000788   Section        0  ctype_c.o(.text)
    i.BusFault_Handler                       0x080007b0   Section        0  stm32f4xx_it.o(i.BusFault_Handler)
    i.DebugMon_Handler                       0x080007b2   Section        0  stm32f4xx_it.o(i.DebugMon_Handler)
    i.Delay                                  0x080007b4   Section        0  delay.o(i.Delay)
    i.Delay_tick                             0x080007c4   Section        0  delay.o(i.Delay_tick)
    i.EXTI0_IRQHandler                       0x080007d0   Section        0  stm32f4xx_it.o(i.EXTI0_IRQHandler)
    i.EXTI4_IRQHandler                       0x08000808   Section        0  stm32f4xx_it.o(i.EXTI4_IRQHandler)
    i.EXTI9_5_IRQHandler                     0x08000840   Section        0  stm32f4xx_it.o(i.EXTI9_5_IRQHandler)
    i.EXTI_ClearITPendingBit                 0x080009e4   Section        0  stm32f4xx_exti.o(i.EXTI_ClearITPendingBit)
    i.EXTI_GenerateSWInterrupt               0x080009f0   Section        0  stm32f4xx_exti.o(i.EXTI_GenerateSWInterrupt)
    i.EXTI_GetITStatus                       0x08000a00   Section        0  stm32f4xx_exti.o(i.EXTI_GetITStatus)
    i.EXTI_Init                              0x08000a20   Section        0  stm32f4xx_exti.o(i.EXTI_Init)
    i.GPIO_Init                              0x08000a90   Section        0  stm32f4xx_gpio.o(i.GPIO_Init)
    i.GPIO_PinAFConfig                       0x08000b32   Section        0  stm32f4xx_gpio.o(i.GPIO_PinAFConfig)
    i.GPIO_ReadInputDataBit                  0x08000b52   Section        0  stm32f4xx_gpio.o(i.GPIO_ReadInputDataBit)
    i.GPIO_ResetBits                         0x08000b60   Section        0  stm32f4xx_gpio.o(i.GPIO_ResetBits)
    i.GPIO_SetBits                           0x08000b64   Section        0  stm32f4xx_gpio.o(i.GPIO_SetBits)
    i.HardFault_Handler                      0x08000b68   Section        0  stm32f4xx_it.o(i.HardFault_Handler)
    i.MemManage_Handler                      0x08000b6a   Section        0  stm32f4xx_it.o(i.MemManage_Handler)
    i.NMI_Handler                            0x08000b6c   Section        0  stm32f4xx_it.o(i.NMI_Handler)
    i.NVIC_Init                              0x08000b70   Section        0  misc.o(i.NVIC_Init)
    i.PWM_SetDC                              0x08000bd4   Section        0  pwm.o(i.PWM_SetDC)
    i.PendSV_Handler                         0x08000c04   Section        0  stm32f4xx_it.o(i.PendSV_Handler)
    i.RCC_AHB1PeriphClockCmd                 0x08000c08   Section        0  stm32f4xx_rcc.o(i.RCC_AHB1PeriphClockCmd)
    i.RCC_APB1PeriphClockCmd                 0x08000c20   Section        0  stm32f4xx_rcc.o(i.RCC_APB1PeriphClockCmd)
    i.RCC_APB2PeriphClockCmd                 0x08000c38   Section        0  stm32f4xx_rcc.o(i.RCC_APB2PeriphClockCmd)
    i.RCC_GetClocksFreq                      0x08000c50   Section        0  stm32f4xx_rcc.o(i.RCC_GetClocksFreq)
    i.STM_EVAL_LEDInit                       0x08000ce4   Section        0  stm32f4_discovery.o(i.STM_EVAL_LEDInit)
    i.STM_EVAL_LEDOn                         0x08000d2c   Section        0  stm32f4_discovery.o(i.STM_EVAL_LEDOn)
    i.STM_EVAL_LEDToggle                     0x08000d44   Section        0  stm32f4_discovery.o(i.STM_EVAL_LEDToggle)
    i.STM_EVAL_PBInit                        0x08000d60   Section        0  stm32f4_discovery.o(i.STM_EVAL_PBInit)
    i.SVC_Handler                            0x08000df8   Section        0  stm32f4xx_it.o(i.SVC_Handler)
    i.SYSCFG_EXTILineConfig                  0x08000dfc   Section        0  stm32f4xx_syscfg.o(i.SYSCFG_EXTILineConfig)
    i.SetSysClock                            0x08000e24   Section        0  system_stm32f4xx.o(i.SetSysClock)
    SetSysClock                              0x08000e25   Thumb Code   140  system_stm32f4xx.o(i.SetSysClock)
    i.SysTick_Handler                        0x08000ec0   Section        0  stm32f4xx_it.o(i.SysTick_Handler)
    i.SystemInit                             0x08000ed0   Section        0  system_stm32f4xx.o(i.SystemInit)
    i.TIM_ARRPreloadConfig                   0x08000f20   Section        0  stm32f4xx_tim.o(i.TIM_ARRPreloadConfig)
    i.TIM_Cmd                                0x08000f34   Section        0  stm32f4xx_tim.o(i.TIM_Cmd)
    i.TIM_CtrlPWMOutputs                     0x08000f48   Section        0  stm32f4xx_tim.o(i.TIM_CtrlPWMOutputs)
    i.TIM_OC1Init                            0x08000f60   Section        0  stm32f4xx_tim.o(i.TIM_OC1Init)
    i.TIM_OC1PreloadConfig                   0x08000fc0   Section        0  stm32f4xx_tim.o(i.TIM_OC1PreloadConfig)
    i.TIM_OC2Init                            0x08000fcc   Section        0  stm32f4xx_tim.o(i.TIM_OC2Init)
    i.TIM_OC2PreloadConfig                   0x0800104c   Section        0  stm32f4xx_tim.o(i.TIM_OC2PreloadConfig)
    i.TIM_OC3Init                            0x08001060   Section        0  stm32f4xx_tim.o(i.TIM_OC3Init)
    i.TIM_OC3PreloadConfig                   0x080010dc   Section        0  stm32f4xx_tim.o(i.TIM_OC3PreloadConfig)
    i.TIM_TimeBaseInit                       0x080010e8   Section        0  stm32f4xx_tim.o(i.TIM_TimeBaseInit)
    i.TimingDelay_Decrement                  0x08001164   Section        0  delay.o(i.TimingDelay_Decrement)
    i.USART2_IRQHandler                      0x08001178   Section        0  stm32f4xx_it.o(i.USART2_IRQHandler)
    i.USART3_IRQHandler                      0x08001250   Section        0  stm32f4xx_it.o(i.USART3_IRQHandler)
    i.USART_Cmd                              0x08001294   Section        0  stm32f4xx_usart.o(i.USART_Cmd)
    i.USART_GetITStatus                      0x080012a8   Section        0  stm32f4xx_usart.o(i.USART_GetITStatus)
    i.USART_ITConfig                         0x080012e6   Section        0  stm32f4xx_usart.o(i.USART_ITConfig)
    i.USART_Init                             0x08001318   Section        0  stm32f4xx_usart.o(i.USART_Init)
    i.USART_SendData                         0x080013d0   Section        0  stm32f4xx_usart.o(i.USART_SendData)
    i.USART_puts                             0x080013d8   Section        0  usart.o(i.USART_puts)
    i.UsageFault_Handler                     0x080013fa   Section        0  stm32f4xx_it.o(i.UsageFault_Handler)
    i.__scatterload_copy                     0x080013fc   Section       14  handlers.o(i.__scatterload_copy)
    i.__scatterload_null                     0x0800140a   Section        2  handlers.o(i.__scatterload_null)
    i.__scatterload_zeroinit                 0x0800140c   Section       14  handlers.o(i.__scatterload_zeroinit)
    i.blow                                   0x0800141a   Section        0  pwm.o(i.blow)
    i.check_ultrasound                       0x08001498   Section        0  orientation.o(i.check_ultrasound)
    i.init_ALL                               0x0800155c   Section        0  main_init.o(i.init_ALL)
    i.init_PWM                               0x08001586   Section        0  main_init.o(i.init_PWM)
    i.init_PWM_GPIO                          0x080015b0   Section        0  main_init.o(i.init_PWM_GPIO)
    i.init_PWM_Timer                         0x08001610   Section        0  main_init.o(i.init_PWM_Timer)
    i.init_SysTick                           0x080016a8   Section        0  main_init.o(i.init_SysTick)
    i.init_USART2                            0x080016e0   Section        0  main_init.o(i.init_USART2)
    i.init_USART3                            0x08001780   Section        0  main_init.o(i.init_USART3)
    i.init_discovery_board                   0x08001820   Section        0  main_init.o(i.init_discovery_board)
    i.init_exti                              0x0800185e   Section        0  main_init.o(i.init_exti)
    i.init_exti_GPIO                         0x08001894   Section        0  main_init.o(i.init_exti_GPIO)
    i.init_exti_line6                        0x080018cc   Section        0  main_init.o(i.init_exti_line6)
    i.init_exti_line7                        0x08001908   Section        0  main_init.o(i.init_exti_line7)
    i.init_exti_line8                        0x08001944   Section        0  main_init.o(i.init_exti_line8)
    i.init_exti_line9                        0x08001980   Section        0  main_init.o(i.init_exti_line9)
    i.init_motor                             0x080019bc   Section        0  main_init.o(i.init_motor)
    i.init_motor_GPIO                        0x080019cc   Section        0  main_init.o(i.init_motor_GPIO)
    i.init_motor_encoders_EXTI               0x08001a24   Section        0  main_init.o(i.init_motor_encoders_EXTI)
    i.init_ultrasonic                        0x08001a80   Section        0  main_init.o(i.init_ultrasonic)
    i.init_ultrasonic_pins                   0x08001a94   Section        0  main_init.o(i.init_ultrasonic_pins)
    i.init_ultrasonic_timer                  0x08001aec   Section        0  main_init.o(i.init_ultrasonic_timer)
    i.main                                   0x08001b40   Section        0  main.o(i.main)
    i.move                                   0x08001ba0   Section        0  motor.o(i.move)
    i.read_ultrasound_check                  0x08001c18   Section        0  orientation.o(i.read_ultrasound_check)
    i.send_ultrasound                        0x08001cb4   Section        0  orientation.o(i.send_ultrasound)
    i.stop                                   0x08001d04   Section        0  motor.o(i.stop)
    .constdata                               0x08001d60   Section       36  stm32f4_discovery.o(.constdata)
    .constdata                               0x08001d84   Section       64  ctype_c.o(.constdata)
    .data                                    0x20000000   Section        4  main.o(.data)
    .data                                    0x20000004   Section       20  system_stm32f4xx.o(.data)
    .data                                    0x20000018   Section       88  stm32f4xx_it.o(.data)
    cnt2                                     0x20000018   Data           2  stm32f4xx_it.o(.data)
    cnt3                                     0x2000001a   Data           2  stm32f4xx_it.o(.data)
    .data                                    0x20000070   Section       68  main_init.o(.data)
    .data                                    0x200000b4   Section        4  delay.o(.data)
    TimingDelay                              0x200000b4   Data           4  delay.o(.data)
    .data                                    0x200000b8   Section        8  orientation.o(.data)
    .data                                    0x200000c0   Section       12  motor.o(.data)
    .data                                    0x200000cc   Section       20  stm32f4_discovery.o(.data)
    .data                                    0x200000e0   Section       16  stm32f4xx_rcc.o(.data)
    APBAHBPrescTable                         0x200000e0   Data          16  stm32f4xx_rcc.o(.data)
    .data                                    0x200000f0   Section        4  strtok.o(.data)
    state                                    0x200000f0   Data           4  strtok.o(.data)
    .bss                                     0x200000f4   Section      102  stm32f4xx_it.o(.bss)
    .bss                                     0x2000015c   Section       60  main_init.o(.bss)
    .bss                                     0x20000198   Section       80  orientation.o(.bss)
    STACK                                    0x200001e8   Section     1024  startup_stm32f4xx.o(STACK)

    Global Symbols

    Symbol Name                              Value     Ov Type        Size  Object(Section)

    BuildAttributes$$THM_ISAv4$E$P$D$K$B$S$7EM$VFPi3$EXTD16$VFPS$VFMA$PE$A:L22UL41UL21$X:L11$S22US41US21$IEEE1$IW$USESV6$~STKCKD$USESV7$~SHL$OSPACE$EBA8$MICROLIB$REQ8$PRES8$EABIv2 0x00000000   Number         0  anon$$obj.o ABSOLUTE
    __ARM_use_no_argv                        0x00000000   Number         0  main.o ABSOLUTE
    __decompress                              - Undefined Weak Reference
    _clock_init                               - Undefined Weak Reference
    _scanf_longlong                           - Undefined Weak Reference
    _scanf_real                               - Undefined Weak Reference
    _scanf_string                             - Undefined Weak Reference
    __Vectors_Size                           0x00000188   Number         0  startup_stm32f4xx.o ABSOLUTE
    __Vectors                                0x08000000   Data           4  startup_stm32f4xx.o(RESET)
    __Vectors_End                            0x08000188   Data           0  startup_stm32f4xx.o(RESET)
    __main                                   0x08000189   Thumb Code     0  entry.o(.ARM.Collect$$$$00000000)
    _main_stk                                0x08000189   Thumb Code     0  entry2.o(.ARM.Collect$$$$00000001)
    _main_scatterload                        0x0800018d   Thumb Code     0  entry5.o(.ARM.Collect$$$$00000004)
    __main_after_scatterload                 0x08000191   Thumb Code     0  entry5.o(.ARM.Collect$$$$00000004)
    _main_clock                              0x08000191   Thumb Code     0  entry7b.o(.ARM.Collect$$$$00000008)
    _main_init                               0x08000191   Thumb Code     0  entry8.o(.ARM.Collect$$$$00000009)
    Reset_Handler                            0x0800019d   Thumb Code     8  startup_stm32f4xx.o(.text)
    ADC_IRQHandler                           0x080001b7   Thumb Code     0  startup_stm32f4xx.o(.text)
    CAN1_RX0_IRQHandler                      0x080001b7   Thumb Code     0  startup_stm32f4xx.o(.text)
    CAN1_RX1_IRQHandler                      0x080001b7   Thumb Code     0  startup_stm32f4xx.o(.text)
    CAN1_SCE_IRQHandler                      0x080001b7   Thumb Code     0  startup_stm32f4xx.o(.text)
    CAN1_TX_IRQHandler                       0x080001b7   Thumb Code     0  startup_stm32f4xx.o(.text)
    CAN2_RX0_IRQHandler                      0x080001b7   Thumb Code     0  startup_stm32f4xx.o(.text)
    CAN2_RX1_IRQHandler                      0x080001b7   Thumb Code     0  startup_stm32f4xx.o(.text)
    CAN2_SCE_IRQHandler                      0x080001b7   Thumb Code     0  startup_stm32f4xx.o(.text)
    CAN2_TX_IRQHandler                       0x080001b7   Thumb Code     0  startup_stm32f4xx.o(.text)
    CRYP_IRQHandler                          0x080001b7   Thumb Code     0  startup_stm32f4xx.o(.text)
    DCMI_IRQHandler                          0x080001b7   Thumb Code     0  startup_stm32f4xx.o(.text)
    DMA1_Stream0_IRQHandler                  0x080001b7   Thumb Code     0  startup_stm32f4xx.o(.text)
    DMA1_Stream1_IRQHandler                  0x080001b7   Thumb Code     0  startup_stm32f4xx.o(.text)
    DMA1_Stream2_IRQHandler                  0x080001b7   Thumb Code     0  startup_stm32f4xx.o(.text)
    DMA1_Stream3_IRQHandler                  0x080001b7   Thumb Code     0  startup_stm32f4xx.o(.text)
    DMA1_Stream4_IRQHandler                  0x080001b7   Thumb Code     0  startup_stm32f4xx.o(.text)
    DMA1_Stream5_IRQHandler                  0x080001b7   Thumb Code     0  startup_stm32f4xx.o(.text)
    DMA1_Stream6_IRQHandler                  0x080001b7   Thumb Code     0  startup_stm32f4xx.o(.text)
    DMA1_Stream7_IRQHandler                  0x080001b7   Thumb Code     0  startup_stm32f4xx.o(.text)
    DMA2_Stream0_IRQHandler                  0x080001b7   Thumb Code     0  startup_stm32f4xx.o(.text)
    DMA2_Stream1_IRQHandler                  0x080001b7   Thumb Code     0  startup_stm32f4xx.o(.text)
    DMA2_Stream2_IRQHandler                  0x080001b7   Thumb Code     0  startup_stm32f4xx.o(.text)
    DMA2_Stream3_IRQHandler                  0x080001b7   Thumb Code     0  startup_stm32f4xx.o(.text)
    DMA2_Stream4_IRQHandler                  0x080001b7   Thumb Code     0  startup_stm32f4xx.o(.text)
    DMA2_Stream5_IRQHandler                  0x080001b7   Thumb Code     0  startup_stm32f4xx.o(.text)
    DMA2_Stream6_IRQHandler                  0x080001b7   Thumb Code     0  startup_stm32f4xx.o(.text)
    DMA2_Stream7_IRQHandler                  0x080001b7   Thumb Code     0  startup_stm32f4xx.o(.text)
    ETH_IRQHandler                           0x080001b7   Thumb Code     0  startup_stm32f4xx.o(.text)
    ETH_WKUP_IRQHandler                      0x080001b7   Thumb Code     0  startup_stm32f4xx.o(.text)
    EXTI15_10_IRQHandler                     0x080001b7   Thumb Code     0  startup_stm32f4xx.o(.text)
    EXTI1_IRQHandler                         0x080001b7   Thumb Code     0  startup_stm32f4xx.o(.text)
    EXTI2_IRQHandler                         0x080001b7   Thumb Code     0  startup_stm32f4xx.o(.text)
    EXTI3_IRQHandler                         0x080001b7   Thumb Code     0  startup_stm32f4xx.o(.text)
    FLASH_IRQHandler                         0x080001b7   Thumb Code     0  startup_stm32f4xx.o(.text)
    FPU_IRQHandler                           0x080001b7   Thumb Code     0  startup_stm32f4xx.o(.text)
    FSMC_IRQHandler                          0x080001b7   Thumb Code     0  startup_stm32f4xx.o(.text)
    HASH_RNG_IRQHandler                      0x080001b7   Thumb Code     0  startup_stm32f4xx.o(.text)
    I2C1_ER_IRQHandler                       0x080001b7   Thumb Code     0  startup_stm32f4xx.o(.text)
    I2C1_EV_IRQHandler                       0x080001b7   Thumb Code     0  startup_stm32f4xx.o(.text)
    I2C2_ER_IRQHandler                       0x080001b7   Thumb Code     0  startup_stm32f4xx.o(.text)
    I2C2_EV_IRQHandler                       0x080001b7   Thumb Code     0  startup_stm32f4xx.o(.text)
    I2C3_ER_IRQHandler                       0x080001b7   Thumb Code     0  startup_stm32f4xx.o(.text)
    I2C3_EV_IRQHandler                       0x080001b7   Thumb Code     0  startup_stm32f4xx.o(.text)
    OTG_FS_IRQHandler                        0x080001b7   Thumb Code     0  startup_stm32f4xx.o(.text)
    OTG_FS_WKUP_IRQHandler                   0x080001b7   Thumb Code     0  startup_stm32f4xx.o(.text)
    OTG_HS_EP1_IN_IRQHandler                 0x080001b7   Thumb Code     0  startup_stm32f4xx.o(.text)
    OTG_HS_EP1_OUT_IRQHandler                0x080001b7   Thumb Code     0  startup_stm32f4xx.o(.text)
    OTG_HS_IRQHandler                        0x080001b7   Thumb Code     0  startup_stm32f4xx.o(.text)
    OTG_HS_WKUP_IRQHandler                   0x080001b7   Thumb Code     0  startup_stm32f4xx.o(.text)
    PVD_IRQHandler                           0x080001b7   Thumb Code     0  startup_stm32f4xx.o(.text)
    RCC_IRQHandler                           0x080001b7   Thumb Code     0  startup_stm32f4xx.o(.text)
    RTC_Alarm_IRQHandler                     0x080001b7   Thumb Code     0  startup_stm32f4xx.o(.text)
    RTC_WKUP_IRQHandler                      0x080001b7   Thumb Code     0  startup_stm32f4xx.o(.text)
    SDIO_IRQHandler                          0x080001b7   Thumb Code     0  startup_stm32f4xx.o(.text)
    SPI1_IRQHandler                          0x080001b7   Thumb Code     0  startup_stm32f4xx.o(.text)
    SPI2_IRQHandler                          0x080001b7   Thumb Code     0  startup_stm32f4xx.o(.text)
    SPI3_IRQHandler                          0x080001b7   Thumb Code     0  startup_stm32f4xx.o(.text)
    TAMP_STAMP_IRQHandler                    0x080001b7   Thumb Code     0  startup_stm32f4xx.o(.text)
    TIM1_BRK_TIM9_IRQHandler                 0x080001b7   Thumb Code     0  startup_stm32f4xx.o(.text)
    TIM1_CC_IRQHandler                       0x080001b7   Thumb Code     0  startup_stm32f4xx.o(.text)
    TIM1_TRG_COM_TIM11_IRQHandler            0x080001b7   Thumb Code     0  startup_stm32f4xx.o(.text)
    TIM1_UP_TIM10_IRQHandler                 0x080001b7   Thumb Code     0  startup_stm32f4xx.o(.text)
    TIM2_IRQHandler                          0x080001b7   Thumb Code     0  startup_stm32f4xx.o(.text)
    TIM3_IRQHandler                          0x080001b7   Thumb Code     0  startup_stm32f4xx.o(.text)
    TIM4_IRQHandler                          0x080001b7   Thumb Code     0  startup_stm32f4xx.o(.text)
    TIM5_IRQHandler                          0x080001b7   Thumb Code     0  startup_stm32f4xx.o(.text)
    TIM6_DAC_IRQHandler                      0x080001b7   Thumb Code     0  startup_stm32f4xx.o(.text)
    TIM7_IRQHandler                          0x080001b7   Thumb Code     0  startup_stm32f4xx.o(.text)
    TIM8_BRK_TIM12_IRQHandler                0x080001b7   Thumb Code     0  startup_stm32f4xx.o(.text)
    TIM8_CC_IRQHandler                       0x080001b7   Thumb Code     0  startup_stm32f4xx.o(.text)
    TIM8_TRG_COM_TIM14_IRQHandler            0x080001b7   Thumb Code     0  startup_stm32f4xx.o(.text)
    TIM8_UP_TIM13_IRQHandler                 0x080001b7   Thumb Code     0  startup_stm32f4xx.o(.text)
    UART4_IRQHandler                         0x080001b7   Thumb Code     0  startup_stm32f4xx.o(.text)
    UART5_IRQHandler                         0x080001b7   Thumb Code     0  startup_stm32f4xx.o(.text)
    USART1_IRQHandler                        0x080001b7   Thumb Code     0  startup_stm32f4xx.o(.text)
    USART6_IRQHandler                        0x080001b7   Thumb Code     0  startup_stm32f4xx.o(.text)
    WWDG_IRQHandler                          0x080001b7   Thumb Code     0  startup_stm32f4xx.o(.text)
    strcmp                                   0x080001c1   Thumb Code    28  strcmp.o(.text)
    strtok                                   0x080001dd   Thumb Code    62  strtok.o(.text)
    __0sscanf                                0x08000221   Thumb Code    48  __0sscanf.o(.text)
    _scanf_int                               0x08000259   Thumb Code   336  _scanf_int.o(.text)
    _chval                                   0x080003a9   Thumb Code    28  _chval.o(.text)
    __vfscanf_char                           0x080003d1   Thumb Code    20  scanf_char.o(.text)
    _sgetc                                   0x080003ed   Thumb Code    30  _sgetc.o(.text)
    _sbackspace                              0x0800040b   Thumb Code    34  _sgetc.o(.text)
    __scatterload                            0x0800042d   Thumb Code    28  init.o(.text)
    __scatterload_rt2                        0x0800042d   Thumb Code     0  init.o(.text)
    isspace                                  0x08000451   Thumb Code    10  isspace_c.o(.text)
    __vfscanf                                0x0800045d   Thumb Code   806  _scanf.o(.text)
    __ctype_lookup                           0x08000789   Thumb Code    34  ctype_c.o(.text)
    BusFault_Handler                         0x080007b1   Thumb Code     2  stm32f4xx_it.o(i.BusFault_Handler)
    DebugMon_Handler                         0x080007b3   Thumb Code     2  stm32f4xx_it.o(i.DebugMon_Handler)
    Delay                                    0x080007b5   Thumb Code    12  delay.o(i.Delay)
    Delay_tick                               0x080007c5   Thumb Code    10  delay.o(i.Delay_tick)
    EXTI0_IRQHandler                         0x080007d1   Thumb Code    48  stm32f4xx_it.o(i.EXTI0_IRQHandler)
    EXTI4_IRQHandler                         0x08000809   Thumb Code    48  stm32f4xx_it.o(i.EXTI4_IRQHandler)
    EXTI9_5_IRQHandler                       0x08000841   Thumb Code   406  stm32f4xx_it.o(i.EXTI9_5_IRQHandler)
    EXTI_ClearITPendingBit                   0x080009e5   Thumb Code     6  stm32f4xx_exti.o(i.EXTI_ClearITPendingBit)
    EXTI_GenerateSWInterrupt                 0x080009f1   Thumb Code    10  stm32f4xx_exti.o(i.EXTI_GenerateSWInterrupt)
    EXTI_GetITStatus                         0x08000a01   Thumb Code    28  stm32f4xx_exti.o(i.EXTI_GetITStatus)
    EXTI_Init                                0x08000a21   Thumb Code   108  stm32f4xx_exti.o(i.EXTI_Init)
    GPIO_Init                                0x08000a91   Thumb Code   162  stm32f4xx_gpio.o(i.GPIO_Init)
    GPIO_PinAFConfig                         0x08000b33   Thumb Code    32  stm32f4xx_gpio.o(i.GPIO_PinAFConfig)
    GPIO_ReadInputDataBit                    0x08000b53   Thumb Code    14  stm32f4xx_gpio.o(i.GPIO_ReadInputDataBit)
    GPIO_ResetBits                           0x08000b61   Thumb Code     4  stm32f4xx_gpio.o(i.GPIO_ResetBits)
    GPIO_SetBits                             0x08000b65   Thumb Code     4  stm32f4xx_gpio.o(i.GPIO_SetBits)
    HardFault_Handler                        0x08000b69   Thumb Code     2  stm32f4xx_it.o(i.HardFault_Handler)
    MemManage_Handler                        0x08000b6b   Thumb Code     2  stm32f4xx_it.o(i.MemManage_Handler)
    NMI_Handler                              0x08000b6d   Thumb Code     2  stm32f4xx_it.o(i.NMI_Handler)
    NVIC_Init                                0x08000b71   Thumb Code    92  misc.o(i.NVIC_Init)
    PWM_SetDC                                0x08000bd5   Thumb Code    42  pwm.o(i.PWM_SetDC)
    PendSV_Handler                           0x08000c05   Thumb Code     2  stm32f4xx_it.o(i.PendSV_Handler)
    RCC_AHB1PeriphClockCmd                   0x08000c09   Thumb Code    18  stm32f4xx_rcc.o(i.RCC_AHB1PeriphClockCmd)
    RCC_APB1PeriphClockCmd                   0x08000c21   Thumb Code    18  stm32f4xx_rcc.o(i.RCC_APB1PeriphClockCmd)
    RCC_APB2PeriphClockCmd                   0x08000c39   Thumb Code    18  stm32f4xx_rcc.o(i.RCC_APB2PeriphClockCmd)
    RCC_GetClocksFreq                        0x08000c51   Thumb Code   134  stm32f4xx_rcc.o(i.RCC_GetClocksFreq)
    STM_EVAL_LEDInit                         0x08000ce5   Thumb Code    62  stm32f4_discovery.o(i.STM_EVAL_LEDInit)
    STM_EVAL_LEDOn                           0x08000d2d   Thumb Code    16  stm32f4_discovery.o(i.STM_EVAL_LEDOn)
    STM_EVAL_LEDToggle                       0x08000d45   Thumb Code    20  stm32f4_discovery.o(i.STM_EVAL_LEDToggle)
    STM_EVAL_PBInit                          0x08000d61   Thumb Code   144  stm32f4_discovery.o(i.STM_EVAL_PBInit)
    SVC_Handler                              0x08000df9   Thumb Code     2  stm32f4xx_it.o(i.SVC_Handler)
    SYSCFG_EXTILineConfig                    0x08000dfd   Thumb Code    34  stm32f4xx_syscfg.o(i.SYSCFG_EXTILineConfig)
    SysTick_Handler                          0x08000ec1   Thumb Code    14  stm32f4xx_it.o(i.SysTick_Handler)
    SystemInit                               0x08000ed1   Thumb Code    62  system_stm32f4xx.o(i.SystemInit)
    TIM_ARRPreloadConfig                     0x08000f21   Thumb Code    20  stm32f4xx_tim.o(i.TIM_ARRPreloadConfig)
    TIM_Cmd                                  0x08000f35   Thumb Code    20  stm32f4xx_tim.o(i.TIM_Cmd)
    TIM_CtrlPWMOutputs                       0x08000f49   Thumb Code    22  stm32f4xx_tim.o(i.TIM_CtrlPWMOutputs)
    TIM_OC1Init                              0x08000f61   Thumb Code    88  stm32f4xx_tim.o(i.TIM_OC1Init)
    TIM_OC1PreloadConfig                     0x08000fc1   Thumb Code    12  stm32f4xx_tim.o(i.TIM_OC1PreloadConfig)
    TIM_OC2Init                              0x08000fcd   Thumb Code   120  stm32f4xx_tim.o(i.TIM_OC2Init)
    TIM_OC2PreloadConfig                     0x0800104d   Thumb Code    20  stm32f4xx_tim.o(i.TIM_OC2PreloadConfig)
    TIM_OC3Init                              0x08001061   Thumb Code   116  stm32f4xx_tim.o(i.TIM_OC3Init)
    TIM_OC3PreloadConfig                     0x080010dd   Thumb Code    12  stm32f4xx_tim.o(i.TIM_OC3PreloadConfig)
    TIM_TimeBaseInit                         0x080010e9   Thumb Code    96  stm32f4xx_tim.o(i.TIM_TimeBaseInit)
    TimingDelay_Decrement                    0x08001165   Thumb Code    16  delay.o(i.TimingDelay_Decrement)
    USART2_IRQHandler                        0x08001179   Thumb Code   168  stm32f4xx_it.o(i.USART2_IRQHandler)
    USART3_IRQHandler                        0x08001251   Thumb Code    54  stm32f4xx_it.o(i.USART3_IRQHandler)
    USART_Cmd                                0x08001295   Thumb Code    20  stm32f4xx_usart.o(i.USART_Cmd)
    USART_GetITStatus                        0x080012a9   Thumb Code    62  stm32f4xx_usart.o(i.USART_GetITStatus)
    USART_ITConfig                           0x080012e7   Thumb Code    48  stm32f4xx_usart.o(i.USART_ITConfig)
    USART_Init                               0x08001319   Thumb Code   174  stm32f4xx_usart.o(i.USART_Init)
    USART_SendData                           0x080013d1   Thumb Code     8  stm32f4xx_usart.o(i.USART_SendData)
    USART_puts                               0x080013d9   Thumb Code    34  usart.o(i.USART_puts)
    UsageFault_Handler                       0x080013fb   Thumb Code     2  stm32f4xx_it.o(i.UsageFault_Handler)
    __scatterload_copy                       0x080013fd   Thumb Code    14  handlers.o(i.__scatterload_copy)
    __scatterload_null                       0x0800140b   Thumb Code     2  handlers.o(i.__scatterload_null)
    __scatterload_zeroinit                   0x0800140d   Thumb Code    14  handlers.o(i.__scatterload_zeroinit)
    blow                                     0x0800141b   Thumb Code   126  pwm.o(i.blow)
    check_ultrasound                         0x08001499   Thumb Code   190  orientation.o(i.check_ultrasound)
    init_ALL                                 0x0800155d   Thumb Code    42  main_init.o(i.init_ALL)
    init_PWM                                 0x08001587   Thumb Code    42  main_init.o(i.init_PWM)
    init_PWM_GPIO                            0x080015b1   Thumb Code    86  main_init.o(i.init_PWM_GPIO)
    init_PWM_Timer                           0x08001611   Thumb Code   136  main_init.o(i.init_PWM_Timer)
    init_SysTick                             0x080016a9   Thumb Code    48  main_init.o(i.init_SysTick)
    init_USART2                              0x080016e1   Thumb Code   142  main_init.o(i.init_USART2)
    init_USART3                              0x08001781   Thumb Code   142  main_init.o(i.init_USART3)
    init_discovery_board                     0x08001821   Thumb Code    62  main_init.o(i.init_discovery_board)
    init_exti                                0x0800185f   Thumb Code    54  main_init.o(i.init_exti)
    init_exti_GPIO                           0x08001895   Thumb Code    48  main_init.o(i.init_exti_GPIO)
    init_exti_line6                          0x080018cd   Thumb Code    54  main_init.o(i.init_exti_line6)
    init_exti_line7                          0x08001909   Thumb Code    54  main_init.o(i.init_exti_line7)
    init_exti_line8                          0x08001945   Thumb Code    56  main_init.o(i.init_exti_line8)
    init_exti_line9                          0x08001981   Thumb Code    56  main_init.o(i.init_exti_line9)
    init_motor                               0x080019bd   Thumb Code    14  main_init.o(i.init_motor)
    init_motor_GPIO                          0x080019cd   Thumb Code    76  main_init.o(i.init_motor_GPIO)
    init_motor_encoders_EXTI                 0x08001a25   Thumb Code    86  main_init.o(i.init_motor_encoders_EXTI)
    init_ultrasonic                          0x08001a81   Thumb Code    18  main_init.o(i.init_ultrasonic)
    init_ultrasonic_pins                     0x08001a95   Thumb Code    70  main_init.o(i.init_ultrasonic_pins)
    init_ultrasonic_timer                    0x08001aed   Thumb Code    68  main_init.o(i.init_ultrasonic_timer)
    main                                     0x08001b41   Thumb Code    86  main.o(i.main)
    move                                     0x08001ba1   Thumb Code   110  motor.o(i.move)
    read_ultrasound_check                    0x08001c19   Thumb Code   140  orientation.o(i.read_ultrasound_check)
    send_ultrasound                          0x08001cb5   Thumb Code    74  orientation.o(i.send_ultrasound)
    stop                                     0x08001d05   Thumb Code    82  motor.o(i.stop)
    BUTTON_PORT_SOURCE                       0x08001d60   Data           1  stm32f4_discovery.o(.constdata)
    BUTTON_PIN_SOURCE                        0x08001d61   Data           1  stm32f4_discovery.o(.constdata)
    BUTTON_IRQn                              0x08001d62   Data           1  stm32f4_discovery.o(.constdata)
    BUTTON_PIN                               0x08001d64   Data           2  stm32f4_discovery.o(.constdata)
    BUTTON_EXTI_LINE                         0x08001d66   Data           2  stm32f4_discovery.o(.constdata)
    BUTTON_CLK                               0x08001d68   Data           4  stm32f4_discovery.o(.constdata)
    GPIO_PIN                                 0x08001d6c   Data           8  stm32f4_discovery.o(.constdata)
    GPIO_CLK                                 0x08001d74   Data          16  stm32f4_discovery.o(.constdata)
    __ctype_categories                       0x08001d84   Data          64  ctype_c.o(.constdata)
    Region$$Table$$Base                      0x08001dc4   Number         0  anon$$obj.o(Region$$Table)
    Region$$Table$$Limit                     0x08001de4   Number         0  anon$$obj.o(Region$$Table)
    pulse_width                              0x20000000   Data           4  main.o(.data)
    SystemCoreClock                          0x20000004   Data           4  system_stm32f4xx.o(.data)
    AHBPrescTable                            0x20000008   Data          16  system_stm32f4xx.o(.data)
    cnt                                      0x2000001c   Data           4  stm32f4xx_it.o(.data)
    left_encoder                             0x20000020   Data           4  stm32f4xx_it.o(.data)
    right_encoder                            0x20000024   Data           4  stm32f4xx_it.o(.data)
    counter_old_9                            0x20000028   Data           4  stm32f4xx_it.o(.data)
    counter_9                                0x2000002c   Data           4  stm32f4xx_it.o(.data)
    distance_9                               0x20000030   Data           4  stm32f4xx_it.o(.data)
    counter_old_8                            0x20000034   Data           4  stm32f4xx_it.o(.data)
    counter_8                                0x20000038   Data           4  stm32f4xx_it.o(.data)
    distance_8                               0x2000003c   Data           4  stm32f4xx_it.o(.data)
    counter_old_7                            0x20000040   Data           4  stm32f4xx_it.o(.data)
    counter_7                                0x20000044   Data           4  stm32f4xx_it.o(.data)
    distance_7                               0x20000048   Data           4  stm32f4xx_it.o(.data)
    counter_old_6                            0x2000004c   Data           4  stm32f4xx_it.o(.data)
    counter_6                                0x20000050   Data           4  stm32f4xx_it.o(.data)
    distance_6                               0x20000054   Data           4  stm32f4xx_it.o(.data)
    s1                                       0x20000058   Data           4  stm32f4xx_it.o(.data)
    rs                                       0x2000005c   Data           4  stm32f4xx_it.o(.data)
    ps                                       0x20000060   Data           4  stm32f4xx_it.o(.data)
    i                                        0x20000064   Data           4  stm32f4xx_it.o(.data)
    candle                                   0x20000068   Data           8  stm32f4xx_it.o(.data)
    NVIC_InitStructure_USART2                0x20000070   Data           4  main_init.o(.data)
    NVIC_InitStructure_USART3                0x20000074   Data           4  main_init.o(.data)
    NVIC_InitStructure_EXTI                  0x20000078   Data           4  main_init.o(.data)
    GPIO_InitStruct_USART2                   0x2000007c   Data           8  main_init.o(.data)
    GPIO_InitStruct_USART3                   0x20000084   Data           8  main_init.o(.data)
    GPIO_InitStructure_Ultrasonic            0x2000008c   Data           8  main_init.o(.data)
    GPIO_InitStructure_EXTI                  0x20000094   Data           8  main_init.o(.data)
    GPIO_InitStructure_PWM                   0x2000009c   Data           8  main_init.o(.data)
    GPIO_InitStructure_Motor                 0x200000a4   Data           8  main_init.o(.data)
    EXTI_InitStructure                       0x200000ac   Data           8  main_init.o(.data)
    ultra_pause                              0x200000b8   Data           4  orientation.o(.data)
    ultra_last_read                          0x200000bc   Data           4  orientation.o(.data)
    pwm                                      0x200000c0   Data           4  motor.o(.data)
    logic1                                   0x200000c4   Data           4  motor.o(.data)
    logic2                                   0x200000c8   Data           4  motor.o(.data)
    BUTTON_PORT                              0x200000cc   Data           4  stm32f4_discovery.o(.data)
    GPIO_PORT                                0x200000d0   Data          16  stm32f4_discovery.o(.data)
    received_string2                         0x200000f4   Data          51  stm32f4xx_it.o(.bss)
    received_string3                         0x20000127   Data          51  stm32f4xx_it.o(.bss)
    USART_InitStruct_USART3                  0x2000015c   Data          16  main_init.o(.bss)
    TIM_TimeBaseStructure_Ultrasonic         0x2000016c   Data          12  main_init.o(.bss)
    TIM_TimeBaseStructure_PWM                0x20000178   Data          12  main_init.o(.bss)
    TIM_OCInitStructure_PWM                  0x20000184   Data          20  main_init.o(.bss)
    distance                                 0x20000198   Data          48  orientation.o(.bss)
    distance_out                             0x200001c8   Data          16  orientation.o(.bss)
    next_wr                                  0x200001d8   Data          16  orientation.o(.bss)
    __initial_sp                             0x200005e8   Data           0  startup_stm32f4xx.o(STACK)



==============================================================================

Memory Map of the image

  Image Entry point : 0x08000189

  Load Region LR_IROM1 (Base: 0x08000000, Size: 0x00001ed8, Max: 0x00100000, ABSOLUTE)

    Execution Region ER_IROM1 (Base: 0x08000000, Size: 0x00001de4, Max: 0x00100000, ABSOLUTE)

    Base Addr    Size         Type   Attr      Idx    E Section Name        Object

    0x08000000   0x00000188   Data   RO         2643    RESET               startup_stm32f4xx.o
    0x08000188   0x00000000   Code   RO         2648  * .ARM.Collect$$$$00000000  mc_w.l(entry.o)
    0x08000188   0x00000004   Code   RO         2663    .ARM.Collect$$$$00000001  mc_w.l(entry2.o)
    0x0800018c   0x00000004   Code   RO         2666    .ARM.Collect$$$$00000004  mc_w.l(entry5.o)
    0x08000190   0x00000000   Code   RO         2668    .ARM.Collect$$$$00000008  mc_w.l(entry7b.o)
    0x08000190   0x00000008   Code   RO         2669    .ARM.Collect$$$$00000009  mc_w.l(entry8.o)
    0x08000198   0x00000004   Code   RO         2664    .ARM.Collect$$$$00002712  mc_w.l(entry2.o)
    0x0800019c   0x00000024   Code   RO         2644    .text               startup_stm32f4xx.o
    0x080001c0   0x0000001c   Code   RO         2651    .text               mc_w.l(strcmp.o)
    0x080001dc   0x00000044   Code   RO         2653    .text               mc_w.l(strtok.o)
    0x08000220   0x00000038   Code   RO         2659    .text               mc_w.l(__0sscanf.o)
    0x08000258   0x00000150   Code   RO         2661    .text               mc_w.l(_scanf_int.o)
    0x080003a8   0x0000001c   Code   RO         2670    .text               mc_w.l(_chval.o)
    0x080003c4   0x00000028   Code   RO         2672    .text               mc_w.l(scanf_char.o)
    0x080003ec   0x00000040   Code   RO         2674    .text               mc_w.l(_sgetc.o)
    0x0800042c   0x00000024   Code   RO         2676    .text               mc_w.l(init.o)
    0x08000450   0x0000000a   Code   RO         2678    .text               mc_w.l(isspace_c.o)
    0x0800045a   0x00000002   PAD
    0x0800045c   0x0000032c   Code   RO         2680    .text               mc_w.l(_scanf.o)
    0x08000788   0x00000028   Code   RO         2682    .text               mc_w.l(ctype_c.o)
    0x080007b0   0x00000002   Code   RO          208    i.BusFault_Handler  stm32f4xx_it.o
    0x080007b2   0x00000002   Code   RO          209    i.DebugMon_Handler  stm32f4xx_it.o
    0x080007b4   0x00000010   Code   RO          472    i.Delay             delay.o
    0x080007c4   0x0000000a   Code   RO          473    i.Delay_tick        delay.o
    0x080007ce   0x00000002   PAD
    0x080007d0   0x00000038   Code   RO          210    i.EXTI0_IRQHandler  stm32f4xx_it.o
    0x08000808   0x00000038   Code   RO          211    i.EXTI4_IRQHandler  stm32f4xx_it.o
    0x08000840   0x000001a4   Code   RO          212    i.EXTI9_5_IRQHandler  stm32f4xx_it.o
    0x080009e4   0x0000000c   Code   RO         1234    i.EXTI_ClearITPendingBit  stm32f4xx_exti.o
    0x080009f0   0x00000010   Code   RO         1236    i.EXTI_GenerateSWInterrupt  stm32f4xx_exti.o
    0x08000a00   0x00000020   Code   RO         1238    i.EXTI_GetITStatus  stm32f4xx_exti.o
    0x08000a20   0x00000070   Code   RO         1239    i.EXTI_Init         stm32f4xx_exti.o
    0x08000a90   0x000000a2   Code   RO         1295    i.GPIO_Init         stm32f4xx_gpio.o
    0x08000b32   0x00000020   Code   RO         1296    i.GPIO_PinAFConfig  stm32f4xx_gpio.o
    0x08000b52   0x0000000e   Code   RO         1299    i.GPIO_ReadInputDataBit  stm32f4xx_gpio.o
    0x08000b60   0x00000004   Code   RO         1302    i.GPIO_ResetBits    stm32f4xx_gpio.o
    0x08000b64   0x00000004   Code   RO         1303    i.GPIO_SetBits      stm32f4xx_gpio.o
    0x08000b68   0x00000002   Code   RO          213    i.HardFault_Handler  stm32f4xx_it.o
    0x08000b6a   0x00000002   Code   RO          214    i.MemManage_Handler  stm32f4xx_it.o
    0x08000b6c   0x00000002   Code   RO          215    i.NMI_Handler       stm32f4xx_it.o
    0x08000b6e   0x00000002   PAD
    0x08000b70   0x00000064   Code   RO          662    i.NVIC_Init         misc.o
    0x08000bd4   0x00000030   Code   RO          561    i.PWM_SetDC         pwm.o
    0x08000c04   0x00000002   Code   RO          216    i.PendSV_Handler    stm32f4xx_it.o
    0x08000c06   0x00000002   PAD
    0x08000c08   0x00000018   Code   RO         1578    i.RCC_AHB1PeriphClockCmd  stm32f4xx_rcc.o
    0x08000c20   0x00000018   Code   RO         1587    i.RCC_APB1PeriphClockCmd  stm32f4xx_rcc.o
    0x08000c38   0x00000018   Code   RO         1590    i.RCC_APB2PeriphClockCmd  stm32f4xx_rcc.o
    0x08000c50   0x00000094   Code   RO         1599    i.RCC_GetClocksFreq  stm32f4xx_rcc.o
    0x08000ce4   0x00000048   Code   RO          608    i.STM_EVAL_LEDInit  stm32f4_discovery.o
    0x08000d2c   0x00000018   Code   RO          610    i.STM_EVAL_LEDOn    stm32f4_discovery.o
    0x08000d44   0x0000001c   Code   RO          611    i.STM_EVAL_LEDToggle  stm32f4_discovery.o
    0x08000d60   0x00000098   Code   RO          613    i.STM_EVAL_PBInit   stm32f4_discovery.o
    0x08000df8   0x00000002   Code   RO          217    i.SVC_Handler       stm32f4xx_it.o
    0x08000dfa   0x00000002   PAD
    0x08000dfc   0x00000028   Code   RO         2053    i.SYSCFG_EXTILineConfig  stm32f4xx_syscfg.o
    0x08000e24   0x0000009c   Code   RO          153    i.SetSysClock       system_stm32f4xx.o
    0x08000ec0   0x0000000e   Code   RO          218    i.SysTick_Handler   stm32f4xx_it.o
    0x08000ece   0x00000002   PAD
    0x08000ed0   0x00000050   Code   RO          155    i.SystemInit        system_stm32f4xx.o
    0x08000f20   0x00000014   Code   RO         2098    i.TIM_ARRPreloadConfig  stm32f4xx_tim.o
    0x08000f34   0x00000014   Code   RO         2110    i.TIM_Cmd           stm32f4xx_tim.o
    0x08000f48   0x00000016   Code   RO         2112    i.TIM_CtrlPWMOutputs  stm32f4xx_tim.o
    0x08000f5e   0x00000002   PAD
    0x08000f60   0x00000060   Code   RO         2139    i.TIM_OC1Init       stm32f4xx_tim.o
    0x08000fc0   0x0000000c   Code   RO         2142    i.TIM_OC1PreloadConfig  stm32f4xx_tim.o
    0x08000fcc   0x00000080   Code   RO         2144    i.TIM_OC2Init       stm32f4xx_tim.o
    0x0800104c   0x00000014   Code   RO         2147    i.TIM_OC2PreloadConfig  stm32f4xx_tim.o
    0x08001060   0x0000007c   Code   RO         2149    i.TIM_OC3Init       stm32f4xx_tim.o
    0x080010dc   0x0000000c   Code   RO         2152    i.TIM_OC3PreloadConfig  stm32f4xx_tim.o
    0x080010e8   0x0000007c   Code   RO         2182    i.TIM_TimeBaseInit  stm32f4xx_tim.o
    0x08001164   0x00000014   Code   RO          474    i.TimingDelay_Decrement  delay.o
    0x08001178   0x000000d8   Code   RO          219    i.USART2_IRQHandler  stm32f4xx_it.o
    0x08001250   0x00000044   Code   RO          220    i.USART3_IRQHandler  stm32f4xx_it.o
    0x08001294   0x00000014   Code   RO         1395    i.USART_Cmd         stm32f4xx_usart.o
    0x080012a8   0x0000003e   Code   RO         1399    i.USART_GetITStatus  stm32f4xx_usart.o
    0x080012e6   0x00000030   Code   RO         1401    i.USART_ITConfig    stm32f4xx_usart.o
    0x08001316   0x00000002   PAD
    0x08001318   0x000000b8   Code   RO         1402    i.USART_Init        stm32f4xx_usart.o
    0x080013d0   0x00000008   Code   RO         1412    i.USART_SendData    stm32f4xx_usart.o
    0x080013d8   0x00000022   Code   RO          456    i.USART_puts        usart.o
    0x080013fa   0x00000002   Code   RO          221    i.UsageFault_Handler  stm32f4xx_it.o
    0x080013fc   0x0000000e   Code   RO         2687    i.__scatterload_copy  mc_w.l(handlers.o)
    0x0800140a   0x00000002   Code   RO         2688    i.__scatterload_null  mc_w.l(handlers.o)
    0x0800140c   0x0000000e   Code   RO         2689    i.__scatterload_zeroinit  mc_w.l(handlers.o)
    0x0800141a   0x0000007e   Code   RO          562    i.blow              pwm.o
    0x08001498   0x000000c4   Code   RO          525    i.check_ultrasound  orientation.o
    0x0800155c   0x0000002a   Code   RO          318    i.init_ALL          main_init.o
    0x08001586   0x0000002a   Code   RO          319    i.init_PWM          main_init.o
    0x080015b0   0x00000060   Code   RO          320    i.init_PWM_GPIO     main_init.o
    0x08001610   0x00000098   Code   RO          321    i.init_PWM_Timer    main_init.o
    0x080016a8   0x00000038   Code   RO          322    i.init_SysTick      main_init.o
    0x080016e0   0x000000a0   Code   RO          323    i.init_USART2       main_init.o
    0x08001780   0x000000a0   Code   RO          324    i.init_USART3       main_init.o
    0x08001820   0x0000003e   Code   RO          325    i.init_discovery_board  main_init.o
    0x0800185e   0x00000036   Code   RO          326    i.init_exti         main_init.o
    0x08001894   0x00000038   Code   RO          327    i.init_exti_GPIO    main_init.o
    0x080018cc   0x0000003c   Code   RO          328    i.init_exti_line6   main_init.o
    0x08001908   0x0000003c   Code   RO          329    i.init_exti_line7   main_init.o
    0x08001944   0x0000003c   Code   RO          330    i.init_exti_line8   main_init.o
    0x08001980   0x0000003c   Code   RO          331    i.init_exti_line9   main_init.o
    0x080019bc   0x0000000e   Code   RO          332    i.init_motor        main_init.o
    0x080019ca   0x00000002   PAD
    0x080019cc   0x00000058   Code   RO          333    i.init_motor_GPIO   main_init.o
    0x08001a24   0x0000005c   Code   RO          334    i.init_motor_encoders_EXTI  main_init.o
    0x08001a80   0x00000012   Code   RO          335    i.init_ultrasonic   main_init.o
    0x08001a92   0x00000002   PAD
    0x08001a94   0x00000058   Code   RO          336    i.init_ultrasonic_pins  main_init.o
    0x08001aec   0x00000054   Code   RO          337    i.init_ultrasonic_timer  main_init.o
    0x08001b40   0x00000060   Code   RO            2    i.main              main.o
    0x08001ba0   0x00000078   Code   RO          583    i.move              motor.o
    0x08001c18   0x0000009c   Code   RO          526    i.read_ultrasound_check  orientation.o
    0x08001cb4   0x00000050   Code   RO          527    i.send_ultrasound   orientation.o
    0x08001d04   0x0000005c   Code   RO          584    i.stop              motor.o
    0x08001d60   0x00000024   Data   RO          614    .constdata          stm32f4_discovery.o
    0x08001d84   0x00000040   Data   RO         2683    .constdata          mc_w.l(ctype_c.o)
    0x08001dc4   0x00000020   Data   RO         2685    Region$$Table       anon$$obj.o


    Execution Region RW_IRAM1 (Base: 0x20000000, Size: 0x000005e8, Max: 0x00020000, ABSOLUTE)

    Base Addr    Size         Type   Attr      Idx    E Section Name        Object

    0x20000000   0x00000004   Data   RW            3    .data               main.o
    0x20000004   0x00000014   Data   RW          156    .data               system_stm32f4xx.o
    0x20000018   0x00000058   Data   RW          223    .data               stm32f4xx_it.o
    0x20000070   0x00000044   Data   RW          341    .data               main_init.o
    0x200000b4   0x00000004   Data   RW          475    .data               delay.o
    0x200000b8   0x00000008   Data   RW          530    .data               orientation.o
    0x200000c0   0x0000000c   Data   RW          585    .data               motor.o
    0x200000cc   0x00000014   Data   RW          615    .data               stm32f4_discovery.o
    0x200000e0   0x00000010   Data   RW         1622    .data               stm32f4xx_rcc.o
    0x200000f0   0x00000004   Data   RW         2654    .data               mc_w.l(strtok.o)
    0x200000f4   0x00000066   Zero   RW          222    .bss                stm32f4xx_it.o
    0x2000015a   0x00000002   PAD
    0x2000015c   0x0000003c   Zero   RW          339    .bss                main_init.o
    0x20000198   0x00000050   Zero   RW          528    .bss                orientation.o
    0x200001e8   0x00000400   Zero   RW         2641    STACK               startup_stm32f4xx.o


==============================================================================

Image component sizes


      Code (inc. data)   RO Data    RW Data    ZI Data      Debug   Object Name

        46          8          0          4          0       1465   delay.o
        96         10          0          4          0     248227   main.o
      1504        150          0         68         60      29059   main_init.o
       100          8          0          0          0      15544   misc.o
       212         20          0         12          0       1198   motor.o
       432         28          0          8         80       2487   orientation.o
       174          6          0          0          0        927   pwm.o
        36          8        392          0       1024        736   startup_stm32f4xx.o
       276         34         36         20          0       4488   stm32f4_discovery.o
       172         20          0          0          0       5031   stm32f4xx_exti.o
       216          0          0          0          0       9627   stm32f4xx_gpio.o
       846         92          0         88        102       7855   stm32f4xx_it.o
       220         32          0         16          0      17099   stm32f4xx_rcc.o
        40          6          0          0          0        620   stm32f4xx_syscfg.o
       578         52          0          0          0      27259   stm32f4xx_tim.o
       322         10          0          0          0       9903   stm32f4xx_usart.o
       236         34          0         20          0     212985   system_stm32f4xx.o
        34          0          0          0          0        853   usart.o

    ----------------------------------------------------------------------
      5558        518        460        240       1268     595363   Object Totals
         0          0         32          0          0          0   (incl. Generated)
        18          0          0          0          2          0   (incl. Padding)

    ----------------------------------------------------------------------

      Code (inc. data)   RO Data    RW Data    ZI Data      Debug   Library Member Name

        56          8          0          0          0         84   __0sscanf.o
        28          0          0          0          0         68   _chval.o
       812          6          0          0          0        112   _scanf.o
       336          0          0          0          0         92   _scanf_int.o
        64          0          0          0          0         84   _sgetc.o
        40          6         64          0          0         68   ctype_c.o
         0          0          0          0          0          0   entry.o
         8          4          0          0          0          0   entry2.o
         4          0          0          0          0          0   entry5.o
         0          0          0          0          0          0   entry7b.o
         8          4          0          0          0          0   entry8.o
        30          0          0          0          0          0   handlers.o
        36          8          0          0          0         68   init.o
        10          0          0          0          0         68   isspace_c.o
        40          8          0          0          0         84   scanf_char.o
        28          0          0          0          0         76   strcmp.o
        68          6          0          4          0         80   strtok.o

    ----------------------------------------------------------------------
      1570         50         64          4          0        884   Library Totals
         2          0          0          0          0          0   (incl. Padding)

    ----------------------------------------------------------------------

      Code (inc. data)   RO Data    RW Data    ZI Data      Debug   Library Name

      1568         50         64          4          0        884   mc_w.l

    ----------------------------------------------------------------------
      1570         50         64          4          0        884   Library Totals

    ----------------------------------------------------------------------

==============================================================================


      Code (inc. data)   RO Data    RW Data    ZI Data      Debug   

      7128        568        524        244       1268     588283   Grand Totals
      7128        568        524        244       1268     588283   ELF Image Totals
      7128        568        524        244          0          0   ROM Totals

==============================================================================

    Total RO  Size (Code + RO Data)                 7652 (   7.47kB)
    Total RW  Size (RW Data + ZI Data)              1512 (   1.48kB)
    Total ROM Size (Code + RO Data + RW Data)       7896 (   7.71kB)

==============================================================================

