<html>
<body>
<pre>
<h1>µVision Build Log</h1>
<h2>Project:</h2>
C:\fire-pi\MDK-ARM\Fire_Pi_Final.uvproj
Project File Date:  03/05/2013

<h2>Output:</h2>
Build target 'Fire_Pi_Final'
compiling main.c...
compiling system_stm32f4xx.c...
compiling stm32f4xx_it.c...
compiling main_init.c...
compiling usart.c...
compiling delay.c...
compiling candle_position.c...
compiling orientation.c...
compiling pwm.c...
compiling motor.c...
compiling stm32f4_discovery.c...
compiling misc.c...
compiling stm32f4xx_pwr.c...
compiling stm32f4xx_adc.c...
compiling stm32f4xx_dma.c...
compiling stm32f4xx_exti.c...
compiling stm32f4xx_gpio.c...
compiling stm32f4xx_usart.c...
compiling stm32f4xx_rcc.c...
compiling stm32f4xx_sdio.c...
compiling stm32f4xx_syscfg.c...
compiling stm32f4xx_tim.c...
assembling startup_stm32f4xx.s...
linking...
Program Size: Code=8724 RO-data=524 RW-data=308 ZI-data=1372  
"Fire_Pi_Final.axf" - 0 Error(s), 0 Warning(s).
Load "C:\\fire-pi\\MDK-ARM\\Fire_Pi_Final.AXF" 
Erase Done.
Programming Done.
Verify OK.
Application running ...
Build target 'Fire_Pi_Final'
compiling motor.c...
linking...
Program Size: Code=8712 RO-data=524 RW-data=308 ZI-data=1372  
"Fire_Pi_Final.axf" - 0 Error(s), 0 Warning(s).
Load "C:\\fire-pi\\MDK-ARM\\Fire_Pi_Final.AXF" 
Erase Done.
Programming Done.
Verify OK.
Application running ...
Build target 'Fire_Pi_Final'
compiling motor.c...
linking...
Program Size: Code=8732 RO-data=524 RW-data=312 ZI-data=1368  
"Fire_Pi_Final.axf" - 0 Error(s), 0 Warning(s).
Load "C:\\fire-pi\\MDK-ARM\\Fire_Pi_Final.AXF" 
Erase Done.
Programming Done.
Verify OK.
Application running ...
Build target 'Fire_Pi_Final'
compiling main.c...
compiling system_stm32f4xx.c...
compiling stm32f4xx_it.c...
compiling main_init.c...
compiling usart.c...
compiling delay.c...
compiling candle_position.c...
compiling orientation.c...
compiling pwm.c...
compiling motor.c...
..\motor.c(164): error:  #20: identifier "test" is undefined
compiling stm32f4_discovery.c...
compiling misc.c...
compiling stm32f4xx_pwr.c...
compiling stm32f4xx_adc.c...
compiling stm32f4xx_dma.c...
compiling stm32f4xx_exti.c...
compiling stm32f4xx_gpio.c...
compiling stm32f4xx_usart.c...
compiling stm32f4xx_rcc.c...
compiling stm32f4xx_sdio.c...
compiling stm32f4xx_syscfg.c...
compiling stm32f4xx_tim.c...
assembling startup_stm32f4xx.s...
Target not created
Build target 'Fire_Pi_Final'
compiling motor.c...
linking...
Program Size: Code=8976 RO-data=524 RW-data=308 ZI-data=1372  
"Fire_Pi_Final.axf" - 0 Error(s), 0 Warning(s).
Load "C:\\fire-pi\\MDK-ARM\\Fire_Pi_Final.AXF" 
Erase Done.
Programming Done.
Verify OK.
Application running ...
Build target 'Fire_Pi_Final'
compiling motor.c...
linking...
Program Size: Code=9276 RO-data=524 RW-data=308 ZI-data=1372  
"Fire_Pi_Final.axf" - 0 Error(s), 0 Warning(s).
Load "C:\\fire-pi\\MDK-ARM\\Fire_Pi_Final.AXF" 
Erase Done.
Programming Done.
Verify OK.
Application running ...
Build target 'Fire_Pi_Final'
compiling motor.c...
linking...
Program Size: Code=9276 RO-data=524 RW-data=308 ZI-data=1372  
"Fire_Pi_Final.axf" - 0 Error(s), 0 Warning(s).
Load "C:\\fire-pi\\MDK-ARM\\Fire_Pi_Final.AXF" 
Load "C:\\fire-pi\\MDK-ARM\\Fire_Pi_Final.AXF" 
Erase Done.
Programming Done.
Verify OK.
Application running ...
Build target 'Fire_Pi_Final'
compiling main.c...
compiling motor.c...
linking...
Program Size: Code=9472 RO-data=524 RW-data=308 ZI-data=1372  
"Fire_Pi_Final.axf" - 0 Error(s), 0 Warning(s).
Load "C:\\fire-pi\\MDK-ARM\\Fire_Pi_Final.AXF" 
Erase Done.
Programming Done.
Verify OK.
Application running ...
Build target 'Fire_Pi_Final'
compiling main.c...
linking...
Program Size: Code=9468 RO-data=524 RW-data=308 ZI-data=1372  
"Fire_Pi_Final.axf" - 0 Error(s), 0 Warning(s).
Load "C:\\fire-pi\\MDK-ARM\\Fire_Pi_Final.AXF" 
Erase Done.
Programming Done.
Verify OK.
Application running ...
Build target 'Fire_Pi_Final'
compiling main.c...
compiling motor.c...
linking...
Program Size: Code=9172 RO-data=524 RW-data=308 ZI-data=1372  
"Fire_Pi_Final.axf" - 0 Error(s), 0 Warning(s).
Load "C:\\fire-pi\\MDK-ARM\\Fire_Pi_Final.AXF" 
Erase Done.
Programming Done.
Verify OK.
Application running ...
Build target 'Fire_Pi_Final'
compiling main.c...
linking...
Program Size: Code=9176 RO-data=524 RW-data=308 ZI-data=1372  
"Fire_Pi_Final.axf" - 0 Error(s), 0 Warning(s).
Load "C:\\fire-pi\\MDK-ARM\\Fire_Pi_Final.AXF" 
Erase Done.
Programming Done.
Verify OK.
Application running ...
Build target 'Fire_Pi_Final'
compiling main.c...
compiling motor.c...
linking...
Program Size: Code=9156 RO-data=524 RW-data=308 ZI-data=1372  
"Fire_Pi_Final.axf" - 0 Error(s), 0 Warning(s).
Load "C:\\fire-pi\\MDK-ARM\\Fire_Pi_Final.AXF" 
Erase Done.
Programming Done.
Verify OK.
Application running ...
Build target 'Fire_Pi_Final'
compiling main.c...
compiling programs.c...
..\programs.c(16): error:  #20: identifier "delay" is undefined
..\programs.c(20): error:  #20: identifier "delay" is undefined
..\programs.c(27): error:  #20: identifier "delay" is undefined
..\programs.c(36): error:  #20: identifier "pulse_width" is undefined
..\programs.c(41): warning:  #223-D: function "blow" declared implicitly
..\programs.c(44): warning:  #223-D: function "stop" declared implicitly
..\programs.c(44): error:  #20: identifier "left" is undefined
..\programs.c(45): error:  #20: identifier "right" is undefined
Target not created
Build target 'Fire_Pi_Final'
compiling main.c...
compiling programs.c...
..\programs.c(16): error:  #137: expression must be a modifiable lvalue
..\programs.c(20): error:  #137: expression must be a modifiable lvalue
..\programs.c(27): error:  #20: identifier "delay" is undefined
..\programs.c(36): error:  #20: identifier "pulse_width" is undefined
..\programs.c(41): warning:  #223-D: function "blow" declared implicitly
..\programs.c(44): warning:  #223-D: function "stop" declared implicitly
..\programs.c(44): error:  #20: identifier "left" is undefined
..\programs.c(45): error:  #20: identifier "right" is undefined
Target not created
Build target 'Fire_Pi_Final'
compiling programs.c...
..\programs.c(18): error:  #137: expression must be a modifiable lvalue
..\programs.c(22): error:  #137: expression must be a modifiable lvalue
..\programs.c(29): error:  #20: identifier "delay" is undefined
..\programs.c(38): error:  #20: identifier "pulse_width" is undefined
..\programs.c(43): warning:  #223-D: function "blow" declared implicitly
..\programs.c(46): error:  #165: too few arguments in function call
..\programs.c(47): error:  #165: too few arguments in function call
Target not created
Build target 'Fire_Pi_Final'
compiling programs.c...
..\programs.c(20): error:  #137: expression must be a modifiable lvalue
..\programs.c(24): error:  #137: expression must be a modifiable lvalue
..\programs.c(31): error:  #20: identifier "delay" is undefined
..\programs.c(40): error:  #20: identifier "pulse_width" is undefined
..\programs.c(48): error:  #165: too few arguments in function call
..\programs.c(49): error:  #165: too few arguments in function call
Target not created
Build target 'Fire_Pi_Final'
compiling programs.c...
..\programs.c(20): error:  #137: expression must be a modifiable lvalue
..\programs.c(24): error:  #137: expression must be a modifiable lvalue
..\programs.c(31): error:  #20: identifier "delay" is undefined
Target not created
Build target 'Fire_Pi_Final'
compiling main.c...
compiling programs.c...
linking...
Program Size: Code=8928 RO-data=524 RW-data=308 ZI-data=1372  
"Fire_Pi_Final.axf" - 0 Error(s), 0 Warning(s).
Build target 'Fire_Pi_Final'
compiling main.c...
..\main.c(26): warning:  #223-D: function "loop_wall" declared implicitly
compiling programs.c...
..\programs.c(108): warning:  #1-D: last line of file ends without a newline
linking...
Program Size: Code=8940 RO-data=524 RW-data=308 ZI-data=1372  
"Fire_Pi_Final.axf" - 0 Error(s), 2 Warning(s).
Load "C:\\fire-pi\\MDK-ARM\\Fire_Pi_Final.AXF" 
Erase Done.
Programming Done.
Verify OK.
Application running ...
